[2019-05-26T17:19:28.751+0300][0.014s][debug][gc] ConcGCThreads: 2 offset 16
[2019-05-26T17:19:28.751+0300][0.014s][debug][gc] ParallelGCThreads: 8
[2019-05-26T17:19:28.751+0300][0.014s][debug][gc] Initialize mark stack with 4096 chunks, maximum 16384
[2019-05-26T17:19:28.769+0300][0.032s][info ][gc] Using G1
[2019-05-26T17:19:29.037+0300][0.300s][info ][gc] GC(0) Pause Young (Normal) (G1 Evacuation Pause) 45M->43M(512M) 24.987ms
[2019-05-26T17:19:29.076+0300][0.339s][info ][gc] GC(1) Pause Young (Normal) (G1 Evacuation Pause) 64M->65M(512M) 22.457ms
[2019-05-26T17:19:29.124+0300][0.386s][info ][gc] GC(2) Pause Young (Normal) (G1 Evacuation Pause) 86M->88M(512M) 26.236ms
[2019-05-26T17:19:29.189+0300][0.452s][info ][gc] GC(3) Pause Young (Normal) (G1 Evacuation Pause) 120M->123M(512M) 31.933ms
[2019-05-26T17:19:29.257+0300][0.520s][info ][gc] GC(4) Pause Young (Normal) (G1 Evacuation Pause) 161M->163M(512M) 33.277ms
[2019-05-26T17:19:29.353+0300][0.616s][info ][gc] GC(5) Pause Young (Normal) (G1 Evacuation Pause) 211M->213M(512M) 46.744ms
[2019-05-26T17:19:29.532+0300][0.795s][info ][gc] GC(6) Pause Young (Normal) (G1 Evacuation Pause) 288M->289M(512M) 47.186ms
[2019-05-26T17:19:29.659+0300][0.921s][info ][gc] GC(7) Pause Young (Concurrent Start) (G1 Evacuation Pause) 342M->344M(512M) 66.617ms
[2019-05-26T17:19:29.659+0300][0.922s][info ][gc] GC(8) Concurrent Cycle
[2019-05-26T17:19:29.776+0300][1.038s][info ][gc] GC(9) Pause Young (Normal) (G1 Evacuation Pause) 379M->381M(512M) 40.539ms
[2019-05-26T17:19:29.834+0300][1.096s][info ][gc] GC(10) Pause Young (Normal) (G1 Evacuation Pause) 405M->407M(512M) 27.757ms
[2019-05-26T17:19:29.855+0300][1.117s][debug][gc] GC(8) Reclaimed 239 empty regions
[2019-05-26T17:19:29.855+0300][1.117s][info ][gc] GC(8) Pause Remark 424M->185M(512M) 1.062ms
[2019-05-26T17:19:29.882+0300][1.145s][info ][gc] GC(11) Pause Young (Normal) (G1 Evacuation Pause) 189M->189M(512M) 22.431ms
[2019-05-26T17:19:30.036+0300][1.299s][info ][gc] GC(12) Pause Young (Normal) (G1 Evacuation Pause) 273M->274M(512M) 56.452ms
[2019-05-26T17:19:30.062+0300][1.325s][info ][gc] GC(8) Pause Cleanup 283M->283M(512M) 0.190ms
[2019-05-26T17:19:30.063+0300][1.325s][info ][gc] GC(8) Concurrent Cycle 403.873ms
[2019-05-26T17:19:30.093+0300][1.356s][info ][gc] GC(13) Pause Young (Concurrent Start) (G1 Humongous Allocation) 283M->285M(512M) 17.140ms
[2019-05-26T17:19:30.093+0300][1.356s][info ][gc] GC(14) Concurrent Cycle
[2019-05-26T17:19:30.101+0300][1.364s][debug][gc] GC(14) Reclaimed 252 empty regions
[2019-05-26T17:19:30.101+0300][1.364s][info ][gc] GC(14) Pause Remark 308M->57M(512M) 1.191ms
[2019-05-26T17:19:30.107+0300][1.370s][info ][gc] GC(14) Pause Cleanup 63M->63M(512M) 0.123ms
[2019-05-26T17:19:30.107+0300][1.370s][info ][gc] GC(14) Concurrent Cycle 14.381ms
[2019-05-26T17:19:30.182+0300][1.445s][info ][gc] GC(15) Pause Young (Normal) (G1 Evacuation Pause) 108M->100M(512M) 38.770ms
[2019-05-26T17:19:30.387+0300][1.649s][info ][gc] GC(16) Pause Young (Normal) (G1 Evacuation Pause) 212M->214M(512M) 82.781ms
[2019-05-26T17:19:30.544+0300][1.807s][info ][gc] GC(17) Pause Young (Normal) (G1 Evacuation Pause) 310M->312M(512M) 60.229ms
[2019-05-26T17:19:30.617+0300][1.880s][info ][gc] GC(18) Pause Young (Concurrent Start) (G1 Evacuation Pause) 357M->359M(512M) 41.106ms
[2019-05-26T17:19:30.617+0300][1.880s][info ][gc] GC(19) Concurrent Cycle
[2019-05-26T17:19:30.677+0300][1.939s][info ][gc] GC(20) Pause Young (Normal) (G1 Evacuation Pause) 390M->391M(512M) 28.627ms
[2019-05-26T17:19:30.727+0300][1.989s][info ][gc] GC(21) Pause Young (Normal) (G1 Evacuation Pause) 412M->414M(512M) 24.856ms
[2019-05-26T17:19:30.764+0300][2.027s][info ][gc] GC(22) Pause Young (Normal) (G1 Evacuation Pause) 435M->437M(512M) 19.063ms
[2019-05-26T17:19:30.780+0300][2.043s][debug][gc] GC(19) Reclaimed 253 empty regions
[2019-05-26T17:19:30.780+0300][2.043s][info ][gc] GC(19) Pause Remark 451M->198M(512M) 1.066ms
[2019-05-26T17:19:30.807+0300][2.070s][info ][gc] GC(23) Pause Young (Normal) (G1 Evacuation Pause) 205M->207M(512M) 20.041ms
[2019-05-26T17:19:30.943+0300][2.206s][info ][gc] GC(24) Pause Young (Normal) (G1 Evacuation Pause) 286M->288M(512M) 54.062ms
[2019-05-26T17:19:30.974+0300][2.236s][info ][gc] GC(19) Pause Cleanup 298M->298M(512M) 0.189ms
[2019-05-26T17:19:30.974+0300][2.237s][info ][gc] GC(19) Concurrent Cycle 357.073ms
[2019-05-26T17:19:31.078+0300][2.340s][info ][gc] GC(25) Pause Young (Prepare Mixed) (G1 Evacuation Pause) 361M->363M(512M) 51.567ms
[2019-05-26T17:19:31.111+0300][2.374s][info ][gc] GC(26) Pause Young (Mixed) (G1 Evacuation Pause) 380M->376M(512M) 18.800ms
[2019-05-26T17:19:31.163+0300][2.426s][info ][gc] GC(27) Pause Young (Concurrent Start) (G1 Evacuation Pause) 401M->403M(512M) 24.037ms
[2019-05-26T17:19:31.163+0300][2.426s][info ][gc] GC(28) Concurrent Cycle
[2019-05-26T17:19:31.215+0300][2.478s][info ][gc] GC(29) Pause Young (Normal) (G1 Evacuation Pause) 424M->426M(512M) 24.357ms
[2019-05-26T17:19:31.265+0300][2.528s][info ][gc] GC(30) Pause Young (Normal) (G1 Evacuation Pause) 447M->449M(512M) 24.573ms
[2019-05-26T17:19:31.331+0300][2.594s][info ][gc] GC(31) Pause Young (Normal) (G1 Evacuation Pause) 470M->473M(512M) 28.920ms
[2019-05-26T17:19:31.394+0300][2.657s][info ][gc] GC(32) To-space exhausted
[2019-05-26T17:19:31.394+0300][2.657s][info ][gc] GC(32) Pause Young (Normal) (G1 Evacuation Pause) 494M->501M(512M) 36.174ms
[2019-05-26T17:19:31.449+0300][2.712s][info ][gc] GC(33) To-space exhausted
[2019-05-26T17:19:31.449+0300][2.712s][info ][gc] GC(33) Pause Young (Normal) (G1 Evacuation Pause) 512M->512M(512M) 35.788ms
[2019-05-26T17:19:31.450+0300][2.713s][debug][gc] GC(34) Clear Next Bitmap 0.291ms
[2019-05-26T17:19:31.636+0300][2.899s][info ][gc] GC(34) Pause Full (G1 Evacuation Pause) 512M->200M(512M) 186.332ms
[2019-05-26T17:19:31.637+0300][2.900s][info ][gc] GC(28) Concurrent Cycle 473.999ms
[2019-05-26T17:19:31.862+0300][3.124s][info ][gc] GC(35) Pause Young (Normal) (G1 Evacuation Pause) 302M->303M(512M) 77.111ms
[2019-05-26T17:19:32.174+0300][3.437s][info ][gc] GC(36) Pause Young (Concurrent Start) (G1 Evacuation Pause) 351M->353M(512M) 54.143ms
[2019-05-26T17:19:32.174+0300][3.437s][info ][gc] GC(37) Concurrent Cycle
[2019-05-26T17:19:32.254+0300][3.517s][info ][gc] GC(38) Pause Young (Normal) (G1 Evacuation Pause) 385M->387M(512M) 33.090ms
[2019-05-26T17:19:32.305+0300][3.568s][info ][gc] GC(39) Pause Young (Normal) (G1 Evacuation Pause) 408M->409M(512M) 24.439ms
[2019-05-26T17:19:32.366+0300][3.629s][info ][gc] GC(40) Pause Young (Normal) (G1 Evacuation Pause) 430M->432M(512M) 24.793ms
[2019-05-26T17:19:32.419+0300][3.681s][info ][gc] GC(41) Pause Young (Normal) (G1 Evacuation Pause) 453M->455M(512M) 24.993ms
[2019-05-26T17:19:32.425+0300][3.688s][debug][gc] GC(37) Reclaimed 244 empty regions
[2019-05-26T17:19:32.425+0300][3.688s][info ][gc] GC(37) Pause Remark 459M->219M(512M) 1.198ms
[2019-05-26T17:19:32.473+0300][3.736s][info ][gc] GC(42) Pause Young (Normal) (G1 Evacuation Pause) 236M->237M(512M) 25.193ms
[2019-05-26T17:19:32.653+0300][3.916s][info ][gc] GC(43) Pause Young (Normal) (G1 Evacuation Pause) 327M->329M(512M) 57.090ms
[2019-05-26T17:19:32.735+0300][3.998s][info ][gc] GC(44) Pause Young (Normal) (G1 Evacuation Pause) 369M->371M(512M) 36.237ms
[2019-05-26T17:19:32.760+0300][4.023s][info ][gc] GC(37) Pause Cleanup 395M->395M(512M) 0.176ms
[2019-05-26T17:19:32.761+0300][4.024s][info ][gc] GC(37) Concurrent Cycle 586.655ms
[2019-05-26T17:19:32.794+0300][4.057s][info ][gc] GC(45) Pause Young (Normal) (G1 Evacuation Pause) 398M->399M(512M) 29.521ms
[2019-05-26T17:19:32.836+0300][4.099s][info ][gc] GC(46) Pause Young (Concurrent Start) (G1 Evacuation Pause) 419M->421M(512M) 21.142ms
[2019-05-26T17:19:32.836+0300][4.099s][info ][gc] GC(47) Concurrent Cycle
[2019-05-26T17:19:32.890+0300][4.153s][info ][gc] GC(48) Pause Young (Normal) (G1 Evacuation Pause) 442M->444M(512M) 24.575ms
[2019-05-26T17:19:32.943+0300][4.205s][info ][gc] GC(49) Pause Young (Normal) (G1 Evacuation Pause) 465M->467M(512M) 25.136ms
[2019-05-26T17:19:32.997+0300][4.259s][info ][gc] GC(50) To-space exhausted
[2019-05-26T17:19:32.997+0300][4.260s][info ][gc] GC(50) Pause Young (Normal) (G1 Evacuation Pause) 488M->495M(512M) 30.647ms
[2019-05-26T17:19:33.058+0300][4.321s][info ][gc] GC(51) To-space exhausted
[2019-05-26T17:19:33.058+0300][4.321s][info ][gc] GC(51) Pause Young (Normal) (G1 Evacuation Pause) 511M->511M(512M) 42.288ms
[2019-05-26T17:19:33.059+0300][4.322s][debug][gc] GC(52) Clear Next Bitmap 0.377ms
[2019-05-26T17:19:33.239+0300][4.502s][info ][gc] GC(52) Pause Full (G1 Evacuation Pause) 511M->202M(512M) 180.458ms
[2019-05-26T17:19:33.240+0300][4.503s][info ][gc] GC(47) Concurrent Cycle 403.784ms
[2019-05-26T17:19:33.426+0300][4.689s][info ][gc] GC(53) Pause Young (Normal) (G1 Evacuation Pause) 303M->303M(512M) 66.570ms
[2019-05-26T17:19:33.522+0300][4.785s][info ][gc] GC(54) Pause Young (Concurrent Start) (G1 Evacuation Pause) 351M->354M(512M) 48.477ms
[2019-05-26T17:19:33.522+0300][4.785s][info ][gc] GC(55) Concurrent Cycle
[2019-05-26T17:19:33.581+0300][4.844s][info ][gc] GC(56) Pause Young (Normal) (G1 Evacuation Pause) 386M->387M(512M) 29.305ms
[2019-05-26T17:19:33.623+0300][4.885s][info ][gc] GC(57) Pause Young (Normal) (G1 Evacuation Pause) 408M->410M(512M) 21.460ms
[2019-05-26T17:19:33.663+0300][4.926s][info ][gc] GC(58) Pause Young (Normal) (G1 Evacuation Pause) 431M->433M(512M) 19.306ms
[2019-05-26T17:19:33.704+0300][4.967s][info ][gc] GC(59) Pause Young (Normal) (G1 Evacuation Pause) 454M->456M(512M) 21.515ms
[2019-05-26T17:19:33.718+0300][4.981s][debug][gc] GC(55) Reclaimed 255 empty regions
[2019-05-26T17:19:33.718+0300][4.981s][info ][gc] GC(55) Pause Remark 472M->220M(512M) 0.842ms
[2019-05-26T17:19:33.742+0300][5.005s][info ][gc] GC(60) Pause Young (Normal) (G1 Evacuation Pause) 225M->227M(512M) 19.725ms
[2019-05-26T17:19:33.900+0300][5.163s][info ][gc] GC(61) Pause Young (Normal) (G1 Evacuation Pause) 320M->321M(512M) 50.653ms
[2019-05-26T17:19:33.975+0300][5.238s][info ][gc] GC(62) Pause Young (Normal) (G1 Evacuation Pause) 364M->365M(512M) 38.465ms
[2019-05-26T17:19:34.032+0300][5.295s][info ][gc] GC(63) Pause Young (Normal) (G1 Evacuation Pause) 394M->397M(512M) 26.388ms
[2019-05-26T17:19:34.037+0300][5.300s][info ][gc] GC(55) Pause Cleanup 401M->401M(512M) 0.177ms
[2019-05-26T17:19:34.038+0300][5.301s][info ][gc] GC(55) Concurrent Cycle 515.836ms
[2019-05-26T17:19:34.073+0300][5.336s][info ][gc] GC(64) Pause Young (Normal) (G1 Evacuation Pause) 417M->418M(512M) 20.144ms
[2019-05-26T17:19:34.109+0300][5.372s][info ][gc] GC(65) Pause Young (Concurrent Start) (G1 Evacuation Pause) 439M->441M(512M) 19.018ms
[2019-05-26T17:19:34.109+0300][5.372s][info ][gc] GC(66) Concurrent Cycle
[2019-05-26T17:19:34.150+0300][5.413s][info ][gc] GC(67) Pause Young (Normal) (G1 Evacuation Pause) 462M->464M(512M) 21.098ms
[2019-05-26T17:19:34.188+0300][5.451s][info ][gc] GC(68) Pause Young (Normal) (G1 Evacuation Pause) 485M->486M(512M) 17.745ms
[2019-05-26T17:19:34.253+0300][5.516s][info ][gc] GC(69) To-space exhausted
[2019-05-26T17:19:34.254+0300][5.516s][info ][gc] GC(69) Pause Young (Normal) (G1 Evacuation Pause) 507M->510M(512M) 42.355ms
[2019-05-26T17:19:34.263+0300][5.526s][info ][gc] GC(70) To-space exhausted
[2019-05-26T17:19:34.263+0300][5.526s][info ][gc] GC(70) Pause Young (Normal) (G1 Evacuation Pause) 511M->511M(512M) 8.192ms
[2019-05-26T17:19:34.264+0300][5.527s][debug][gc] GC(71) Clear Next Bitmap 0.360ms
[2019-05-26T17:19:34.435+0300][5.698s][info ][gc] GC(71) Pause Full (G1 Evacuation Pause) 511M->207M(512M) 171.712ms
[2019-05-26T17:19:34.436+0300][5.699s][info ][gc] GC(66) Concurrent Cycle 327.021ms
[2019-05-26T17:19:34.570+0300][5.833s][info ][gc] GC(72) Pause Young (Concurrent Start) (G1 Humongous Allocation) 269M->269M(512M) 48.045ms
[2019-05-26T17:19:34.570+0300][5.833s][info ][gc] GC(73) Concurrent Cycle
[2019-05-26T17:19:34.577+0300][5.840s][debug][gc] GC(73) Reclaimed 255 empty regions
[2019-05-26T17:19:34.577+0300][5.840s][info ][gc] GC(73) Pause Remark 294M->43M(512M) 0.917ms
[2019-05-26T17:19:34.582+0300][5.845s][info ][gc] GC(73) Pause Cleanup 49M->49M(512M) 0.102ms
[2019-05-26T17:19:34.583+0300][5.845s][info ][gc] GC(73) Concurrent Cycle 12.521ms
[2019-05-26T17:19:34.671+0300][5.933s][info ][gc] GC(74) Pause Young (Normal) (G1 Evacuation Pause) 97M->89M(512M) 40.886ms
[2019-05-26T17:19:34.854+0300][6.117s][info ][gc] GC(75) Pause Young (Normal) (G1 Evacuation Pause) 222M->223M(512M) 87.458ms
[2019-05-26T17:19:35.007+0300][6.269s][info ][gc] GC(76) Pause Young (Normal) (G1 Evacuation Pause) 319M->322M(512M) 63.492ms
[2019-05-26T17:19:35.086+0300][6.349s][info ][gc] GC(77) Pause Young (Concurrent Start) (G1 Evacuation Pause) 364M->366M(512M) 39.059ms
[2019-05-26T17:19:35.086+0300][6.349s][info ][gc] GC(78) Concurrent Cycle
[2019-05-26T17:19:35.143+0300][6.405s][info ][gc] GC(79) Pause Young (Normal) (G1 Evacuation Pause) 395M->397M(512M) 29.509ms
[2019-05-26T17:19:35.183+0300][6.445s][info ][gc] GC(80) Pause Young (Normal) (G1 Evacuation Pause) 417M->420M(512M) 20.162ms
[2019-05-26T17:19:35.219+0300][6.481s][info ][gc] GC(81) Pause Young (Normal) (G1 Evacuation Pause) 441M->443M(512M) 18.348ms
[2019-05-26T17:19:35.259+0300][6.521s][info ][gc] GC(82) Pause Young (Normal) (G1 Evacuation Pause) 464M->466M(512M) 21.261ms
[2019-05-26T17:19:35.260+0300][6.523s][debug][gc] GC(78) Reclaimed 271 empty regions
[2019-05-26T17:19:35.261+0300][6.523s][info ][gc] GC(78) Pause Remark 467M->196M(512M) 1.026ms
[2019-05-26T17:19:35.306+0300][6.569s][info ][gc] GC(83) Pause Young (Normal) (G1 Evacuation Pause) 216M->217M(512M) 23.320ms
[2019-05-26T17:19:35.418+0300][6.681s][info ][gc] GC(84) Pause Young (Normal) (G1 Evacuation Pause) 292M->294M(512M) 53.806ms
[2019-05-26T17:19:35.452+0300][6.715s][info ][gc] GC(78) Pause Cleanup 302M->302M(512M) 0.172ms
[2019-05-26T17:19:35.452+0300][6.715s][info ][gc] GC(78) Concurrent Cycle 366.509ms
[2019-05-26T17:19:35.469+0300][6.732s][info ][gc] GC(85) Pause Young (Concurrent Start) (G1 Humongous Allocation) 302M->304M(512M) 13.906ms
[2019-05-26T17:19:35.469+0300][6.732s][info ][gc] GC(86) Concurrent Cycle
[2019-05-26T17:19:35.475+0300][6.738s][debug][gc] GC(86) Reclaimed 291 empty regions
[2019-05-26T17:19:35.475+0300][6.738s][info ][gc] GC(86) Pause Remark 331M->40M(512M) 0.951ms
[2019-05-26T17:19:35.483+0300][6.746s][info ][gc] GC(86) Pause Cleanup 48M->48M(512M) 0.119ms
[2019-05-26T17:19:35.483+0300][6.746s][info ][gc] GC(86) Concurrent Cycle 14.476ms
[2019-05-26T17:19:35.540+0300][6.803s][info ][gc] GC(87) Pause Young (Normal) (G1 Evacuation Pause) 83M->78M(512M) 33.388ms
[2019-05-26T17:19:35.722+0300][6.985s][info ][gc] GC(88) Pause Young (Normal) (G1 Evacuation Pause) 205M->207M(512M) 88.085ms
[2019-05-26T17:19:35.871+0300][7.134s][info ][gc] GC(89) Pause Young (Normal) (G1 Evacuation Pause) 309M->311M(512M) 61.917ms
[2019-05-26T17:19:35.943+0300][7.206s][info ][gc] GC(90) Pause Young (Concurrent Start) (G1 Evacuation Pause) 357M->359M(512M) 39.273ms
[2019-05-26T17:19:35.943+0300][7.206s][info ][gc] GC(91) Concurrent Cycle
[2019-05-26T17:19:36.000+0300][7.263s][info ][gc] GC(92) Pause Young (Normal) (G1 Evacuation Pause) 390M->391M(512M) 24.981ms
[2019-05-26T17:19:36.042+0300][7.305s][info ][gc] GC(93) Pause Young (Normal) (G1 Evacuation Pause) 412M->414M(512M) 21.224ms
[2019-05-26T17:19:36.066+0300][7.329s][debug][gc] GC(91) Reclaimed 275 empty regions
[2019-05-26T17:19:36.066+0300][7.329s][info ][gc] GC(91) Pause Remark 435M->160M(512M) 1.153ms
[2019-05-26T17:19:36.087+0300][7.350s][info ][gc] GC(94) Pause Young (Normal) (G1 Evacuation Pause) 160M->162M(512M) 19.502ms
[2019-05-26T17:19:36.242+0300][7.505s][info ][gc] GC(95) Pause Young (Normal) (G1 Evacuation Pause) 254M->256M(512M) 64.514ms
[2019-05-26T17:19:36.244+0300][7.507s][info ][gc] GC(91) Pause Cleanup 259M->259M(512M) 0.152ms
[2019-05-26T17:19:36.245+0300][7.508s][info ][gc] GC(91) Concurrent Cycle 302.154ms
[2019-05-26T17:19:36.347+0300][7.610s][info ][gc] GC(96) Pause Young (Concurrent Start) (G1 Humongous Allocation) 302M->303M(512M) 38.314ms
[2019-05-26T17:19:36.347+0300][7.610s][info ][gc] GC(97) Concurrent Cycle
[2019-05-26T17:19:36.356+0300][7.618s][debug][gc] GC(97) Reclaimed 286 empty regions
[2019-05-26T17:19:36.356+0300][7.618s][info ][gc] GC(97) Pause Remark 334M->48M(512M) 0.939ms
[2019-05-26T17:19:36.362+0300][7.624s][info ][gc] GC(97) Pause Cleanup 57M->57M(512M) 0.103ms
[2019-05-26T17:19:36.362+0300][7.625s][info ][gc] GC(97) Concurrent Cycle 14.984ms
[2019-05-26T17:19:36.416+0300][7.678s][info ][gc] GC(98) Pause Young (Normal) (G1 Evacuation Pause) 87M->80M(512M) 33.460ms
[2019-05-26T17:19:36.600+0300][7.862s][info ][gc] GC(99) Pause Young (Normal) (G1 Evacuation Pause) 206M->207M(512M) 89.467ms
[2019-05-26T17:19:36.733+0300][7.995s][info ][gc] GC(100) Pause Young (Normal) (G1 Evacuation Pause) 287M->289M(512M) 58.964ms
[2019-05-26T17:19:36.783+0300][8.045s][info ][gc] GC(101) Pause Young (Concurrent Start) (G1 Humongous Allocation) 295M->297M(512M) 14.287ms
[2019-05-26T17:19:36.783+0300][8.045s][info ][gc] GC(102) Concurrent Cycle
[2019-05-26T17:19:36.789+0300][8.051s][debug][gc] GC(102) Reclaimed 285 empty regions
[2019-05-26T17:19:36.789+0300][8.051s][info ][gc] GC(102) Pause Remark 323M->38M(512M) 0.834ms
[2019-05-26T17:19:36.795+0300][8.057s][info ][gc] GC(102) Pause Cleanup 45M->45M(512M) 0.123ms
[2019-05-26T17:19:36.795+0300][8.058s][info ][gc] GC(102) Concurrent Cycle 12.369ms
[2019-05-26T17:19:36.854+0300][8.116s][info ][gc] GC(103) Pause Young (Normal) (G1 Evacuation Pause) 84M->79M(512M) 33.868ms
[2019-05-26T17:19:37.032+0300][8.295s][info ][gc] GC(104) Pause Young (Normal) (G1 Evacuation Pause) 207M->209M(512M) 81.082ms
[2019-05-26T17:19:37.180+0300][8.443s][info ][gc] GC(105) Pause Young (Normal) (G1 Evacuation Pause) 288M->290M(512M) 73.222ms
[2019-05-26T17:19:37.231+0300][8.494s][info ][gc] GC(106) Pause Young (Concurrent Start) (G1 Humongous Allocation) 295M->297M(512M) 18.017ms
[2019-05-26T17:19:37.231+0300][8.494s][info ][gc] GC(107) Concurrent Cycle
[2019-05-26T17:19:37.238+0300][8.500s][debug][gc] GC(107) Reclaimed 286 empty regions
[2019-05-26T17:19:37.238+0300][8.500s][info ][gc] GC(107) Pause Remark 322M->36M(512M) 1.029ms
[2019-05-26T17:19:37.245+0300][8.508s][info ][gc] GC(107) Pause Cleanup 44M->44M(512M) 0.121ms
[2019-05-26T17:19:37.246+0300][8.508s][info ][gc] GC(107) Concurrent Cycle 14.859ms
[2019-05-26T17:19:37.316+0300][8.578s][info ][gc] GC(108) Pause Young (Normal) (G1 Evacuation Pause) 83M->78M(512M) 38.262ms
[2019-05-26T17:19:37.502+0300][8.764s][info ][gc] GC(109) Pause Young (Normal) (G1 Evacuation Pause) 207M->209M(512M) 88.874ms
[2019-05-26T17:19:37.622+0300][8.885s][info ][gc] GC(110) Pause Young (Normal) (G1 Evacuation Pause) 289M->291M(512M) 64.928ms
[2019-05-26T17:19:37.672+0300][8.935s][info ][gc] GC(111) Pause Young (Concurrent Start) (G1 Humongous Allocation) 296M->299M(512M) 16.177ms
[2019-05-26T17:19:37.672+0300][8.935s][info ][gc] GC(112) Concurrent Cycle
[2019-05-26T17:19:37.677+0300][8.940s][debug][gc] GC(112) Reclaimed 288 empty regions
[2019-05-26T17:19:37.677+0300][8.940s][info ][gc] GC(112) Pause Remark 324M->36M(512M) 1.208ms
[2019-05-26T17:19:37.683+0300][8.946s][info ][gc] GC(112) Pause Cleanup 44M->44M(512M) 0.104ms
[2019-05-26T17:19:37.684+0300][8.946s][info ][gc] GC(112) Concurrent Cycle 11.621ms
[2019-05-26T17:19:37.747+0300][9.009s][info ][gc] GC(113) Pause Young (Normal) (G1 Evacuation Pause) 84M->80M(512M) 38.380ms
[2019-05-26T17:19:37.916+0300][9.178s][info ][gc] GC(114) Pause Young (Normal) (G1 Evacuation Pause) 208M->211M(512M) 82.810ms
[2019-05-26T17:19:38.027+0300][9.290s][info ][gc] GC(115) Pause Young (Normal) (G1 Evacuation Pause) 290M->292M(512M) 56.961ms
[2019-05-26T17:19:38.079+0300][9.342s][info ][gc] GC(116) Pause Young (Concurrent Start) (G1 Humongous Allocation) 301M->303M(512M) 15.506ms
[2019-05-26T17:19:38.079+0300][9.342s][info ][gc] GC(117) Concurrent Cycle
[2019-05-26T17:19:38.087+0300][9.349s][debug][gc] GC(117) Reclaimed 284 empty regions
[2019-05-26T17:19:38.087+0300][9.349s][info ][gc] GC(117) Pause Remark 330M->46M(512M) 1.126ms
[2019-05-26T17:19:38.092+0300][9.355s][info ][gc] GC(117) Pause Cleanup 52M->52M(512M) 0.095ms
[2019-05-26T17:19:38.093+0300][9.356s][info ][gc] GC(117) Concurrent Cycle 13.408ms
[2019-05-26T17:19:38.149+0300][9.412s][info ][gc] GC(118) Pause Young (Normal) (G1 Evacuation Pause) 90M->85M(512M) 31.169ms
[2019-05-26T17:19:38.317+0300][9.580s][info ][gc] GC(119) Pause Young (Normal) (G1 Evacuation Pause) 212M->214M(512M) 80.226ms
[2019-05-26T17:19:38.425+0300][9.688s][info ][gc] GC(120) Pause Young (Normal) (G1 Evacuation Pause) 292M->294M(512M) 55.315ms
[2019-05-26T17:19:38.486+0300][9.749s][info ][gc] GC(121) Pause Young (Concurrent Start) (G1 Humongous Allocation) 310M->311M(512M) 19.382ms
[2019-05-26T17:19:38.486+0300][9.749s][info ][gc] GC(122) Concurrent Cycle
[2019-05-26T17:19:38.491+0300][9.754s][debug][gc] GC(122) Reclaimed 297 empty regions
[2019-05-26T17:19:38.491+0300][9.754s][info ][gc] GC(122) Pause Remark 337M->40M(512M) 0.914ms
[2019-05-26T17:19:38.498+0300][9.761s][info ][gc] GC(122) Pause Cleanup 47M->47M(512M) 0.099ms
[2019-05-26T17:19:38.499+0300][9.761s][info ][gc] GC(122) Concurrent Cycle 12.478ms
[2019-05-26T17:19:38.550+0300][9.813s][info ][gc] GC(123) Pause Young (Normal) (G1 Evacuation Pause) 83M->78M(512M) 29.420ms
[2019-05-26T17:19:38.732+0300][9.995s][info ][gc] GC(124) Pause Young (Normal) (G1 Evacuation Pause) 208M->210M(512M) 86.777ms
[2019-05-26T17:19:38.864+0300][10.127s][info ][gc] GC(125) Pause Young (Normal) (G1 Evacuation Pause) 289M->291M(512M) 66.774ms
[2019-05-26T17:19:38.929+0300][10.191s][info ][gc] GC(126) Pause Young (Concurrent Start) (G1 Humongous Allocation) 307M->309M(512M) 21.975ms
[2019-05-26T17:19:38.929+0300][10.192s][info ][gc] GC(127) Concurrent Cycle
[2019-05-26T17:19:38.935+0300][10.198s][debug][gc] GC(127) Reclaimed 293 empty regions
[2019-05-26T17:19:38.935+0300][10.198s][info ][gc] GC(127) Pause Remark 336M->43M(512M) 0.892ms
[2019-05-26T17:19:38.939+0300][10.202s][info ][gc] GC(127) Pause Cleanup 49M->49M(512M) 0.080ms
[2019-05-26T17:19:38.940+0300][10.203s][info ][gc] GC(127) Concurrent Cycle 11.149ms
[2019-05-26T17:19:38.994+0300][10.256s][info ][gc] GC(128) Pause Young (Normal) (G1 Evacuation Pause) 85M->78M(512M) 29.448ms
[2019-05-26T17:19:39.166+0300][10.429s][info ][gc] GC(129) Pause Young (Normal) (G1 Evacuation Pause) 208M->210M(512M) 81.093ms
[2019-05-26T17:19:39.288+0300][10.551s][info ][gc] GC(130) Pause Young (Normal) (G1 Evacuation Pause) 290M->291M(512M) 59.875ms
[2019-05-26T17:19:39.355+0300][10.618s][info ][gc] GC(131) Pause Young (Concurrent Start) (G1 Humongous Allocation) 308M->310M(512M) 23.117ms
[2019-05-26T17:19:39.355+0300][10.618s][info ][gc] GC(132) Concurrent Cycle
[2019-05-26T17:19:39.362+0300][10.625s][debug][gc] GC(132) Reclaimed 292 empty regions
[2019-05-26T17:19:39.362+0300][10.625s][info ][gc] GC(132) Pause Remark 339M->47M(512M) 0.929ms
[2019-05-26T17:19:39.370+0300][10.633s][info ][gc] GC(132) Pause Cleanup 58M->58M(512M) 0.102ms
[2019-05-26T17:19:39.370+0300][10.633s][info ][gc] GC(132) Concurrent Cycle 15.423ms
[2019-05-26T17:19:39.432+0300][10.695s][info ][gc] GC(133) Pause Young (Normal) (G1 Evacuation Pause) 87M->80M(512M) 37.408ms
[2019-05-26T17:19:39.599+0300][10.862s][info ][gc] GC(134) Pause Young (Normal) (G1 Evacuation Pause) 209M->212M(512M) 81.613ms
[2019-05-26T17:19:39.726+0300][10.989s][info ][gc] GC(135) Pause Young (Normal) (G1 Evacuation Pause) 291M->293M(512M) 61.358ms
[2019-05-26T17:19:39.798+0300][11.060s][info ][gc] GC(136) Pause Young (Concurrent Start) (G1 Humongous Allocation) 315M->316M(512M) 26.740ms
[2019-05-26T17:19:39.798+0300][11.060s][info ][gc] GC(137) Concurrent Cycle
[2019-05-26T17:19:39.806+0300][11.068s][debug][gc] GC(137) Reclaimed 298 empty regions
[2019-05-26T17:19:39.806+0300][11.068s][info ][gc] GC(137) Pause Remark 348M->50M(512M) 1.111ms
[2019-05-26T17:19:39.814+0300][11.077s][info ][gc] GC(137) Pause Cleanup 59M->59M(512M) 0.103ms
[2019-05-26T17:19:39.815+0300][11.077s][info ][gc] GC(137) Concurrent Cycle 17.128ms
[2019-05-26T17:19:39.867+0300][11.130s][info ][gc] GC(138) Pause Young (Normal) (G1 Evacuation Pause) 86M->81M(512M) 35.080ms
[2019-05-26T17:19:40.046+0300][11.309s][info ][gc] GC(139) Pause Young (Normal) (G1 Evacuation Pause) 210M->212M(512M) 87.309ms
[2019-05-26T17:19:40.177+0300][11.439s][info ][gc] GC(140) Pause Young (Normal) (G1 Evacuation Pause) 291M->293M(512M) 60.760ms
[2019-05-26T17:19:40.255+0300][11.517s][info ][gc] GC(141) Pause Young (Concurrent Start) (G1 Humongous Allocation) 319M->320M(512M) 25.820ms
[2019-05-26T17:19:40.255+0300][11.517s][info ][gc] GC(142) Concurrent Cycle
[2019-05-26T17:19:40.264+0300][11.526s][debug][gc] GC(142) Reclaimed 304 empty regions
[2019-05-26T17:19:40.264+0300][11.526s][info ][gc] GC(142) Pause Remark 350M->46M(512M) 1.099ms
[2019-05-26T17:19:40.269+0300][11.532s][info ][gc] GC(142) Pause Cleanup 52M->52M(512M) 0.096ms
[2019-05-26T17:19:40.270+0300][11.533s][info ][gc] GC(142) Concurrent Cycle 15.294ms
[2019-05-26T17:19:40.317+0300][11.580s][info ][gc] GC(143) Pause Young (Normal) (G1 Evacuation Pause) 83M->78M(512M) 27.384ms
[2019-05-26T17:19:40.500+0300][11.763s][info ][gc] GC(144) Pause Young (Normal) (G1 Evacuation Pause) 208M->209M(512M) 85.890ms
[2019-05-26T17:19:40.624+0300][11.887s][info ][gc] GC(145) Pause Young (Normal) (G1 Evacuation Pause) 289M->291M(512M) 62.359ms
[2019-05-26T17:19:40.702+0300][11.965s][info ][gc] GC(146) Pause Young (Concurrent Start) (G1 Humongous Allocation) 318M->320M(512M) 29.208ms
[2019-05-26T17:19:40.702+0300][11.965s][info ][gc] GC(147) Concurrent Cycle
[2019-05-26T17:19:40.709+0300][11.972s][debug][gc] GC(147) Reclaimed 302 empty regions
[2019-05-26T17:19:40.710+0300][11.972s][info ][gc] GC(147) Pause Remark 349M->47M(512M) 0.903ms
[2019-05-26T17:19:40.714+0300][11.977s][info ][gc] GC(147) Pause Cleanup 53M->53M(512M) 0.124ms
[2019-05-26T17:19:40.715+0300][11.977s][info ][gc] GC(147) Concurrent Cycle 12.662ms
[2019-05-26T17:19:40.762+0300][12.025s][info ][gc] GC(148) Pause Young (Normal) (G1 Evacuation Pause) 85M->78M(512M) 27.614ms
[2019-05-26T17:19:40.936+0300][12.199s][info ][gc] GC(149) Pause Young (Normal) (G1 Evacuation Pause) 208M->210M(512M) 85.815ms
[2019-05-26T17:19:41.063+0300][12.326s][info ][gc] GC(150) Pause Young (Normal) (G1 Evacuation Pause) 290M->292M(512M) 64.349ms
[2019-05-26T17:19:41.146+0300][12.408s][info ][gc] GC(151) Pause Young (Concurrent Start) (G1 Humongous Allocation) 321M->323M(512M) 31.700ms
[2019-05-26T17:19:41.146+0300][12.408s][info ][gc] GC(152) Concurrent Cycle
[2019-05-26T17:19:41.151+0300][12.414s][debug][gc] GC(152) Reclaimed 302 empty regions
[2019-05-26T17:19:41.152+0300][12.414s][info ][gc] GC(152) Pause Remark 352M->50M(512M) 1.057ms
[2019-05-26T17:19:41.157+0300][12.419s][info ][gc] GC(152) Pause Cleanup 59M->59M(512M) 0.137ms
[2019-05-26T17:19:41.158+0300][12.420s][info ][gc] GC(152) Concurrent Cycle 11.942ms
[2019-05-26T17:19:41.210+0300][12.472s][info ][gc] GC(153) Pause Young (Normal) (G1 Evacuation Pause) 87M->80M(512M) 35.550ms
[2019-05-26T17:19:41.388+0300][12.650s][info ][gc] GC(154) Pause Young (Normal) (G1 Evacuation Pause) 210M->212M(512M) 87.439ms
[2019-05-26T17:19:41.515+0300][12.777s][info ][gc] GC(155) Pause Young (Normal) (G1 Evacuation Pause) 291M->293M(512M) 63.114ms
[2019-05-26T17:19:41.597+0300][12.860s][info ][gc] GC(156) Pause Young (Concurrent Start) (G1 Humongous Allocation) 327M->328M(512M) 29.412ms
[2019-05-26T17:19:41.597+0300][12.860s][info ][gc] GC(157) Concurrent Cycle
[2019-05-26T17:19:41.605+0300][12.867s][debug][gc] GC(157) Reclaimed 313 empty regions
[2019-05-26T17:19:41.605+0300][12.867s][info ][gc] GC(157) Pause Remark 358M->45M(512M) 1.321ms
[2019-05-26T17:19:41.610+0300][12.872s][info ][gc] GC(157) Pause Cleanup 51M->51M(512M) 0.138ms
[2019-05-26T17:19:41.611+0300][12.873s][info ][gc] GC(157) Concurrent Cycle 13.226ms
[2019-05-26T17:19:41.658+0300][12.920s][info ][gc] GC(158) Pause Young (Normal) (G1 Evacuation Pause) 79M->73M(512M) 29.834ms
[2019-05-26T17:19:41.852+0300][13.115s][info ][gc] GC(159) Pause Young (Normal) (G1 Evacuation Pause) 205M->207M(512M) 95.685ms
[2019-05-26T17:19:41.988+0300][13.250s][info ][gc] GC(160) Pause Young (Normal) (G1 Evacuation Pause) 288M->290M(512M) 65.395ms
[2019-05-26T17:19:42.084+0300][13.346s][info ][gc] GC(161) Pause Young (Concurrent Start) (G1 Humongous Allocation) 324M->325M(512M) 35.804ms
[2019-05-26T17:19:42.084+0300][13.346s][info ][gc] GC(162) Concurrent Cycle
[2019-05-26T17:19:42.092+0300][13.354s][debug][gc] GC(162) Reclaimed 308 empty regions
[2019-05-26T17:19:42.092+0300][13.354s][info ][gc] GC(162) Pause Remark 359M->51M(512M) 1.004ms
[2019-05-26T17:19:42.098+0300][13.361s][info ][gc] GC(162) Pause Cleanup 59M->59M(512M) 0.108ms
[2019-05-26T17:19:42.099+0300][13.361s][info ][gc] GC(162) Concurrent Cycle 15.252ms
[2019-05-26T17:19:42.150+0300][13.413s][info ][gc] GC(163) Pause Young (Normal) (G1 Evacuation Pause) 83M->76M(512M) 34.869ms
[2019-05-26T17:19:42.338+0300][13.601s][info ][gc] GC(164) Pause Young (Normal) (G1 Evacuation Pause) 207M->208M(512M) 96.723ms
[2019-05-26T17:19:42.468+0300][13.731s][info ][gc] GC(165) Pause Young (Normal) (G1 Evacuation Pause) 289M->291M(512M) 66.190ms
[2019-05-26T17:19:42.564+0300][13.827s][info ][gc] GC(166) Pause Young (Concurrent Start) (G1 Humongous Allocation) 327M->329M(512M) 36.944ms
[2019-05-26T17:19:42.564+0300][13.827s][info ][gc] GC(167) Concurrent Cycle
[2019-05-26T17:19:42.572+0300][13.834s][debug][gc] GC(167) Reclaimed 313 empty regions
[2019-05-26T17:19:42.572+0300][13.834s][info ][gc] GC(167) Pause Remark 361M->48M(512M) 0.938ms
[2019-05-26T17:19:42.580+0300][13.842s][info ][gc] GC(167) Pause Cleanup 58M->58M(512M) 0.103ms
[2019-05-26T17:19:42.580+0300][13.843s][info ][gc] GC(167) Concurrent Cycle 16.488ms
[2019-05-26T17:19:42.628+0300][13.891s][info ][gc] GC(168) Pause Young (Normal) (G1 Evacuation Pause) 81M->75M(512M) 33.116ms
[2019-05-26T17:19:42.833+0300][14.096s][info ][gc] GC(169) Pause Young (Normal) (G1 Evacuation Pause) 207M->209M(512M) 96.391ms
[2019-05-26T17:19:42.970+0300][14.232s][info ][gc] GC(170) Pause Young (Normal) (G1 Evacuation Pause) 289M->291M(512M) 69.573ms
[2019-05-26T17:19:43.067+0300][14.329s][info ][gc] GC(171) Pause Young (Concurrent Start) (G1 Humongous Allocation) 331M->332M(512M) 38.150ms
[2019-05-26T17:19:43.067+0300][14.329s][info ][gc] GC(172) Concurrent Cycle
[2019-05-26T17:19:43.074+0300][14.337s][debug][gc] GC(172) Reclaimed 315 empty regions
[2019-05-26T17:19:43.074+0300][14.337s][info ][gc] GC(172) Pause Remark 362M->47M(512M) 0.850ms
[2019-05-26T17:19:43.083+0300][14.345s][info ][gc] GC(172) Pause Cleanup 55M->55M(512M) 0.140ms
[2019-05-26T17:19:43.083+0300][14.345s][info ][gc] GC(172) Concurrent Cycle 16.024ms
[2019-05-26T17:19:43.133+0300][14.395s][info ][gc] GC(173) Pause Young (Normal) (G1 Evacuation Pause) 81M->74M(512M) 33.167ms
[2019-05-26T17:19:43.318+0300][14.581s][info ][gc] GC(174) Pause Young (Normal) (G1 Evacuation Pause) 206M->208M(512M) 88.783ms
[2019-05-26T17:19:43.441+0300][14.703s][info ][gc] GC(175) Pause Young (Normal) (G1 Evacuation Pause) 289M->291M(512M) 67.319ms
[2019-05-26T17:19:43.551+0300][14.813s][info ][gc] GC(176) Pause Young (Concurrent Start) (G1 Humongous Allocation) 333M->334M(512M) 39.974ms
[2019-05-26T17:19:43.551+0300][14.813s][info ][gc] GC(177) Concurrent Cycle
[2019-05-26T17:19:43.559+0300][14.822s][debug][gc] GC(177) Reclaimed 319 empty regions
[2019-05-26T17:19:43.559+0300][14.822s][info ][gc] GC(177) Pause Remark 365M->46M(512M) 0.913ms
[2019-05-26T17:19:43.565+0300][14.828s][info ][gc] GC(177) Pause Cleanup 52M->52M(512M) 0.111ms
[2019-05-26T17:19:43.566+0300][14.828s][info ][gc] GC(177) Concurrent Cycle 14.756ms
[2019-05-26T17:19:43.616+0300][14.878s][info ][gc] GC(178) Pause Young (Normal) (G1 Evacuation Pause) 79M->73M(512M) 33.273ms
[2019-05-26T17:19:43.804+0300][15.066s][info ][gc] GC(179) Pause Young (Normal) (G1 Evacuation Pause) 206M->208M(512M) 90.767ms
[2019-05-26T17:19:43.926+0300][15.188s][info ][gc] GC(180) Pause Young (Normal) (G1 Evacuation Pause) 289M->291M(512M) 64.838ms
[2019-05-26T17:19:44.024+0300][15.286s][info ][gc] GC(181) Pause Young (Concurrent Start) (G1 Humongous Allocation) 334M->336M(512M) 36.056ms
[2019-05-26T17:19:44.024+0300][15.286s][info ][gc] GC(182) Concurrent Cycle
[2019-05-26T17:19:44.032+0300][15.294s][debug][gc] GC(182) Reclaimed 321 empty regions
[2019-05-26T17:19:44.032+0300][15.294s][info ][gc] GC(182) Pause Remark 366M->45M(512M) 0.893ms
[2019-05-26T17:19:44.038+0300][15.300s][info ][gc] GC(182) Pause Cleanup 52M->52M(512M) 0.088ms
[2019-05-26T17:19:44.038+0300][15.301s][info ][gc] GC(182) Concurrent Cycle 14.289ms
[2019-05-26T17:19:44.084+0300][15.346s][info ][gc] GC(183) Pause Young (Normal) (G1 Evacuation Pause) 78M->71M(512M) 29.224ms
[2019-05-26T17:19:44.273+0300][15.535s][info ][gc] GC(184) Pause Young (Normal) (G1 Evacuation Pause) 204M->206M(512M) 100.006ms
[2019-05-26T17:19:44.401+0300][15.663s][info ][gc] GC(185) Pause Young (Normal) (G1 Evacuation Pause) 287M->289M(512M) 67.159ms
[2019-05-26T17:19:44.506+0300][15.768s][info ][gc] GC(186) Pause Young (Concurrent Start) (G1 Humongous Allocation) 336M->337M(512M) 42.149ms
[2019-05-26T17:19:44.506+0300][15.768s][info ][gc] GC(187) Concurrent Cycle
[2019-05-26T17:19:44.515+0300][15.777s][debug][gc] GC(187) Reclaimed 322 empty regions
[2019-05-26T17:19:44.515+0300][15.777s][info ][gc] GC(187) Pause Remark 371M->49M(512M) 0.857ms
[2019-05-26T17:19:44.522+0300][15.784s][info ][gc] GC(187) Pause Cleanup 57M->57M(512M) 0.107ms
[2019-05-26T17:19:44.522+0300][15.784s][info ][gc] GC(187) Concurrent Cycle 16.071ms
[2019-05-26T17:19:44.565+0300][15.827s][info ][gc] GC(188) Pause Young (Normal) (G1 Evacuation Pause) 78M->71M(512M) 28.532ms
[2019-05-26T17:19:44.751+0300][16.013s][info ][gc] GC(189) Pause Young (Normal) (G1 Evacuation Pause) 205M->207M(512M) 92.304ms
[2019-05-26T17:19:44.874+0300][16.136s][info ][gc] GC(190) Pause Young (Normal) (G1 Evacuation Pause) 288M->289M(512M) 61.511ms
[2019-05-26T17:19:44.975+0300][16.237s][info ][gc] GC(191) Pause Young (Concurrent Start) (G1 Humongous Allocation) 337M->338M(512M) 38.365ms
[2019-05-26T17:19:44.975+0300][16.237s][info ][gc] GC(192) Concurrent Cycle
[2019-05-26T17:19:44.983+0300][16.245s][debug][gc] GC(192) Reclaimed 323 empty regions
[2019-05-26T17:19:44.983+0300][16.245s][info ][gc] GC(192) Pause Remark 370M->47M(512M) 0.891ms
[2019-05-26T17:19:44.990+0300][16.252s][info ][gc] GC(192) Pause Cleanup 55M->55M(512M) 0.105ms
[2019-05-26T17:19:44.991+0300][16.253s][info ][gc] GC(192) Concurrent Cycle 15.514ms
[2019-05-26T17:19:45.031+0300][16.294s][info ][gc] GC(193) Pause Young (Normal) (G1 Evacuation Pause) 78M->71M(512M) 25.915ms
[2019-05-26T17:19:45.201+0300][16.464s][info ][gc] GC(194) Pause Young (Normal) (G1 Evacuation Pause) 205M->207M(512M) 81.091ms
[2019-05-26T17:19:45.322+0300][16.585s][info ][gc] GC(195) Pause Young (Normal) (G1 Evacuation Pause) 288M->291M(512M) 62.957ms
[2019-05-26T17:19:45.428+0300][16.691s][info ][gc] GC(196) Pause Young (Concurrent Start) (G1 Humongous Allocation) 342M->343M(512M) 39.255ms
[2019-05-26T17:19:45.428+0300][16.691s][info ][gc] GC(197) Concurrent Cycle
[2019-05-26T17:19:45.435+0300][16.698s][debug][gc] GC(197) Reclaimed 328 empty regions
[2019-05-26T17:19:45.435+0300][16.698s][info ][gc] GC(197) Pause Remark 375M->47M(512M) 1.026ms
[2019-05-26T17:19:45.440+0300][16.703s][info ][gc] GC(197) Pause Cleanup 54M->54M(512M) 0.088ms
[2019-05-26T17:19:45.440+0300][16.703s][info ][gc] GC(197) Concurrent Cycle 12.109ms
[2019-05-26T17:19:45.481+0300][16.743s][info ][gc] GC(198) Pause Young (Normal) (G1 Evacuation Pause) 77M->70M(512M) 25.489ms
[2019-05-26T17:19:45.668+0300][16.930s][info ][gc] GC(199) Pause Young (Normal) (G1 Evacuation Pause) 204M->206M(512M) 84.350ms
[2019-05-26T17:19:45.799+0300][17.061s][info ][gc] GC(200) Pause Young (Normal) (G1 Evacuation Pause) 287M->289M(512M) 64.405ms
[2019-05-26T17:19:45.885+0300][17.148s][info ][gc] GC(201) Pause Young (Concurrent Start) (G1 Evacuation Pause) 342M->343M(512M) 41.813ms
[2019-05-26T17:19:45.886+0300][17.148s][info ][gc] GC(202) Concurrent Cycle
[2019-05-26T17:19:45.973+0300][17.235s][info ][gc] GC(203) Pause Young (Normal) (G1 Evacuation Pause) 405M->407M(512M) 31.215ms
[2019-05-26T17:19:46.003+0300][17.265s][info ][gc] GC(204) Pause Young (Normal) (G1 Evacuation Pause) 426M->428M(512M) 17.113ms
[2019-05-26T17:19:46.043+0300][17.305s][info ][gc] GC(205) Pause Young (Normal) (G1 Evacuation Pause) 449M->451M(512M) 17.967ms
[2019-05-26T17:19:46.075+0300][17.337s][info ][gc] GC(206) Pause Young (Normal) (G1 Evacuation Pause) 472M->474M(512M) 16.993ms
[2019-05-26T17:19:46.117+0300][17.379s][info ][gc] GC(207) To-space exhausted
[2019-05-26T17:19:46.117+0300][17.379s][info ][gc] GC(207) Pause Young (Normal) (G1 Evacuation Pause) 495M->502M(512M) 27.023ms
[2019-05-26T17:19:46.151+0300][17.413s][info ][gc] GC(208) To-space exhausted
[2019-05-26T17:19:46.151+0300][17.413s][info ][gc] GC(208) Pause Young (Normal) (G1 Evacuation Pause) 511M->511M(512M) 25.631ms
[2019-05-26T17:19:46.152+0300][17.414s][debug][gc] GC(209) Clear Next Bitmap 0.283ms
[2019-05-26T17:19:46.255+0300][17.518s][info ][gc] GC(209) Pause Full (G1 Evacuation Pause) 511M->153M(512M) 104.190ms
[2019-05-26T17:19:46.256+0300][17.518s][info ][gc] GC(202) Concurrent Cycle 370.434ms
[2019-05-26T17:19:46.393+0300][17.655s][info ][gc] GC(210) Pause Young (Normal) (G1 Evacuation Pause) 249M->249M(512M) 64.559ms
[2019-05-26T17:19:46.504+0300][17.766s][info ][gc] GC(211) Pause Young (Concurrent Start) (G1 Evacuation Pause) 314M->316M(512M) 52.227ms
[2019-05-26T17:19:46.504+0300][17.767s][info ][gc] GC(212) Concurrent Cycle
[2019-05-26T17:19:46.605+0300][17.867s][info ][gc] GC(213) Pause Young (Normal) (G1 Evacuation Pause) 386M->387M(512M) 37.686ms
[2019-05-26T17:19:46.645+0300][17.907s][info ][gc] GC(214) Pause Young (Normal) (G1 Evacuation Pause) 408M->411M(512M) 21.335ms
[2019-05-26T17:19:46.683+0300][17.945s][info ][gc] GC(215) Pause Young (Normal) (G1 Evacuation Pause) 432M->434M(512M) 21.232ms
[2019-05-26T17:19:46.718+0300][17.980s][info ][gc] GC(216) Pause Young (Normal) (G1 Evacuation Pause) 455M->457M(512M) 18.709ms
[2019-05-26T17:19:46.759+0300][18.021s][info ][gc] GC(217) Pause Young (Normal) (G1 Evacuation Pause) 478M->480M(512M) 18.154ms
[2019-05-26T17:19:46.827+0300][18.089s][info ][gc] GC(218) To-space exhausted
[2019-05-26T17:19:46.827+0300][18.089s][info ][gc] GC(218) Pause Young (Normal) (G1 Evacuation Pause) 501M->508M(512M) 46.573ms
[2019-05-26T17:19:46.828+0300][18.090s][debug][gc] GC(219) Clear Next Bitmap 0.299ms
[2019-05-26T17:19:46.940+0300][18.202s][info ][gc] GC(219) Pause Full (G1 Evacuation Pause) 508M->155M(512M) 112.449ms
[2019-05-26T17:19:46.941+0300][18.203s][info ][gc] GC(212) Concurrent Cycle 436.457ms
[2019-05-26T17:19:47.076+0300][18.338s][info ][gc] GC(220) Pause Young (Normal) (G1 Evacuation Pause) 250M->251M(512M) 66.399ms
[2019-05-26T17:19:47.172+0300][18.434s][info ][gc] GC(221) Pause Young (Concurrent Start) (G1 Evacuation Pause) 315M->317M(512M) 50.375ms
[2019-05-26T17:19:47.172+0300][18.434s][info ][gc] GC(222) Concurrent Cycle
[2019-05-26T17:19:47.281+0300][18.544s][info ][gc] GC(223) Pause Young (Normal) (G1 Evacuation Pause) 386M->387M(512M) 38.787ms
[2019-05-26T17:19:47.323+0300][18.585s][info ][gc] GC(224) Pause Young (Normal) (G1 Evacuation Pause) 408M->410M(512M) 20.659ms
[2019-05-26T17:19:47.365+0300][18.628s][info ][gc] GC(225) Pause Young (Normal) (G1 Evacuation Pause) 431M->433M(512M) 19.655ms
[2019-05-26T17:19:47.401+0300][18.664s][info ][gc] GC(226) Pause Young (Normal) (G1 Evacuation Pause) 454M->455M(512M) 19.768ms
[2019-05-26T17:19:47.441+0300][18.704s][info ][gc] GC(227) Pause Young (Normal) (G1 Evacuation Pause) 476M->478M(512M) 22.754ms
[2019-05-26T17:19:47.496+0300][18.759s][info ][gc] GC(228) To-space exhausted
[2019-05-26T17:19:47.496+0300][18.759s][info ][gc] GC(228) Pause Young (Normal) (G1 Evacuation Pause) 499M->505M(512M) 37.731ms
[2019-05-26T17:19:47.514+0300][18.776s][info ][gc] GC(229) To-space exhausted
[2019-05-26T17:19:47.514+0300][18.776s][info ][gc] GC(229) Pause Young (Normal) (G1 Evacuation Pause) 508M->508M(512M) 14.968ms
[2019-05-26T17:19:47.514+0300][18.777s][debug][gc] GC(230) Clear Next Bitmap 0.287ms
[2019-05-26T17:19:47.623+0300][18.886s][info ][gc] GC(230) Pause Full (G1 Evacuation Pause) 508M->156M(512M) 108.939ms
[2019-05-26T17:19:47.623+0300][18.886s][info ][gc] GC(222) Concurrent Cycle 451.987ms
[2019-05-26T17:19:47.748+0300][19.011s][info ][gc] GC(231) Pause Young (Normal) (G1 Evacuation Pause) 251M->251M(512M) 57.701ms
[2019-05-26T17:19:47.839+0300][19.102s][info ][gc] GC(232) Pause Young (Concurrent Start) (G1 Evacuation Pause) 315M->317M(512M) 47.203ms
[2019-05-26T17:19:47.839+0300][19.102s][info ][gc] GC(233) Concurrent Cycle
[2019-05-26T17:19:47.942+0300][19.205s][info ][gc] GC(234) Pause Young (Normal) (G1 Evacuation Pause) 387M->388M(512M) 34.210ms
[2019-05-26T17:19:47.974+0300][19.236s][info ][gc] GC(235) Pause Young (Normal) (G1 Evacuation Pause) 408M->410M(512M) 19.059ms
[2019-05-26T17:19:48.006+0300][19.268s][info ][gc] GC(236) Pause Young (Normal) (G1 Evacuation Pause) 431M->433M(512M) 16.495ms
[2019-05-26T17:19:48.047+0300][19.310s][info ][gc] GC(237) Pause Young (Normal) (G1 Evacuation Pause) 454M->456M(512M) 19.637ms
[2019-05-26T17:19:48.088+0300][19.350s][info ][gc] GC(238) Pause Young (Normal) (G1 Evacuation Pause) 477M->479M(512M) 17.873ms
[2019-05-26T17:19:48.143+0300][19.405s][info ][gc] GC(239) To-space exhausted
[2019-05-26T17:19:48.143+0300][19.405s][info ][gc] GC(239) Pause Young (Normal) (G1 Evacuation Pause) 500M->506M(512M) 38.206ms
[2019-05-26T17:19:48.151+0300][19.413s][info ][gc] GC(240) To-space exhausted
[2019-05-26T17:19:48.151+0300][19.413s][info ][gc] GC(240) Pause Young (Normal) (G1 Evacuation Pause) 507M->507M(512M) 6.948ms
[2019-05-26T17:19:48.151+0300][19.414s][debug][gc] GC(241) Clear Next Bitmap 0.258ms
[2019-05-26T17:19:48.252+0300][19.514s][info ][gc] GC(241) Pause Full (G1 Evacuation Pause) 507M->152M(512M) 100.819ms
[2019-05-26T17:19:48.252+0300][19.515s][info ][gc] GC(233) Concurrent Cycle 413.188ms
[2019-05-26T17:19:48.380+0300][19.642s][info ][gc] GC(242) Pause Young (Normal) (G1 Evacuation Pause) 248M->248M(512M) 60.143ms
[2019-05-26T17:19:48.475+0300][19.738s][info ][gc] GC(243) Pause Young (Concurrent Start) (G1 Evacuation Pause) 313M->314M(512M) 51.355ms
[2019-05-26T17:19:48.475+0300][19.738s][info ][gc] GC(244) Concurrent Cycle
[2019-05-26T17:19:48.571+0300][19.834s][info ][gc] GC(245) Pause Young (Normal) (G1 Evacuation Pause) 384M->386M(512M) 33.808ms
[2019-05-26T17:19:48.605+0300][19.867s][info ][gc] GC(246) Pause Young (Normal) (G1 Evacuation Pause) 407M->410M(512M) 19.875ms
[2019-05-26T17:19:48.639+0300][19.901s][info ][gc] GC(247) Pause Young (Normal) (G1 Evacuation Pause) 431M->433M(512M) 19.457ms
[2019-05-26T17:19:48.675+0300][19.938s][info ][gc] GC(248) Pause Young (Normal) (G1 Evacuation Pause) 454M->456M(512M) 20.371ms
[2019-05-26T17:19:48.713+0300][19.976s][info ][gc] GC(249) Pause Young (Normal) (G1 Evacuation Pause) 477M->478M(512M) 18.452ms
[2019-05-26T17:19:48.775+0300][20.038s][info ][gc] GC(250) To-space exhausted
[2019-05-26T17:19:48.775+0300][20.038s][info ][gc] GC(250) Pause Young (Normal) (G1 Evacuation Pause) 499M->506M(512M) 39.734ms
[2019-05-26T17:19:48.787+0300][20.050s][info ][gc] GC(251) To-space exhausted
[2019-05-26T17:19:48.787+0300][20.050s][info ][gc] GC(251) Pause Young (Normal) (G1 Evacuation Pause) 507M->507M(512M) 10.449ms
[2019-05-26T17:19:48.788+0300][20.050s][debug][gc] GC(252) Clear Next Bitmap 0.280ms
[2019-05-26T17:19:48.900+0300][20.163s][info ][gc] GC(252) Pause Full (G1 Evacuation Pause) 507M->148M(512M) 112.364ms
[2019-05-26T17:19:48.901+0300][20.163s][info ][gc] GC(244) Concurrent Cycle 425.468ms
[2019-05-26T17:19:49.034+0300][20.297s][info ][gc] GC(253) Pause Young (Normal) (G1 Evacuation Pause) 245M->245M(512M) 62.816ms
[2019-05-26T17:19:49.145+0300][20.407s][info ][gc] GC(254) Pause Young (Concurrent Start) (G1 Evacuation Pause) 310M->312M(512M) 53.218ms
[2019-05-26T17:19:49.145+0300][20.408s][info ][gc] GC(255) Concurrent Cycle
[2019-05-26T17:19:49.245+0300][20.507s][info ][gc] GC(256) Pause Young (Normal) (G1 Evacuation Pause) 383M->386M(512M) 34.793ms
[2019-05-26T17:19:49.279+0300][20.541s][info ][gc] GC(257) Pause Young (Normal) (G1 Evacuation Pause) 407M->408M(512M) 19.515ms
[2019-05-26T17:19:49.318+0300][20.581s][info ][gc] GC(258) Pause Young (Normal) (G1 Evacuation Pause) 429M->432M(512M) 18.122ms
[2019-05-26T17:19:49.354+0300][20.616s][info ][gc] GC(259) Pause Young (Normal) (G1 Evacuation Pause) 453M->455M(512M) 18.589ms
[2019-05-26T17:19:49.394+0300][20.656s][info ][gc] GC(260) Pause Young (Normal) (G1 Evacuation Pause) 476M->478M(512M) 16.634ms
[2019-05-26T17:19:49.444+0300][20.706s][info ][gc] GC(261) To-space exhausted
[2019-05-26T17:19:49.444+0300][20.707s][info ][gc] GC(261) Pause Young (Normal) (G1 Evacuation Pause) 499M->505M(512M) 34.080ms
[2019-05-26T17:19:49.458+0300][20.720s][info ][gc] GC(262) To-space exhausted
[2019-05-26T17:19:49.458+0300][20.720s][info ][gc] GC(262) Pause Young (Normal) (G1 Evacuation Pause) 507M->507M(512M) 11.982ms
[2019-05-26T17:19:49.459+0300][20.721s][debug][gc] GC(263) Clear Next Bitmap 0.469ms
[2019-05-26T17:19:49.552+0300][20.815s][info ][gc] GC(263) Pause Full (G1 Evacuation Pause) 507M->144M(512M) 94.239ms
[2019-05-26T17:19:49.553+0300][20.815s][info ][gc] GC(255) Concurrent Cycle 407.750ms
[2019-05-26T17:19:49.693+0300][20.956s][info ][gc] GC(264) Pause Young (Normal) (G1 Evacuation Pause) 242M->242M(512M) 70.453ms
[2019-05-26T17:19:49.797+0300][21.060s][info ][gc] GC(265) Pause Young (Concurrent Start) (G1 Evacuation Pause) 308M->310M(512M) 57.641ms
[2019-05-26T17:19:49.797+0300][21.060s][info ][gc] GC(266) Concurrent Cycle
[2019-05-26T17:19:49.910+0300][21.172s][info ][gc] GC(267) Pause Young (Normal) (G1 Evacuation Pause) 382M->384M(512M) 45.233ms
[2019-05-26T17:19:49.953+0300][21.216s][info ][gc] GC(268) Pause Young (Normal) (G1 Evacuation Pause) 405M->407M(512M) 23.069ms
[2019-05-26T17:19:49.996+0300][21.258s][info ][gc] GC(269) Pause Young (Normal) (G1 Evacuation Pause) 428M->430M(512M) 21.077ms
[2019-05-26T17:19:50.038+0300][21.301s][info ][gc] GC(270) Pause Young (Normal) (G1 Evacuation Pause) 451M->453M(512M) 20.561ms
[2019-05-26T17:19:50.075+0300][21.338s][info ][gc] GC(271) Pause Young (Normal) (G1 Evacuation Pause) 474M->476M(512M) 18.685ms
[2019-05-26T17:19:50.126+0300][21.389s][info ][gc] GC(272) To-space exhausted
[2019-05-26T17:19:50.126+0300][21.389s][info ][gc] GC(272) Pause Young (Normal) (G1 Evacuation Pause) 497M->503M(512M) 34.688ms
[2019-05-26T17:19:50.146+0300][21.408s][info ][gc] GC(273) To-space exhausted
[2019-05-26T17:19:50.146+0300][21.408s][info ][gc] GC(273) Pause Young (Normal) (G1 Evacuation Pause) 506M->506M(512M) 16.602ms
[2019-05-26T17:19:50.146+0300][21.409s][debug][gc] GC(274) Clear Next Bitmap 0.288ms
[2019-05-26T17:19:50.243+0300][21.506s][info ][gc] GC(274) Pause Full (G1 Evacuation Pause) 506M->143M(512M) 97.049ms
[2019-05-26T17:19:50.244+0300][21.506s][info ][gc] GC(266) Concurrent Cycle 446.230ms
[2019-05-26T17:19:50.378+0300][21.640s][info ][gc] GC(275) Pause Young (Normal) (G1 Evacuation Pause) 243M->243M(512M) 61.858ms
[2019-05-26T17:19:50.473+0300][21.736s][info ][gc] GC(276) Pause Young (Concurrent Start) (G1 Evacuation Pause) 310M->312M(512M) 48.763ms
[2019-05-26T17:19:50.473+0300][21.736s][info ][gc] GC(277) Concurrent Cycle
[2019-05-26T17:19:50.575+0300][21.837s][info ][gc] GC(278) Pause Young (Normal) (G1 Evacuation Pause) 384M->387M(512M) 35.689ms
[2019-05-26T17:19:50.608+0300][21.871s][info ][gc] GC(279) Pause Young (Normal) (G1 Evacuation Pause) 409M->411M(512M) 18.991ms
[2019-05-26T17:19:50.647+0300][21.910s][info ][gc] GC(280) Pause Young (Normal) (G1 Evacuation Pause) 432M->434M(512M) 17.921ms
[2019-05-26T17:19:50.686+0300][21.949s][info ][gc] GC(281) Pause Young (Normal) (G1 Evacuation Pause) 455M->458M(512M) 18.650ms
[2019-05-26T17:19:50.721+0300][21.984s][info ][gc] GC(282) Pause Young (Normal) (G1 Evacuation Pause) 479M->481M(512M) 17.496ms
[2019-05-26T17:19:50.777+0300][22.040s][info ][gc] GC(283) To-space exhausted
[2019-05-26T17:19:50.777+0300][22.040s][info ][gc] GC(283) Pause Young (Normal) (G1 Evacuation Pause) 502M->508M(512M) 35.186ms
[2019-05-26T17:19:50.789+0300][22.051s][info ][gc] GC(284) To-space exhausted
[2019-05-26T17:19:50.789+0300][22.052s][info ][gc] GC(284) Pause Young (Normal) (G1 Evacuation Pause) 510M->510M(512M) 9.983ms
[2019-05-26T17:19:50.789+0300][22.052s][debug][gc] GC(285) Clear Next Bitmap 0.303ms
[2019-05-26T17:19:50.881+0300][22.143s][info ][gc] GC(285) Pause Full (G1 Evacuation Pause) 510M->142M(512M) 91.542ms
[2019-05-26T17:19:50.881+0300][22.144s][info ][gc] GC(277) Concurrent Cycle 407.825ms
[2019-05-26T17:19:51.019+0300][22.281s][info ][gc] GC(286) Pause Young (Normal) (G1 Evacuation Pause) 241M->241M(512M) 68.807ms
[2019-05-26T17:19:51.128+0300][22.390s][info ][gc] GC(287) Pause Young (Concurrent Start) (G1 Evacuation Pause) 308M->310M(512M) 54.289ms
[2019-05-26T17:19:51.128+0300][22.391s][info ][gc] GC(288) Concurrent Cycle
[2019-05-26T17:19:51.236+0300][22.498s][info ][gc] GC(289) Pause Young (Normal) (G1 Humongous Allocation) 353M->354M(512M) 33.651ms
[2019-05-26T17:19:51.293+0300][22.556s][info ][gc] GC(290) Pause Young (Normal) (G1 Evacuation Pause) 413M->415M(512M) 25.661ms
[2019-05-26T17:19:51.328+0300][22.591s][info ][gc] GC(291) Pause Young (Normal) (G1 Evacuation Pause) 435M->436M(512M) 17.417ms
[2019-05-26T17:19:51.369+0300][22.631s][info ][gc] GC(292) Pause Young (Normal) (G1 Evacuation Pause) 457M->459M(512M) 17.702ms
[2019-05-26T17:19:51.403+0300][22.665s][info ][gc] GC(293) Pause Young (Normal) (G1 Evacuation Pause) 480M->483M(512M) 17.297ms
[2019-05-26T17:19:51.461+0300][22.723s][info ][gc] GC(294) To-space exhausted
[2019-05-26T17:19:51.461+0300][22.723s][info ][gc] GC(294) Pause Young (Normal) (G1 Evacuation Pause) 504M->507M(512M) 41.994ms
[2019-05-26T17:19:51.470+0300][22.732s][info ][gc] GC(295) To-space exhausted
[2019-05-26T17:19:51.470+0300][22.732s][info ][gc] GC(295) Pause Young (Normal) (G1 Evacuation Pause) 508M->508M(512M) 7.865ms
[2019-05-26T17:19:51.471+0300][22.733s][debug][gc] GC(296) Clear Next Bitmap 0.287ms
[2019-05-26T17:19:51.570+0300][22.832s][info ][gc] GC(296) Pause Full (G1 Evacuation Pause) 508M->144M(512M) 99.666ms
[2019-05-26T17:19:51.571+0300][22.833s][info ][gc] GC(288) Concurrent Cycle 442.293ms
[2019-05-26T17:19:51.700+0300][22.962s][info ][gc] GC(297) Pause Young (Normal) (G1 Evacuation Pause) 243M->243M(512M) 61.983ms
[2019-05-26T17:19:51.794+0300][23.056s][info ][gc] GC(298) Pause Young (Concurrent Start) (G1 Evacuation Pause) 309M->312M(512M) 48.723ms
[2019-05-26T17:19:51.794+0300][23.056s][info ][gc] GC(299) Concurrent Cycle
[2019-05-26T17:19:51.862+0300][23.124s][info ][gc] GC(300) Pause Young (Normal) (G1 Evacuation Pause) 357M->359M(512M) 35.004ms
[2019-05-26T17:19:51.901+0300][23.163s][info ][gc] GC(301) Pause Young (Normal) (G1 Humongous Allocation) 360M->362M(512M) 6.784ms
[2019-05-26T17:19:51.901+0300][23.163s][debug][gc] GC(302) Clear Next Bitmap 0.263ms
[2019-05-26T17:19:51.904+0300][23.167s][info ][gc] GC(302) Pause Full (G1 Humongous Allocation) 362M->1M(512M) 3.486ms
[2019-05-26T17:19:51.905+0300][23.167s][info ][gc] GC(299) Concurrent Cycle 111.086ms
[2019-05-26T17:19:52.111+0300][23.374s][info ][gc] GC(303) Pause Young (Normal) (G1 Evacuation Pause) 178M->180M(512M) 108.938ms
[2019-05-26T17:19:52.241+0300][23.503s][info ][gc] GC(304) Pause Young (Normal) (G1 Evacuation Pause) 265M->266M(512M) 68.619ms
[2019-05-26T17:19:52.332+0300][23.594s][info ][gc] GC(305) Pause Young (Concurrent Start) (G1 Evacuation Pause) 324M->326M(512M) 50.034ms
[2019-05-26T17:19:52.332+0300][23.594s][info ][gc] GC(306) Concurrent Cycle
[2019-05-26T17:19:52.427+0300][23.690s][info ][gc] GC(307) Pause Young (Normal) (G1 Evacuation Pause) 394M->397M(512M) 33.498ms
[2019-05-26T17:19:52.457+0300][23.719s][info ][gc] GC(308) Pause Young (Normal) (G1 Evacuation Pause) 415M->417M(512M) 18.328ms
[2019-05-26T17:19:52.487+0300][23.750s][info ][gc] GC(309) Pause Young (Normal) (G1 Evacuation Pause) 438M->440M(512M) 17.047ms
[2019-05-26T17:19:52.522+0300][23.784s][info ][gc] GC(310) Pause Young (Normal) (G1 Evacuation Pause) 461M->463M(512M) 18.927ms
[2019-05-26T17:19:52.566+0300][23.828s][info ][gc] GC(311) To-space exhausted
[2019-05-26T17:19:52.566+0300][23.828s][info ][gc] GC(311) Pause Young (Normal) (G1 Evacuation Pause) 484M->491M(512M) 25.341ms
[2019-05-26T17:19:52.615+0300][23.878s][info ][gc] GC(312) To-space exhausted
[2019-05-26T17:19:52.616+0300][23.878s][info ][gc] GC(312) Pause Young (Normal) (G1 Evacuation Pause) 507M->507M(512M) 37.844ms
[2019-05-26T17:19:52.616+0300][23.878s][debug][gc] GC(313) Clear Next Bitmap 0.251ms
[2019-05-26T17:19:52.706+0300][23.968s][info ][gc] GC(313) Pause Full (G1 Evacuation Pause) 507M->130M(512M) 89.980ms
[2019-05-26T17:19:52.707+0300][23.969s][info ][gc] GC(306) Concurrent Cycle 374.453ms
[2019-05-26T17:19:52.851+0300][24.113s][info ][gc] GC(314) Pause Young (Normal) (G1 Evacuation Pause) 233M->233M(512M) 74.429ms
[2019-05-26T17:19:52.945+0300][24.208s][info ][gc] GC(315) Pause Young (Normal) (G1 Evacuation Pause) 302M->304M(512M) 48.269ms
[2019-05-26T17:19:53.011+0300][24.273s][info ][gc] GC(316) Pause Young (Concurrent Start) (G1 Evacuation Pause) 351M->353M(512M) 34.684ms
[2019-05-26T17:19:53.011+0300][24.274s][info ][gc] GC(317) Concurrent Cycle
[2019-05-26T17:19:53.089+0300][24.352s][info ][gc] GC(318) Pause Young (Normal) (G1 Evacuation Pause) 412M->413M(512M) 24.950ms
[2019-05-26T17:19:53.119+0300][24.381s][info ][gc] GC(319) Pause Young (Normal) (G1 Evacuation Pause) 433M->435M(512M) 16.815ms
[2019-05-26T17:19:53.156+0300][24.419s][info ][gc] GC(320) Pause Young (Normal) (G1 Evacuation Pause) 456M->458M(512M) 21.121ms
[2019-05-26T17:19:53.190+0300][24.452s][info ][gc] GC(321) Pause Young (Normal) (G1 Evacuation Pause) 479M->481M(512M) 17.717ms
[2019-05-26T17:19:53.247+0300][24.509s][info ][gc] GC(322) To-space exhausted
[2019-05-26T17:19:53.247+0300][24.509s][info ][gc] GC(322) Pause Young (Normal) (G1 Evacuation Pause) 502M->506M(512M) 41.164ms
[2019-05-26T17:19:53.256+0300][24.518s][info ][gc] GC(323) To-space exhausted
[2019-05-26T17:19:53.256+0300][24.518s][info ][gc] GC(323) Pause Young (Normal) (G1 Evacuation Pause) 507M->507M(512M) 8.156ms
[2019-05-26T17:19:53.256+0300][24.518s][debug][gc] GC(324) Clear Next Bitmap 0.276ms
[2019-05-26T17:19:53.344+0300][24.606s][info ][gc] GC(324) Pause Full (G1 Evacuation Pause) 507M->134M(512M) 87.809ms
[2019-05-26T17:19:53.344+0300][24.607s][info ][gc] GC(317) Concurrent Cycle 333.040ms
[2019-05-26T17:19:53.475+0300][24.737s][info ][gc] GC(325) Pause Young (Normal) (G1 Evacuation Pause) 236M->236M(512M) 62.581ms
[2019-05-26T17:19:53.567+0300][24.829s][info ][gc] GC(326) Pause Young (Normal) (G1 Evacuation Pause) 305M->307M(512M) 46.675ms
[2019-05-26T17:19:53.631+0300][24.893s][info ][gc] GC(327) Pause Young (Concurrent Start) (G1 Evacuation Pause) 353M->355M(512M) 33.731ms
[2019-05-26T17:19:53.631+0300][24.893s][info ][gc] GC(328) Concurrent Cycle
[2019-05-26T17:19:53.683+0300][24.946s][info ][gc] GC(329) Pause Young (Normal) (G1 Humongous Allocation) 366M->367M(512M) 14.396ms
[2019-05-26T17:19:53.684+0300][24.946s][debug][gc] GC(330) Clear Next Bitmap 0.238ms
[2019-05-26T17:19:53.687+0300][24.949s][info ][gc] GC(330) Pause Full (G1 Humongous Allocation) 367M->1M(512M) 3.416ms
[2019-05-26T17:19:53.688+0300][24.950s][info ][gc] GC(328) Concurrent Cycle 57.041ms
[2019-05-26T17:19:53.852+0300][25.114s][info ][gc] GC(331) Pause Young (Normal) (G1 Evacuation Pause) 172M->173M(512M) 78.948ms
[2019-05-26T17:19:53.968+0300][25.231s][info ][gc] GC(332) Pause Young (Normal) (G1 Evacuation Pause) 261M->263M(512M) 61.084ms
[2019-05-26T17:19:54.049+0300][25.311s][info ][gc] GC(333) Pause Young (Concurrent Start) (G1 Evacuation Pause) 323M->325M(512M) 43.577ms
[2019-05-26T17:19:54.049+0300][25.311s][info ][gc] GC(334) Concurrent Cycle
[2019-05-26T17:19:54.107+0300][25.369s][info ][gc] GC(335) Pause Young (Normal) (G1 Evacuation Pause) 365M->367M(512M) 31.633ms
[2019-05-26T17:19:54.180+0300][25.442s][info ][gc] GC(336) Pause Young (Normal) (G1 Evacuation Pause) 423M->425M(512M) 22.737ms
[2019-05-26T17:19:54.214+0300][25.477s][info ][gc] GC(337) Pause Young (Normal) (G1 Evacuation Pause) 445M->448M(512M) 21.989ms
[2019-05-26T17:19:54.247+0300][25.509s][info ][gc] GC(338) Pause Young (Normal) (G1 Evacuation Pause) 469M->471M(512M) 17.061ms
[2019-05-26T17:19:54.291+0300][25.553s][info ][gc] GC(339) To-space exhausted
[2019-05-26T17:19:54.291+0300][25.553s][info ][gc] GC(339) Pause Young (Normal) (G1 Evacuation Pause) 492M->501M(512M) 28.551ms
[2019-05-26T17:19:54.318+0300][25.580s][info ][gc] GC(340) To-space exhausted
[2019-05-26T17:19:54.318+0300][25.580s][info ][gc] GC(340) Pause Young (Normal) (G1 Evacuation Pause) 508M->508M(512M) 20.064ms
[2019-05-26T17:19:54.318+0300][25.581s][debug][gc] GC(341) Clear Next Bitmap 0.374ms
[2019-05-26T17:19:54.395+0300][25.657s][info ][gc] GC(341) Pause Full (G1 Evacuation Pause) 508M->122M(512M) 76.550ms
[2019-05-26T17:19:54.395+0300][25.658s][info ][gc] GC(334) Concurrent Cycle 346.801ms
[2019-05-26T17:19:54.528+0300][25.791s][info ][gc] GC(342) Pause Young (Normal) (G1 Evacuation Pause) 227M->227M(512M) 63.660ms
[2019-05-26T17:19:54.635+0300][25.898s][info ][gc] GC(343) Pause Young (Normal) (G1 Evacuation Pause) 298M->299M(512M) 59.216ms
[2019-05-26T17:19:54.703+0300][25.965s][info ][gc] GC(344) Pause Young (Concurrent Start) (G1 Evacuation Pause) 347M->349M(512M) 35.838ms
[2019-05-26T17:19:54.703+0300][25.965s][info ][gc] GC(345) Concurrent Cycle
[2019-05-26T17:19:54.783+0300][26.046s][info ][gc] GC(346) Pause Young (Normal) (G1 Evacuation Pause) 410M->412M(512M) 25.521ms
[2019-05-26T17:19:54.815+0300][26.077s][info ][gc] GC(347) Pause Young (Normal) (G1 Evacuation Pause) 432M->433M(512M) 19.439ms
[2019-05-26T17:19:54.845+0300][26.107s][info ][gc] GC(348) Pause Young (Normal) (G1 Evacuation Pause) 454M->457M(512M) 16.760ms
[2019-05-26T17:19:54.876+0300][26.138s][info ][gc] GC(349) Pause Young (Normal) (G1 Evacuation Pause) 478M->479M(512M) 16.299ms
[2019-05-26T17:19:54.928+0300][26.190s][info ][gc] GC(350) To-space exhausted
[2019-05-26T17:19:54.928+0300][26.190s][info ][gc] GC(350) Pause Young (Normal) (G1 Evacuation Pause) 500M->506M(512M) 36.593ms
[2019-05-26T17:19:54.936+0300][26.198s][info ][gc] GC(351) To-space exhausted
[2019-05-26T17:19:54.936+0300][26.198s][info ][gc] GC(351) Pause Young (Normal) (G1 Evacuation Pause) 507M->507M(512M) 7.576ms
[2019-05-26T17:19:54.937+0300][26.199s][debug][gc] GC(352) Clear Next Bitmap 0.453ms
[2019-05-26T17:19:55.019+0300][26.281s][info ][gc] GC(352) Pause Full (G1 Evacuation Pause) 507M->125M(512M) 82.318ms
[2019-05-26T17:19:55.020+0300][26.282s][info ][gc] GC(345) Concurrent Cycle 316.433ms
[2019-05-26T17:19:55.154+0300][26.417s][info ][gc] GC(353) Pause Young (Normal) (G1 Evacuation Pause) 230M->230M(512M) 61.965ms
[2019-05-26T17:19:55.252+0300][26.515s][info ][gc] GC(354) Pause Young (Normal) (G1 Evacuation Pause) 301M->303M(512M) 51.538ms
[2019-05-26T17:19:55.323+0300][26.585s][info ][gc] GC(355) Pause Young (Concurrent Start) (G1 Evacuation Pause) 350M->351M(512M) 34.248ms
[2019-05-26T17:19:55.323+0300][26.586s][info ][gc] GC(356) Concurrent Cycle
[2019-05-26T17:19:55.403+0300][26.665s][info ][gc] GC(357) Pause Young (Normal) (G1 Evacuation Pause) 412M->414M(512M) 25.301ms
[2019-05-26T17:19:55.433+0300][26.695s][info ][gc] GC(358) Pause Young (Normal) (G1 Evacuation Pause) 434M->436M(512M) 16.712ms
[2019-05-26T17:19:55.465+0300][26.728s][info ][gc] GC(359) Pause Young (Normal) (G1 Evacuation Pause) 457M->459M(512M) 16.131ms
[2019-05-26T17:19:55.496+0300][26.759s][info ][gc] GC(360) Pause Young (Normal) (G1 Evacuation Pause) 480M->481M(512M) 16.277ms
[2019-05-26T17:19:55.549+0300][26.811s][info ][gc] GC(361) To-space exhausted
[2019-05-26T17:19:55.549+0300][26.811s][info ][gc] GC(361) Pause Young (Normal) (G1 Evacuation Pause) 502M->506M(512M) 36.446ms
[2019-05-26T17:19:55.561+0300][26.823s][info ][gc] GC(362) To-space exhausted
[2019-05-26T17:19:55.561+0300][26.823s][info ][gc] GC(362) Pause Young (Normal) (G1 Evacuation Pause) 508M->508M(512M) 10.348ms
[2019-05-26T17:19:55.561+0300][26.823s][debug][gc] GC(363) Clear Next Bitmap 0.258ms
[2019-05-26T17:19:55.639+0300][26.901s][info ][gc] GC(363) Pause Full (G1 Evacuation Pause) 508M->125M(512M) 77.791ms
[2019-05-26T17:19:55.639+0300][26.902s][info ][gc] GC(356) Concurrent Cycle 316.189ms
[2019-05-26T17:19:55.770+0300][27.033s][info ][gc] GC(364) Pause Young (Normal) (G1 Evacuation Pause) 229M->229M(512M) 62.089ms
[2019-05-26T17:19:55.866+0300][27.129s][info ][gc] GC(365) Pause Young (Normal) (G1 Evacuation Pause) 299M->301M(512M) 50.378ms
[2019-05-26T17:19:55.938+0300][27.200s][info ][gc] GC(366) Pause Young (Concurrent Start) (G1 Evacuation Pause) 349M->351M(512M) 40.424ms
[2019-05-26T17:19:55.938+0300][27.201s][info ][gc] GC(367) Concurrent Cycle
[2019-05-26T17:19:56.019+0300][27.281s][info ][gc] GC(368) Pause Young (Normal) (G1 Evacuation Pause) 412M->414M(512M) 25.800ms
[2019-05-26T17:19:56.047+0300][27.309s][info ][gc] GC(369) Pause Young (Normal) (G1 Evacuation Pause) 434M->437M(512M) 16.350ms
[2019-05-26T17:19:56.078+0300][27.340s][info ][gc] GC(370) Pause Young (Normal) (G1 Evacuation Pause) 458M->459M(512M) 16.641ms
[2019-05-26T17:19:56.109+0300][27.371s][info ][gc] GC(371) Pause Young (Normal) (G1 Evacuation Pause) 480M->481M(512M) 16.272ms
[2019-05-26T17:19:56.167+0300][27.429s][info ][gc] GC(372) To-space exhausted
[2019-05-26T17:19:56.167+0300][27.429s][info ][gc] GC(372) Pause Young (Normal) (G1 Evacuation Pause) 502M->504M(512M) 38.166ms
[2019-05-26T17:19:56.176+0300][27.439s][info ][gc] GC(373) To-space exhausted
[2019-05-26T17:19:56.176+0300][27.439s][info ][gc] GC(373) Pause Young (Normal) (G1 Evacuation Pause) 506M->506M(512M) 7.905ms
[2019-05-26T17:19:56.177+0300][27.439s][debug][gc] GC(374) Clear Next Bitmap 0.280ms
[2019-05-26T17:19:56.252+0300][27.515s][info ][gc] GC(374) Pause Full (G1 Evacuation Pause) 506M->123M(512M) 75.785ms
[2019-05-26T17:19:56.253+0300][27.515s][info ][gc] GC(367) Concurrent Cycle 314.699ms
[2019-05-26T17:19:56.387+0300][27.650s][info ][gc] GC(375) Pause Young (Normal) (G1 Evacuation Pause) 228M->228M(512M) 63.983ms
[2019-05-26T17:19:56.485+0300][27.747s][info ][gc] GC(376) Pause Young (Normal) (G1 Evacuation Pause) 299M->300M(512M) 51.535ms
[2019-05-26T17:19:56.553+0300][27.815s][info ][gc] GC(377) Pause Young (Concurrent Start) (G1 Evacuation Pause) 348M->350M(512M) 36.220ms
[2019-05-26T17:19:56.553+0300][27.815s][info ][gc] GC(378) Concurrent Cycle
[2019-05-26T17:19:56.633+0300][27.895s][info ][gc] GC(379) Pause Young (Normal) (G1 Evacuation Pause) 411M->414M(512M) 25.022ms
[2019-05-26T17:19:56.662+0300][27.924s][info ][gc] GC(380) Pause Young (Normal) (G1 Evacuation Pause) 434M->436M(512M) 16.965ms
[2019-05-26T17:19:56.693+0300][27.955s][info ][gc] GC(381) Pause Young (Normal) (G1 Evacuation Pause) 457M->459M(512M) 18.364ms
[2019-05-26T17:19:56.725+0300][27.987s][info ][gc] GC(382) To-space exhausted
[2019-05-26T17:19:56.725+0300][27.987s][info ][gc] GC(382) Pause Young (Normal) (G1 Evacuation Pause) 480M->484M(512M) 17.668ms
[2019-05-26T17:19:56.779+0300][28.042s][info ][gc] GC(383) To-space exhausted
[2019-05-26T17:19:56.779+0300][28.042s][info ][gc] GC(383) Pause Young (Normal) (G1 Evacuation Pause) 505M->506M(512M) 39.976ms
[2019-05-26T17:19:56.780+0300][28.042s][debug][gc] GC(384) Clear Next Bitmap 0.273ms
[2019-05-26T17:19:56.852+0300][28.114s][info ][gc] GC(384) Pause Full (G1 Evacuation Pause) 506M->118M(512M) 71.929ms
[2019-05-26T17:19:56.852+0300][28.114s][info ][gc] GC(378) Concurrent Cycle 299.538ms
[2019-05-26T17:19:56.983+0300][28.245s][info ][gc] GC(385) Pause Young (Normal) (G1 Evacuation Pause) 225M->225M(512M) 60.762ms
[2019-05-26T17:19:57.079+0300][28.341s][info ][gc] GC(386) Pause Young (Normal) (G1 Evacuation Pause) 297M->299M(512M) 49.437ms
[2019-05-26T17:19:57.146+0300][28.408s][info ][gc] GC(387) Pause Young (Concurrent Start) (G1 Evacuation Pause) 347M->349M(512M) 35.779ms
[2019-05-26T17:19:57.146+0300][28.408s][info ][gc] GC(388) Concurrent Cycle
[2019-05-26T17:19:57.221+0300][28.484s][info ][gc] GC(389) Pause Young (Normal) (G1 Humongous Allocation) 380M->383M(512M) 24.396ms
[2019-05-26T17:19:57.255+0300][28.517s][info ][gc] GC(390) Pause Young (Normal) (G1 Evacuation Pause) 434M->435M(512M) 18.587ms
[2019-05-26T17:19:57.283+0300][28.546s][info ][gc] GC(391) Pause Young (Normal) (G1 Evacuation Pause) 456M->458M(512M) 15.617ms
[2019-05-26T17:19:57.316+0300][28.578s][info ][gc] GC(392) Pause Young (Normal) (G1 Evacuation Pause) 479M->481M(512M) 16.487ms
[2019-05-26T17:19:57.368+0300][28.630s][info ][gc] GC(393) To-space exhausted
[2019-05-26T17:19:57.368+0300][28.630s][info ][gc] GC(393) Pause Young (Normal) (G1 Evacuation Pause) 502M->507M(512M) 37.639ms
[2019-05-26T17:19:57.376+0300][28.639s][info ][gc] GC(394) To-space exhausted
[2019-05-26T17:19:57.376+0300][28.639s][info ][gc] GC(394) Pause Young (Normal) (G1 Evacuation Pause) 508M->508M(512M) 7.756ms
[2019-05-26T17:19:57.377+0300][28.639s][debug][gc] GC(395) Clear Next Bitmap 0.290ms
[2019-05-26T17:19:57.447+0300][28.710s][info ][gc] GC(395) Pause Full (G1 Evacuation Pause) 508M->116M(512M) 70.773ms
[2019-05-26T17:19:57.448+0300][28.710s][info ][gc] GC(388) Concurrent Cycle 301.801ms
[2019-05-26T17:19:57.583+0300][28.845s][info ][gc] GC(396) Pause Young (Normal) (G1 Evacuation Pause) 223M->223M(512M) 62.557ms
[2019-05-26T17:19:57.678+0300][28.940s][info ][gc] GC(397) Pause Young (Normal) (G1 Evacuation Pause) 295M->296M(512M) 48.434ms
[2019-05-26T17:19:57.748+0300][29.010s][info ][gc] GC(398) Pause Young (Concurrent Start) (G1 Evacuation Pause) 345M->347M(512M) 37.486ms
[2019-05-26T17:19:57.748+0300][29.010s][info ][gc] GC(399) Concurrent Cycle
[2019-05-26T17:19:57.796+0300][29.059s][info ][gc] GC(400) Pause Young (Normal) (G1 Evacuation Pause) 380M->382M(512M) 25.762ms
[2019-05-26T17:19:57.861+0300][29.124s][info ][gc] GC(401) Pause Young (Normal) (G1 Evacuation Pause) 434M->435M(512M) 18.179ms
[2019-05-26T17:19:57.891+0300][29.153s][info ][gc] GC(402) Pause Young (Normal) (G1 Evacuation Pause) 456M->458M(512M) 16.343ms
[2019-05-26T17:19:57.922+0300][29.184s][info ][gc] GC(403) Pause Young (Normal) (G1 Evacuation Pause) 479M->481M(512M) 17.061ms
[2019-05-26T17:19:57.972+0300][29.234s][info ][gc] GC(404) To-space exhausted
[2019-05-26T17:19:57.972+0300][29.234s][info ][gc] GC(404) Pause Young (Normal) (G1 Evacuation Pause) 502M->506M(512M) 34.875ms
[2019-05-26T17:19:57.981+0300][29.243s][info ][gc] GC(405) To-space exhausted
[2019-05-26T17:19:57.981+0300][29.243s][info ][gc] GC(405) Pause Young (Normal) (G1 Evacuation Pause) 507M->507M(512M) 8.357ms
[2019-05-26T17:19:57.982+0300][29.244s][debug][gc] GC(406) Clear Next Bitmap 0.273ms
[2019-05-26T17:19:58.053+0300][29.316s][info ][gc] GC(406) Pause Full (G1 Evacuation Pause) 507M->115M(512M) 72.133ms
[2019-05-26T17:19:58.054+0300][29.316s][info ][gc] GC(399) Concurrent Cycle 306.160ms
[2019-05-26T17:19:58.188+0300][29.450s][info ][gc] GC(407) Pause Young (Normal) (G1 Evacuation Pause) 223M->223M(512M) 63.686ms
[2019-05-26T17:19:58.286+0300][29.549s][info ][gc] GC(408) Pause Young (Normal) (G1 Evacuation Pause) 296M->297M(512M) 51.657ms
[2019-05-26T17:19:58.355+0300][29.617s][info ][gc] GC(409) Pause Young (Concurrent Start) (G1 Evacuation Pause) 347M->349M(512M) 36.601ms
[2019-05-26T17:19:58.355+0300][29.617s][info ][gc] GC(410) Concurrent Cycle
[2019-05-26T17:19:58.402+0300][29.664s][info ][gc] GC(411) Pause Young (Normal) (G1 Evacuation Pause) 382M->384M(512M) 24.004ms
[2019-05-26T17:19:58.466+0300][29.728s][info ][gc] GC(412) Pause Young (Normal) (G1 Evacuation Pause) 436M->438M(512M) 18.316ms
[2019-05-26T17:19:58.494+0300][29.756s][info ][gc] GC(413) Pause Young (Normal) (G1 Evacuation Pause) 459M->461M(512M) 15.509ms
[2019-05-26T17:19:58.531+0300][29.793s][info ][gc] GC(414) Pause Young (Normal) (G1 Evacuation Pause) 482M->484M(512M) 16.433ms
[2019-05-26T17:19:58.589+0300][29.851s][info ][gc] GC(415) To-space exhausted
[2019-05-26T17:19:58.589+0300][29.851s][info ][gc] GC(415) Pause Young (Normal) (G1 Evacuation Pause) 505M->507M(512M) 36.535ms
[2019-05-26T17:19:58.598+0300][29.861s][info ][gc] GC(416) To-space exhausted
[2019-05-26T17:19:58.599+0300][29.861s][info ][gc] GC(416) Pause Young (Normal) (G1 Evacuation Pause) 509M->509M(512M) 7.982ms
[2019-05-26T17:19:58.599+0300][29.861s][debug][gc] GC(417) Clear Next Bitmap 0.237ms
[2019-05-26T17:19:58.668+0300][29.930s][info ][gc] GC(417) Pause Full (G1 Evacuation Pause) 509M->115M(512M) 69.088ms
[2019-05-26T17:19:58.669+0300][29.931s][info ][gc] GC(410) Concurrent Cycle 313.378ms
[2019-05-26T17:19:58.805+0300][30.067s][info ][gc] GC(418) Pause Young (Normal) (G1 Evacuation Pause) 223M->223M(512M) 63.733ms
[2019-05-26T17:19:58.903+0300][30.165s][info ][gc] GC(419) Pause Young (Normal) (G1 Evacuation Pause) 296M->298M(512M) 50.989ms
[2019-05-26T17:19:58.972+0300][30.234s][info ][gc] GC(420) Pause Young (Concurrent Start) (G1 Evacuation Pause) 347M->349M(512M) 37.442ms
[2019-05-26T17:19:58.972+0300][30.234s][info ][gc] GC(421) Concurrent Cycle
[2019-05-26T17:19:59.020+0300][30.282s][info ][gc] GC(422) Pause Young (Normal) (G1 Evacuation Pause) 382M->384M(512M) 25.668ms
[2019-05-26T17:19:59.088+0300][30.350s][info ][gc] GC(423) Pause Young (Normal) (G1 Evacuation Pause) 436M->438M(512M) 19.032ms
[2019-05-26T17:19:59.116+0300][30.378s][info ][gc] GC(424) Pause Young (Normal) (G1 Evacuation Pause) 459M->461M(512M) 15.699ms
[2019-05-26T17:19:59.147+0300][30.409s][info ][gc] GC(425) To-space exhausted
[2019-05-26T17:19:59.147+0300][30.410s][info ][gc] GC(425) Pause Young (Normal) (G1 Evacuation Pause) 482M->487M(512M) 18.003ms
[2019-05-26T17:19:59.203+0300][30.465s][info ][gc] GC(426) To-space exhausted
[2019-05-26T17:19:59.203+0300][30.465s][info ][gc] GC(426) Pause Young (Normal) (G1 Evacuation Pause) 508M->508M(512M) 41.684ms
[2019-05-26T17:19:59.203+0300][30.465s][debug][gc] GC(427) Clear Next Bitmap 0.284ms
[2019-05-26T17:19:59.268+0300][30.530s][info ][gc] GC(427) Pause Full (G1 Evacuation Pause) 508M->110M(512M) 65.008ms
[2019-05-26T17:19:59.269+0300][30.531s][info ][gc] GC(421) Concurrent Cycle 296.680ms
[2019-05-26T17:19:59.403+0300][30.665s][info ][gc] GC(428) Pause Young (Normal) (G1 Evacuation Pause) 219M->219M(512M) 63.955ms
[2019-05-26T17:19:59.501+0300][30.764s][info ][gc] GC(429) Pause Young (Normal) (G1 Evacuation Pause) 293M->295M(512M) 50.914ms
[2019-05-26T17:19:59.569+0300][30.831s][info ][gc] GC(430) Pause Young (Concurrent Start) (G1 Evacuation Pause) 345M->347M(512M) 35.683ms
[2019-05-26T17:19:59.569+0300][30.831s][info ][gc] GC(431) Concurrent Cycle
[2019-05-26T17:19:59.620+0300][30.883s][info ][gc] GC(432) Pause Young (Normal) (G1 Evacuation Pause) 380M->382M(512M) 25.640ms
[2019-05-26T17:19:59.687+0300][30.949s][info ][gc] GC(433) Pause Young (Normal) (G1 Evacuation Pause) 434M->436M(512M) 19.063ms
[2019-05-26T17:19:59.718+0300][30.980s][info ][gc] GC(434) Pause Young (Normal) (G1 Evacuation Pause) 457M->459M(512M) 16.550ms
[2019-05-26T17:19:59.747+0300][31.009s][info ][gc] GC(435) Pause Young (Normal) (G1 Evacuation Pause) 480M->482M(512M) 15.845ms
[2019-05-26T17:19:59.799+0300][31.062s][info ][gc] GC(436) To-space exhausted
[2019-05-26T17:19:59.800+0300][31.062s][info ][gc] GC(436) Pause Young (Normal) (G1 Evacuation Pause) 503M->505M(512M) 38.131ms
[2019-05-26T17:19:59.809+0300][31.071s][info ][gc] GC(437) To-space exhausted
[2019-05-26T17:19:59.809+0300][31.071s][info ][gc] GC(437) Pause Young (Normal) (G1 Evacuation Pause) 507M->507M(512M) 7.840ms
[2019-05-26T17:19:59.809+0300][31.072s][debug][gc] GC(438) Clear Next Bitmap 0.267ms
[2019-05-26T17:19:59.872+0300][31.134s][info ][gc] GC(438) Pause Full (G1 Evacuation Pause) 507M->108M(512M) 62.729ms
[2019-05-26T17:19:59.872+0300][31.135s][info ][gc] GC(431) Concurrent Cycle 303.316ms
[2019-05-26T17:20:00.012+0300][31.274s][info ][gc] GC(439) Pause Young (Normal) (G1 Evacuation Pause) 219M->219M(512M) 66.537ms
[2019-05-26T17:20:00.113+0300][31.375s][info ][gc] GC(440) Pause Young (Normal) (G1 Evacuation Pause) 293M->294M(512M) 52.779ms
[2019-05-26T17:20:00.182+0300][31.444s][info ][gc] GC(441) Pause Young (Concurrent Start) (G1 Evacuation Pause) 344M->346M(512M) 35.996ms
[2019-05-26T17:20:00.182+0300][31.444s][info ][gc] GC(442) Concurrent Cycle
[2019-05-26T17:20:00.238+0300][31.500s][info ][gc] GC(443) Pause Young (Normal) (G1 Evacuation Pause) 380M->382M(512M) 32.386ms
[2019-05-26T17:20:00.306+0300][31.568s][info ][gc] GC(444) Pause Young (Normal) (G1 Evacuation Pause) 435M->437M(512M) 19.843ms
[2019-05-26T17:20:00.336+0300][31.598s][info ][gc] GC(445) Pause Young (Normal) (G1 Evacuation Pause) 458M->460M(512M) 16.385ms
[2019-05-26T17:20:00.366+0300][31.628s][info ][gc] GC(446) Pause Young (Normal) (G1 Evacuation Pause) 481M->483M(512M) 16.676ms
[2019-05-26T17:20:00.417+0300][31.680s][info ][gc] GC(447) To-space exhausted
[2019-05-26T17:20:00.417+0300][31.680s][info ][gc] GC(447) Pause Young (Normal) (G1 Evacuation Pause) 504M->509M(512M) 36.016ms
[2019-05-26T17:20:00.418+0300][31.680s][debug][gc] GC(448) Clear Next Bitmap 0.302ms
[2019-05-26T17:20:00.479+0300][31.742s][info ][gc] GC(448) Pause Full (G1 Evacuation Pause) 509M->105M(512M) 61.738ms
[2019-05-26T17:20:00.480+0300][31.742s][info ][gc] GC(442) Concurrent Cycle 298.059ms
[2019-05-26T17:20:00.617+0300][31.879s][info ][gc] GC(449) Pause Young (Normal) (G1 Evacuation Pause) 216M->217M(512M) 64.543ms
[2019-05-26T17:20:00.724+0300][31.986s][info ][gc] GC(450) Pause Young (Normal) (G1 Evacuation Pause) 292M->294M(512M) 57.602ms
[2019-05-26T17:20:00.797+0300][32.059s][info ][gc] GC(451) Pause Young (Concurrent Start) (G1 Evacuation Pause) 344M->346M(512M) 37.849ms
[2019-05-26T17:20:00.797+0300][32.059s][info ][gc] GC(452) Concurrent Cycle
[2019-05-26T17:20:00.848+0300][32.110s][info ][gc] GC(453) Pause Young (Normal) (G1 Evacuation Pause) 380M->382M(512M) 26.852ms
[2019-05-26T17:20:00.916+0300][32.178s][info ][gc] GC(454) Pause Young (Normal) (G1 Evacuation Pause) 436M->437M(512M) 19.153ms
[2019-05-26T17:20:00.947+0300][32.209s][info ][gc] GC(455) Pause Young (Normal) (G1 Evacuation Pause) 458M->460M(512M) 17.114ms
[2019-05-26T17:20:00.976+0300][32.238s][info ][gc] GC(456) Pause Young (Normal) (G1 Evacuation Pause) 481M->482M(512M) 16.348ms
[2019-05-26T17:20:01.029+0300][32.292s][info ][gc] GC(457) To-space exhausted
[2019-05-26T17:20:01.029+0300][32.292s][info ][gc] GC(457) Pause Young (Normal) (G1 Evacuation Pause) 503M->507M(512M) 38.285ms
[2019-05-26T17:20:01.038+0300][32.300s][info ][gc] GC(458) To-space exhausted
[2019-05-26T17:20:01.038+0300][32.300s][info ][gc] GC(458) Pause Young (Normal) (G1 Evacuation Pause) 508M->508M(512M) 7.266ms
[2019-05-26T17:20:01.038+0300][32.300s][debug][gc] GC(459) Clear Next Bitmap 0.257ms
[2019-05-26T17:20:01.103+0300][32.366s][info ][gc] GC(459) Pause Full (G1 Evacuation Pause) 508M->103M(512M) 65.632ms
[2019-05-26T17:20:01.104+0300][32.366s][info ][gc] GC(452) Concurrent Cycle 307.183ms
[2019-05-26T17:20:01.279+0300][32.542s][info ][gc] GC(460) Pause Young (Normal) (G1 Evacuation Pause) 215M->215M(512M) 81.274ms
[2019-05-26T17:20:01.389+0300][32.652s][info ][gc] GC(461) Pause Young (Normal) (G1 Evacuation Pause) 291M->293M(512M) 56.673ms
[2019-05-26T17:20:01.469+0300][32.731s][info ][gc] GC(462) Pause Young (Concurrent Start) (G1 Evacuation Pause) 344M->346M(512M) 41.761ms
[2019-05-26T17:20:01.469+0300][32.732s][info ][gc] GC(463) Concurrent Cycle
[2019-05-26T17:20:01.524+0300][32.787s][info ][gc] GC(464) Pause Young (Normal) (G1 Evacuation Pause) 380M->382M(512M) 26.398ms
[2019-05-26T17:20:01.600+0300][32.863s][info ][gc] GC(465) Pause Young (Normal) (G1 Evacuation Pause) 436M->438M(512M) 22.529ms
[2019-05-26T17:20:01.636+0300][32.899s][info ][gc] GC(466) Pause Young (Normal) (G1 Evacuation Pause) 459M->461M(512M) 18.749ms
[2019-05-26T17:20:01.675+0300][32.938s][info ][gc] GC(467) Pause Young (Normal) (G1 Evacuation Pause) 482M->484M(512M) 20.664ms
[2019-05-26T17:20:01.735+0300][32.997s][info ][gc] GC(468) To-space exhausted
[2019-05-26T17:20:01.735+0300][32.998s][info ][gc] GC(468) Pause Young (Normal) (G1 Evacuation Pause) 505M->509M(512M) 40.631ms
[2019-05-26T17:20:01.735+0300][32.998s][debug][gc] GC(469) Clear Next Bitmap 0.241ms
[2019-05-26T17:20:01.798+0300][33.061s][info ][gc] GC(469) Pause Full (G1 Evacuation Pause) 509M->100M(512M) 63.514ms
[2019-05-26T17:20:01.799+0300][33.062s][info ][gc] GC(463) Concurrent Cycle 330.610ms
[2019-05-26T17:20:01.973+0300][33.236s][info ][gc] GC(470) Pause Young (Normal) (G1 Evacuation Pause) 212M->213M(512M) 81.129ms
[2019-05-26T17:20:02.082+0300][33.345s][info ][gc] GC(471) Pause Young (Normal) (G1 Evacuation Pause) 289M->290M(512M) 57.079ms
[2019-05-26T17:20:02.164+0300][33.427s][info ][gc] GC(472) Pause Young (Concurrent Start) (G1 Evacuation Pause) 341M->344M(512M) 42.783ms
[2019-05-26T17:20:02.164+0300][33.427s][info ][gc] GC(473) Concurrent Cycle
[2019-05-26T17:20:02.230+0300][33.492s][info ][gc] GC(474) Pause Young (Normal) (G1 Evacuation Pause) 378M->379M(512M) 33.474ms
[2019-05-26T17:20:02.271+0300][33.534s][info ][gc] GC(475) Pause Young (Normal) (G1 Evacuation Pause) 402M->404M(512M) 21.143ms
[2019-05-26T17:20:02.308+0300][33.571s][info ][gc] GC(476) Pause Young (Normal) (G1 Humongous Allocation) 405M->408M(512M) 5.753ms
[2019-05-26T17:20:02.350+0300][33.613s][info ][gc] GC(477) Pause Young (Normal) (G1 Evacuation Pause) 463M->464M(512M) 20.261ms
[2019-05-26T17:20:02.395+0300][33.658s][info ][gc] GC(478) To-space exhausted
[2019-05-26T17:20:02.395+0300][33.658s][info ][gc] GC(478) Pause Young (Normal) (G1 Evacuation Pause) 485M->493M(512M) 25.341ms
[2019-05-26T17:20:02.444+0300][33.707s][info ][gc] GC(479) To-space exhausted
[2019-05-26T17:20:02.444+0300][33.707s][info ][gc] GC(479) Pause Young (Normal) (G1 Evacuation Pause) 507M->507M(512M) 35.231ms
[2019-05-26T17:20:02.445+0300][33.708s][debug][gc] GC(480) Clear Next Bitmap 0.294ms
[2019-05-26T17:20:02.502+0300][33.765s][info ][gc] GC(480) Pause Full (G1 Evacuation Pause) 507M->91M(512M) 57.078ms
[2019-05-26T17:20:02.502+0300][33.765s][info ][gc] GC(473) Concurrent Cycle 338.085ms
[2019-05-26T17:20:02.682+0300][33.945s][info ][gc] GC(481) Pause Young (Normal) (G1 Evacuation Pause) 207M->207M(512M) 90.211ms
[2019-05-26T17:20:02.794+0300][34.057s][info ][gc] GC(482) Pause Young (Normal) (G1 Evacuation Pause) 285M->287M(512M) 58.804ms
[2019-05-26T17:20:02.888+0300][34.150s][info ][gc] GC(483) Pause Young (Concurrent Start) (G1 Evacuation Pause) 340M->342M(512M) 52.262ms
[2019-05-26T17:20:02.888+0300][34.150s][info ][gc] GC(484) Concurrent Cycle
[2019-05-26T17:20:02.961+0300][34.224s][info ][gc] GC(485) Pause Young (Normal) (G1 Evacuation Pause) 377M->379M(512M) 38.177ms
[2019-05-26T17:20:03.011+0300][34.273s][info ][gc] GC(486) Pause Young (Normal) (G1 Evacuation Pause) 403M->405M(512M) 24.895ms
[2019-05-26T17:20:03.080+0300][34.342s][info ][gc] GC(487) Pause Young (Normal) (G1 Evacuation Pause) 457M->459M(512M) 20.651ms
[2019-05-26T17:20:03.120+0300][34.383s][info ][gc] GC(488) Pause Young (Normal) (G1 Evacuation Pause) 480M->481M(512M) 22.262ms
[2019-05-26T17:20:03.195+0300][34.457s][info ][gc] GC(489) To-space exhausted
[2019-05-26T17:20:03.195+0300][34.457s][info ][gc] GC(489) Pause Young (Normal) (G1 Evacuation Pause) 502M->507M(512M) 42.465ms
[2019-05-26T17:20:03.209+0300][34.471s][info ][gc] GC(490) To-space exhausted
[2019-05-26T17:20:03.209+0300][34.471s][info ][gc] GC(490) Pause Young (Normal) (G1 Evacuation Pause) 509M->509M(512M) 11.367ms
[2019-05-26T17:20:03.210+0300][34.472s][debug][gc] GC(491) Clear Next Bitmap 0.287ms
[2019-05-26T17:20:03.272+0300][34.534s][info ][gc] GC(491) Pause Full (G1 Evacuation Pause) 509M->95M(512M) 62.675ms
[2019-05-26T17:20:03.273+0300][34.535s][info ][gc] GC(484) Concurrent Cycle 384.737ms
[2019-05-26T17:20:03.447+0300][34.710s][info ][gc] GC(492) Pause Young (Normal) (G1 Evacuation Pause) 209M->209M(512M) 77.093ms
[2019-05-26T17:20:03.570+0300][34.832s][info ][gc] GC(493) Pause Young (Normal) (G1 Evacuation Pause) 286M->288M(512M) 63.620ms
[2019-05-26T17:20:03.654+0300][34.917s][info ][gc] GC(494) Pause Young (Concurrent Start) (G1 Evacuation Pause) 340M->341M(512M) 46.725ms
[2019-05-26T17:20:03.654+0300][34.917s][info ][gc] GC(495) Concurrent Cycle
[2019-05-26T17:20:03.721+0300][34.983s][info ][gc] GC(496) Pause Young (Normal) (G1 Evacuation Pause) 376M->379M(512M) 32.663ms
[2019-05-26T17:20:03.770+0300][35.033s][info ][gc] GC(497) Pause Young (Normal) (G1 Evacuation Pause) 403M->404M(512M) 23.413ms
[2019-05-26T17:20:03.812+0300][35.075s][info ][gc] GC(498) Pause Young (Normal) (G1 Humongous Allocation) 409M->411M(512M) 8.106ms
[2019-05-26T17:20:03.855+0300][35.117s][info ][gc] GC(499) Pause Young (Normal) (G1 Evacuation Pause) 463M->464M(512M) 23.566ms
[2019-05-26T17:20:03.897+0300][35.160s][info ][gc] GC(500) To-space exhausted
[2019-05-26T17:20:03.897+0300][35.160s][info ][gc] GC(500) Pause Young (Normal) (G1 Evacuation Pause) 485M->492M(512M) 22.738ms
[2019-05-26T17:20:03.949+0300][35.211s][info ][gc] GC(501) To-space exhausted
[2019-05-26T17:20:03.949+0300][35.212s][info ][gc] GC(501) Pause Young (Normal) (G1 Evacuation Pause) 508M->508M(512M) 39.389ms
[2019-05-26T17:20:03.950+0300][35.212s][debug][gc] GC(502) Clear Next Bitmap 0.259ms
[2019-05-26T17:20:04.012+0300][35.274s][info ][gc] GC(502) Pause Full (G1 Evacuation Pause) 508M->90M(512M) 62.734ms
[2019-05-26T17:20:04.013+0300][35.275s][info ][gc] GC(495) Concurrent Cycle 358.303ms
[2019-05-26T17:20:04.211+0300][35.473s][info ][gc] GC(503) Pause Young (Normal) (G1 Evacuation Pause) 206M->206M(512M) 78.987ms
[2019-05-26T17:20:04.348+0300][35.611s][info ][gc] GC(504) Pause Young (Normal) (G1 Evacuation Pause) 284M->287M(512M) 66.666ms
[2019-05-26T17:20:04.444+0300][35.707s][info ][gc] GC(505) Pause Young (Concurrent Start) (G1 Evacuation Pause) 340M->342M(512M) 47.583ms
[2019-05-26T17:20:04.444+0300][35.707s][info ][gc] GC(506) Concurrent Cycle
[2019-05-26T17:20:04.520+0300][35.783s][info ][gc] GC(507) Pause Young (Normal) (G1 Evacuation Pause) 377M->380M(512M) 40.068ms
[2019-05-26T17:20:04.562+0300][35.825s][info ][gc] GC(508) Pause Young (Normal) (G1 Evacuation Pause) 403M->405M(512M) 21.746ms
[2019-05-26T17:20:04.615+0300][35.878s][info ][gc] GC(509) Pause Young (Normal) (G1 Humongous Allocation) 414M->416M(512M) 12.160ms
[2019-05-26T17:20:04.616+0300][35.879s][debug][gc] GC(510) Clear Next Bitmap 0.315ms
[2019-05-26T17:20:04.620+0300][35.883s][info ][gc] GC(510) Pause Full (G1 Humongous Allocation) 416M->1M(512M) 4.770ms
[2019-05-26T17:20:04.621+0300][35.884s][info ][gc] GC(506) Concurrent Cycle 177.580ms
[2019-05-26T17:20:04.848+0300][36.110s][info ][gc] GC(511) Pause Young (Normal) (G1 Evacuation Pause) 176M->177M(512M) 93.837ms
[2019-05-26T17:20:04.991+0300][36.254s][info ][gc] GC(512) Pause Young (Normal) (G1 Evacuation Pause) 264M->266M(512M) 68.490ms
[2019-05-26T17:20:05.096+0300][36.358s][info ][gc] GC(513) Pause Young (Concurrent Start) (G1 Evacuation Pause) 325M->327M(512M) 48.222ms
[2019-05-26T17:20:05.096+0300][36.358s][info ][gc] GC(514) Concurrent Cycle
[2019-05-26T17:20:05.181+0300][36.444s][info ][gc] GC(515) Pause Young (Normal) (G1 Evacuation Pause) 367M->369M(512M) 34.299ms
[2019-05-26T17:20:05.227+0300][36.489s][info ][gc] GC(516) Pause Young (Normal) (G1 Evacuation Pause) 396M->397M(512M) 24.101ms
[2019-05-26T17:20:05.302+0300][36.564s][info ][gc] GC(517) Pause Young (Normal) (G1 Evacuation Pause) 449M->452M(512M) 21.017ms
[2019-05-26T17:20:05.341+0300][36.603s][info ][gc] GC(518) Pause Young (Normal) (G1 Evacuation Pause) 473M->475M(512M) 18.964ms
[2019-05-26T17:20:05.397+0300][36.660s][info ][gc] GC(519) To-space exhausted
[2019-05-26T17:20:05.397+0300][36.660s][info ][gc] GC(519) Pause Young (Normal) (G1 Evacuation Pause) 496M->503M(512M) 35.644ms
[2019-05-26T17:20:05.424+0300][36.686s][info ][gc] GC(520) To-space exhausted
[2019-05-26T17:20:05.424+0300][36.686s][info ][gc] GC(520) Pause Young (Normal) (G1 Evacuation Pause) 508M->508M(512M) 22.598ms
[2019-05-26T17:20:05.424+0300][36.687s][debug][gc] GC(521) Clear Next Bitmap 0.299ms
[2019-05-26T17:20:05.473+0300][36.735s][info ][gc] GC(521) Pause Full (G1 Evacuation Pause) 508M->82M(512M) 48.867ms
[2019-05-26T17:20:05.474+0300][36.736s][info ][gc] GC(514) Concurrent Cycle 377.882ms
[2019-05-26T17:20:05.648+0300][36.910s][info ][gc] GC(522) Pause Young (Normal) (G1 Evacuation Pause) 200M->200M(512M) 83.740ms
[2019-05-26T17:20:05.766+0300][37.028s][info ][gc] GC(523) Pause Young (Normal) (G1 Evacuation Pause) 280M->282M(512M) 62.543ms
[2019-05-26T17:20:05.850+0300][37.112s][info ][gc] GC(524) Pause Young (Concurrent Start) (G1 Evacuation Pause) 336M->338M(512M) 47.254ms
[2019-05-26T17:20:05.850+0300][37.112s][info ][gc] GC(525) Concurrent Cycle
[2019-05-26T17:20:05.916+0300][37.178s][info ][gc] GC(526) Pause Young (Normal) (G1 Evacuation Pause) 374M->376M(512M) 31.369ms
[2019-05-26T17:20:05.961+0300][37.224s][info ][gc] GC(527) Pause Young (Normal) (G1 Evacuation Pause) 400M->401M(512M) 22.677ms
[2019-05-26T17:20:06.033+0300][37.295s][info ][gc] GC(528) Pause Young (Normal) (G1 Evacuation Pause) 454M->457M(512M) 18.919ms
[2019-05-26T17:20:06.070+0300][37.333s][info ][gc] GC(529) Pause Young (Normal) (G1 Evacuation Pause) 478M->480M(512M) 20.703ms
[2019-05-26T17:20:06.126+0300][37.388s][info ][gc] GC(530) To-space exhausted
[2019-05-26T17:20:06.126+0300][37.388s][info ][gc] GC(530) Pause Young (Normal) (G1 Evacuation Pause) 501M->505M(512M) 40.729ms
[2019-05-26T17:20:06.143+0300][37.406s][info ][gc] GC(531) To-space exhausted
[2019-05-26T17:20:06.143+0300][37.406s][info ][gc] GC(531) Pause Young (Normal) (G1 Evacuation Pause) 508M->508M(512M) 14.961ms
[2019-05-26T17:20:06.144+0300][37.406s][debug][gc] GC(532) Clear Next Bitmap 0.257ms
[2019-05-26T17:20:06.197+0300][37.459s][info ][gc] GC(532) Pause Full (G1 Evacuation Pause) 508M->84M(512M) 52.948ms
[2019-05-26T17:20:06.197+0300][37.460s][info ][gc] GC(525) Concurrent Cycle 347.262ms
[2019-05-26T17:20:06.368+0300][37.631s][info ][gc] GC(533) Pause Young (Normal) (G1 Evacuation Pause) 202M->202M(512M) 77.188ms
[2019-05-26T17:20:06.490+0300][37.753s][info ][gc] GC(534) Pause Young (Normal) (G1 Evacuation Pause) 281M->283M(512M) 60.875ms
[2019-05-26T17:20:06.567+0300][37.830s][info ][gc] GC(535) Pause Young (Concurrent Start) (G1 Evacuation Pause) 336M->338M(512M) 40.521ms
[2019-05-26T17:20:06.567+0300][37.830s][info ][gc] GC(536) Concurrent Cycle
[2019-05-26T17:20:06.621+0300][37.884s][info ][gc] GC(537) Pause Young (Normal) (G1 Evacuation Pause) 374M->376M(512M) 28.007ms
[2019-05-26T17:20:06.660+0300][37.923s][info ][gc] GC(538) Pause Young (Normal) (G1 Evacuation Pause) 400M->402M(512M) 21.053ms
[2019-05-26T17:20:06.727+0300][37.990s][info ][gc] GC(539) Pause Young (Normal) (G1 Evacuation Pause) 455M->458M(512M) 18.171ms
[2019-05-26T17:20:06.756+0300][38.019s][info ][gc] GC(540) Pause Young (Normal) (G1 Evacuation Pause) 479M->481M(512M) 16.712ms
[2019-05-26T17:20:06.811+0300][38.074s][info ][gc] GC(541) To-space exhausted
[2019-05-26T17:20:06.811+0300][38.074s][info ][gc] GC(541) Pause Young (Normal) (G1 Evacuation Pause) 502M->507M(512M) 40.285ms
[2019-05-26T17:20:06.819+0300][38.082s][info ][gc] GC(542) To-space exhausted
[2019-05-26T17:20:06.819+0300][38.082s][info ][gc] GC(542) Pause Young (Normal) (G1 Evacuation Pause) 508M->508M(512M) 7.020ms
[2019-05-26T17:20:06.819+0300][38.082s][debug][gc] GC(543) Clear Next Bitmap 0.306ms
[2019-05-26T17:20:06.866+0300][38.129s][info ][gc] GC(543) Pause Full (G1 Evacuation Pause) 508M->80M(512M) 46.582ms
[2019-05-26T17:20:06.866+0300][38.129s][info ][gc] GC(536) Concurrent Cycle 299.142ms
[2019-05-26T17:20:07.025+0300][38.288s][info ][gc] GC(544) Pause Young (Normal) (G1 Evacuation Pause) 199M->199M(512M) 73.832ms
[2019-05-26T17:20:07.145+0300][38.407s][info ][gc] GC(545) Pause Young (Normal) (G1 Evacuation Pause) 280M->281M(512M) 63.311ms
[2019-05-26T17:20:07.229+0300][38.492s][info ][gc] GC(546) Pause Young (Concurrent Start) (G1 Evacuation Pause) 335M->337M(512M) 47.231ms
[2019-05-26T17:20:07.229+0300][38.492s][info ][gc] GC(547) Concurrent Cycle
[2019-05-26T17:20:07.293+0300][38.556s][info ][gc] GC(548) Pause Young (Normal) (G1 Evacuation Pause) 374M->377M(512M) 28.357ms
[2019-05-26T17:20:07.334+0300][38.596s][info ][gc] GC(549) Pause Young (Normal) (G1 Evacuation Pause) 402M->404M(512M) 22.085ms
[2019-05-26T17:20:07.402+0300][38.665s][info ][gc] GC(550) Pause Young (Normal) (G1 Evacuation Pause) 457M->458M(512M) 17.739ms
[2019-05-26T17:20:07.432+0300][38.695s][info ][gc] GC(551) Pause Young (Normal) (G1 Evacuation Pause) 479M->481M(512M) 17.086ms
[2019-05-26T17:20:07.482+0300][38.745s][info ][gc] GC(552) To-space exhausted
[2019-05-26T17:20:07.482+0300][38.745s][info ][gc] GC(552) Pause Young (Normal) (G1 Evacuation Pause) 502M->508M(512M) 36.516ms
[2019-05-26T17:20:07.492+0300][38.755s][info ][gc] GC(553) To-space exhausted
[2019-05-26T17:20:07.492+0300][38.755s][info ][gc] GC(553) Pause Young (Normal) (G1 Evacuation Pause) 509M->509M(512M) 9.189ms
[2019-05-26T17:20:07.493+0300][38.755s][debug][gc] GC(554) Clear Next Bitmap 0.292ms
[2019-05-26T17:20:07.538+0300][38.800s][info ][gc] GC(554) Pause Full (G1 Evacuation Pause) 509M->79M(512M) 45.163ms
[2019-05-26T17:20:07.539+0300][38.801s][info ][gc] GC(547) Concurrent Cycle 309.041ms
[2019-05-26T17:20:07.696+0300][38.958s][info ][gc] GC(555) Pause Young (Normal) (G1 Evacuation Pause) 198M->198M(512M) 76.322ms
[2019-05-26T17:20:07.810+0300][39.072s][info ][gc] GC(556) Pause Young (Normal) (G1 Evacuation Pause) 279M->280M(512M) 58.443ms
[2019-05-26T17:20:07.890+0300][39.152s][info ][gc] GC(557) Pause Young (Concurrent Start) (G1 Evacuation Pause) 335M->337M(512M) 41.805ms
[2019-05-26T17:20:07.890+0300][39.152s][info ][gc] GC(558) Concurrent Cycle
[2019-05-26T17:20:07.951+0300][39.213s][info ][gc] GC(559) Pause Young (Normal) (G1 Evacuation Pause) 374M->376M(512M) 32.663ms
[2019-05-26T17:20:08.003+0300][39.265s][info ][gc] GC(560) Pause Young (Normal) (G1 Evacuation Pause) 401M->404M(512M) 26.706ms
[2019-05-26T17:20:08.077+0300][39.339s][info ][gc] GC(561) Pause Young (Normal) (G1 Evacuation Pause) 458M->460M(512M) 19.059ms
[2019-05-26T17:20:08.108+0300][39.370s][info ][gc] GC(562) Pause Young (Normal) (G1 Evacuation Pause) 481M->482M(512M) 17.638ms
[2019-05-26T17:20:08.159+0300][39.421s][info ][gc] GC(563) To-space exhausted
[2019-05-26T17:20:08.159+0300][39.421s][info ][gc] GC(563) Pause Young (Normal) (G1 Evacuation Pause) 503M->508M(512M) 37.939ms
[2019-05-26T17:20:08.170+0300][39.432s][info ][gc] GC(564) To-space exhausted
[2019-05-26T17:20:08.170+0300][39.432s][info ][gc] GC(564) Pause Young (Normal) (G1 Evacuation Pause) 509M->509M(512M) 9.377ms
[2019-05-26T17:20:08.170+0300][39.432s][debug][gc] GC(565) Clear Next Bitmap 0.249ms
[2019-05-26T17:20:08.212+0300][39.474s][info ][gc] GC(565) Pause Full (G1 Evacuation Pause) 509M->78M(512M) 42.278ms
[2019-05-26T17:20:08.213+0300][39.475s][info ][gc] GC(558) Concurrent Cycle 322.708ms
[2019-05-26T17:20:08.373+0300][39.635s][info ][gc] GC(566) Pause Young (Normal) (G1 Evacuation Pause) 197M->197M(512M) 77.881ms
[2019-05-26T17:20:08.491+0300][39.753s][info ][gc] GC(567) Pause Young (Normal) (G1 Evacuation Pause) 278M->280M(512M) 62.424ms
[2019-05-26T17:20:08.572+0300][39.834s][info ][gc] GC(568) Pause Young (Concurrent Start) (G1 Evacuation Pause) 335M->337M(512M) 42.282ms
[2019-05-26T17:20:08.572+0300][39.834s][info ][gc] GC(569) Concurrent Cycle
[2019-05-26T17:20:08.630+0300][39.892s][info ][gc] GC(570) Pause Young (Normal) (G1 Evacuation Pause) 374M->375M(512M) 31.088ms
[2019-05-26T17:20:08.672+0300][39.934s][info ][gc] GC(571) Pause Young (Normal) (G1 Evacuation Pause) 400M->402M(512M) 22.936ms
[2019-05-26T17:20:08.712+0300][39.974s][info ][gc] GC(572) Pause Young (Normal) (G1 Evacuation Pause) 423M->425M(512M) 21.503ms
[2019-05-26T17:20:08.781+0300][40.043s][info ][gc] GC(573) Pause Young (Normal) (G1 Evacuation Pause) 479M->482M(512M) 21.605ms
[2019-05-26T17:20:08.842+0300][40.104s][info ][gc] GC(574) To-space exhausted
[2019-05-26T17:20:08.842+0300][40.104s][info ][gc] GC(574) Pause Young (Normal) (G1 Evacuation Pause) 503M->508M(512M) 46.295ms
[2019-05-26T17:20:08.842+0300][40.104s][debug][gc] GC(575) Clear Next Bitmap 0.247ms
[2019-05-26T17:20:08.885+0300][40.147s][info ][gc] GC(575) Pause Full (G1 Evacuation Pause) 508M->73M(512M) 43.005ms
[2019-05-26T17:20:08.886+0300][40.148s][info ][gc] GC(569) Concurrent Cycle 313.945ms
[2019-05-26T17:20:09.042+0300][40.304s][info ][gc] GC(576) Pause Young (Normal) (G1 Evacuation Pause) 194M->195M(512M) 73.444ms
[2019-05-26T17:20:09.157+0300][40.419s][info ][gc] GC(577) Pause Young (Normal) (G1 Evacuation Pause) 276M->277M(512M) 59.896ms
[2019-05-26T17:20:09.237+0300][40.499s][info ][gc] GC(578) Pause Young (Concurrent Start) (G1 Evacuation Pause) 332M->334M(512M) 41.877ms
[2019-05-26T17:20:09.237+0300][40.499s][info ][gc] GC(579) Concurrent Cycle
[2019-05-26T17:20:09.294+0300][40.556s][info ][gc] GC(580) Pause Young (Normal) (G1 Evacuation Pause) 371M->373M(512M) 28.014ms
[2019-05-26T17:20:09.334+0300][40.596s][info ][gc] GC(581) Pause Young (Normal) (G1 Evacuation Pause) 398M->399M(512M) 21.946ms
[2019-05-26T17:20:09.370+0300][40.632s][info ][gc] GC(582) Pause Young (Normal) (G1 Evacuation Pause) 420M->421M(512M) 17.114ms
[2019-05-26T17:20:09.446+0300][40.708s][info ][gc] GC(583) Pause Young (Normal) (G1 Evacuation Pause) 475M->477M(512M) 23.042ms
[2019-05-26T17:20:09.495+0300][40.757s][info ][gc] GC(584) To-space exhausted
[2019-05-26T17:20:09.495+0300][40.757s][info ][gc] GC(584) Pause Young (Normal) (G1 Evacuation Pause) 498M->504M(512M) 35.165ms
[2019-05-26T17:20:09.509+0300][40.771s][info ][gc] GC(585) To-space exhausted
[2019-05-26T17:20:09.509+0300][40.771s][info ][gc] GC(585) Pause Young (Normal) (G1 Evacuation Pause) 507M->507M(512M) 12.631ms
[2019-05-26T17:20:09.510+0300][40.772s][debug][gc] GC(586) Clear Next Bitmap 0.424ms
[2019-05-26T17:20:09.546+0300][40.808s][info ][gc] GC(586) Pause Full (G1 Evacuation Pause) 507M->70M(512M) 36.063ms
[2019-05-26T17:20:09.546+0300][40.808s][info ][gc] GC(579) Concurrent Cycle 309.037ms
[2019-05-26T17:20:09.701+0300][40.963s][info ][gc] GC(587) Pause Young (Normal) (G1 Evacuation Pause) 192M->192M(512M) 72.262ms
[2019-05-26T17:20:09.815+0300][41.077s][info ][gc] GC(588) Pause Young (Normal) (G1 Evacuation Pause) 274M->277M(512M) 58.517ms
[2019-05-26T17:20:09.895+0300][41.157s][info ][gc] GC(589) Pause Young (Concurrent Start) (G1 Evacuation Pause) 332M->334M(512M) 41.895ms
[2019-05-26T17:20:09.895+0300][41.157s][info ][gc] GC(590) Concurrent Cycle
[2019-05-26T17:20:09.954+0300][41.216s][info ][gc] GC(591) Pause Young (Normal) (G1 Evacuation Pause) 371M->373M(512M) 31.013ms
[2019-05-26T17:20:09.994+0300][41.256s][info ][gc] GC(592) Pause Young (Normal) (G1 Evacuation Pause) 398M->400M(512M) 21.082ms
[2019-05-26T17:20:10.027+0300][41.289s][info ][gc] GC(593) Pause Young (Normal) (G1 Evacuation Pause) 421M->423M(512M) 17.382ms
[2019-05-26T17:20:10.094+0300][41.356s][info ][gc] GC(594) Pause Young (Normal) (G1 Evacuation Pause) 477M->478M(512M) 19.283ms
[2019-05-26T17:20:10.149+0300][41.411s][info ][gc] GC(595) To-space exhausted
[2019-05-26T17:20:10.149+0300][41.411s][info ][gc] GC(595) Pause Young (Normal) (G1 Evacuation Pause) 499M->506M(512M) 35.870ms
[2019-05-26T17:20:10.160+0300][41.423s][info ][gc] GC(596) To-space exhausted
[2019-05-26T17:20:10.161+0300][41.423s][info ][gc] GC(596) Pause Young (Normal) (G1 Evacuation Pause) 507M->507M(512M) 10.426ms
[2019-05-26T17:20:10.161+0300][41.423s][debug][gc] GC(597) Clear Next Bitmap 0.312ms
[2019-05-26T17:20:10.195+0300][41.457s][info ][gc] GC(597) Pause Full (G1 Evacuation Pause) 507M->66M(512M) 33.845ms
[2019-05-26T17:20:10.195+0300][41.457s][info ][gc] GC(590) Concurrent Cycle 300.280ms
[2019-05-26T17:20:10.354+0300][41.616s][info ][gc] GC(598) Pause Young (Normal) (G1 Evacuation Pause) 189M->189M(512M) 74.945ms
[2019-05-26T17:20:10.475+0300][41.738s][info ][gc] GC(599) Pause Young (Normal) (G1 Evacuation Pause) 273M->275M(512M) 61.934ms
[2019-05-26T17:20:10.560+0300][41.823s][info ][gc] GC(600) Pause Young (Concurrent Start) (G1 Evacuation Pause) 332M->334M(512M) 43.467ms
[2019-05-26T17:20:10.561+0300][41.823s][info ][gc] GC(601) Concurrent Cycle
[2019-05-26T17:20:10.621+0300][41.883s][info ][gc] GC(602) Pause Young (Normal) (G1 Evacuation Pause) 372M->373M(512M) 30.808ms
[2019-05-26T17:20:10.660+0300][41.922s][info ][gc] GC(603) Pause Young (Normal) (G1 Evacuation Pause) 398M->400M(512M) 19.968ms
[2019-05-26T17:20:10.701+0300][41.963s][info ][gc] GC(604) Pause Young (Normal) (G1 Evacuation Pause) 421M->422M(512M) 22.160ms
[2019-05-26T17:20:10.774+0300][42.036s][info ][gc] GC(605) Pause Young (Normal) (G1 Evacuation Pause) 476M->478M(512M) 19.039ms
[2019-05-26T17:20:10.823+0300][42.085s][info ][gc] GC(606) To-space exhausted
[2019-05-26T17:20:10.823+0300][42.085s][info ][gc] GC(606) Pause Young (Normal) (G1 Evacuation Pause) 499M->507M(512M) 34.310ms
[2019-05-26T17:20:10.841+0300][42.103s][info ][gc] GC(607) To-space exhausted
[2019-05-26T17:20:10.841+0300][42.103s][info ][gc] GC(607) Pause Young (Normal) (G1 Evacuation Pause) 509M->509M(512M) 15.597ms
[2019-05-26T17:20:10.842+0300][42.104s][debug][gc] GC(608) Clear Next Bitmap 0.256ms
[2019-05-26T17:20:10.874+0300][42.136s][info ][gc] GC(608) Pause Full (G1 Evacuation Pause) 509M->65M(512M) 32.232ms
[2019-05-26T17:20:10.874+0300][42.136s][info ][gc] GC(601) Concurrent Cycle 313.626ms
[2019-05-26T17:20:11.038+0300][42.300s][info ][gc] GC(609) Pause Young (Normal) (G1 Evacuation Pause) 188M->188M(512M) 79.536ms
[2019-05-26T17:20:11.157+0300][42.419s][info ][gc] GC(610) Pause Young (Normal) (G1 Evacuation Pause) 271M->273M(512M) 61.803ms
[2019-05-26T17:20:11.243+0300][42.505s][info ][gc] GC(611) Pause Young (Concurrent Start) (G1 Evacuation Pause) 329M->331M(512M) 47.984ms
[2019-05-26T17:20:11.243+0300][42.505s][info ][gc] GC(612) Concurrent Cycle
[2019-05-26T17:20:11.309+0300][42.572s][info ][gc] GC(613) Pause Young (Normal) (G1 Evacuation Pause) 369M->370M(512M) 34.236ms
[2019-05-26T17:20:11.357+0300][42.619s][info ][gc] GC(614) Pause Young (Normal) (G1 Evacuation Pause) 396M->398M(512M) 23.032ms
[2019-05-26T17:20:11.392+0300][42.654s][info ][gc] GC(615) Pause Young (Normal) (G1 Evacuation Pause) 419M->420M(512M) 18.716ms
[2019-05-26T17:20:11.457+0300][42.720s][info ][gc] GC(616) Pause Young (Normal) (G1 Evacuation Pause) 474M->476M(512M) 18.242ms
[2019-05-26T17:20:11.505+0300][42.767s][info ][gc] GC(617) To-space exhausted
[2019-05-26T17:20:11.505+0300][42.767s][info ][gc] GC(617) Pause Young (Normal) (G1 Evacuation Pause) 497M->502M(512M) 34.701ms
[2019-05-26T17:20:11.524+0300][42.786s][info ][gc] GC(618) To-space exhausted
[2019-05-26T17:20:11.524+0300][42.786s][info ][gc] GC(618) Pause Young (Normal) (G1 Evacuation Pause) 506M->506M(512M) 16.490ms
[2019-05-26T17:20:11.524+0300][42.787s][debug][gc] GC(619) Clear Next Bitmap 0.292ms
[2019-05-26T17:20:11.559+0300][42.821s][info ][gc] GC(619) Pause Full (G1 Evacuation Pause) 506M->64M(512M) 34.641ms
[2019-05-26T17:20:11.559+0300][42.822s][info ][gc] GC(612) Concurrent Cycle 316.568ms
[2019-05-26T17:20:11.732+0300][42.994s][info ][gc] GC(620) Pause Young (Normal) (G1 Evacuation Pause) 188M->188M(512M) 82.020ms
[2019-05-26T17:20:11.865+0300][43.127s][info ][gc] GC(621) Pause Young (Normal) (G1 Evacuation Pause) 272M->274M(512M) 72.402ms
[2019-05-26T17:20:11.949+0300][43.212s][info ][gc] GC(622) Pause Young (Concurrent Start) (G1 Evacuation Pause) 331M->332M(512M) 46.148ms
[2019-05-26T17:20:11.949+0300][43.212s][info ][gc] GC(623) Concurrent Cycle
[2019-05-26T17:20:12.019+0300][43.282s][info ][gc] GC(624) Pause Young (Normal) (G1 Evacuation Pause) 370M->372M(512M) 37.174ms
[2019-05-26T17:20:12.074+0300][43.337s][info ][gc] GC(625) Pause Young (Normal) (G1 Evacuation Pause) 398M->401M(512M) 26.893ms
[2019-05-26T17:20:12.115+0300][43.377s][info ][gc] GC(626) Pause Young (Normal) (G1 Evacuation Pause) 422M->424M(512M) 19.791ms
[2019-05-26T17:20:12.176+0300][43.438s][info ][gc] GC(627) Pause Young (Normal) (G1 Humongous Allocation) 441M->443M(512M) 17.652ms
[2019-05-26T17:20:12.239+0300][43.501s][info ][gc] GC(628) To-space exhausted
[2019-05-26T17:20:12.239+0300][43.502s][info ][gc] GC(628) Pause Young (Normal) (G1 Evacuation Pause) 498M->502M(512M) 39.258ms
[2019-05-26T17:20:12.267+0300][43.530s][info ][gc] GC(629) To-space exhausted
[2019-05-26T17:20:12.267+0300][43.530s][info ][gc] GC(629) Pause Young (Normal) (G1 Evacuation Pause) 508M->508M(512M) 24.195ms
[2019-05-26T17:20:12.268+0300][43.530s][debug][gc] GC(630) Clear Next Bitmap 0.322ms
[2019-05-26T17:20:12.299+0300][43.562s][info ][gc] GC(630) Pause Full (G1 Evacuation Pause) 508M->62M(512M) 31.510ms
[2019-05-26T17:20:12.300+0300][43.562s][info ][gc] GC(623) Concurrent Cycle 350.153ms
[2019-05-26T17:20:12.471+0300][43.734s][info ][gc] GC(631) Pause Young (Normal) (G1 Evacuation Pause) 187M->187M(512M) 88.768ms
[2019-05-26T17:20:12.596+0300][43.859s][info ][gc] GC(632) Pause Young (Normal) (G1 Evacuation Pause) 272M->274M(512M) 67.141ms
[2019-05-26T17:20:12.698+0300][43.960s][info ][gc] GC(633) Pause Young (Concurrent Start) (G1 Evacuation Pause) 331M->332M(512M) 53.012ms
[2019-05-26T17:20:12.698+0300][43.961s][info ][gc] GC(634) Concurrent Cycle
[2019-05-26T17:20:12.767+0300][44.030s][info ][gc] GC(635) Pause Young (Normal) (G1 Evacuation Pause) 370M->373M(512M) 34.032ms
[2019-05-26T17:20:12.812+0300][44.075s][info ][gc] GC(636) Pause Young (Normal) (G1 Evacuation Pause) 399M->401M(512M) 24.868ms
[2019-05-26T17:20:12.851+0300][44.113s][info ][gc] GC(637) Pause Young (Normal) (G1 Evacuation Pause) 422M->424M(512M) 22.286ms
[2019-05-26T17:20:12.929+0300][44.192s][info ][gc] GC(638) Pause Young (Normal) (G1 Evacuation Pause) 479M->481M(512M) 26.924ms
[2019-05-26T17:20:12.996+0300][44.258s][info ][gc] GC(639) To-space exhausted
[2019-05-26T17:20:12.996+0300][44.259s][info ][gc] GC(639) Pause Young (Normal) (G1 Evacuation Pause) 502M->509M(512M) 45.818ms
[2019-05-26T17:20:12.996+0300][44.259s][debug][gc] GC(640) Clear Next Bitmap 0.287ms
[2019-05-26T17:20:13.027+0300][44.289s][info ][gc] GC(640) Pause Full (G1 Evacuation Pause) 509M->57M(512M) 30.069ms
[2019-05-26T17:20:13.027+0300][44.289s][info ][gc] GC(634) Concurrent Cycle 328.979ms
[2019-05-26T17:20:13.216+0300][44.478s][info ][gc] GC(641) Pause Young (Normal) (G1 Evacuation Pause) 183M->183M(512M) 88.319ms
[2019-05-26T17:20:13.352+0300][44.614s][info ][gc] GC(642) Pause Young (Normal) (G1 Evacuation Pause) 268M->270M(512M) 68.333ms
[2019-05-26T17:20:13.455+0300][44.718s][info ][gc] GC(643) Pause Young (Concurrent Start) (G1 Evacuation Pause) 327M->329M(512M) 58.603ms
[2019-05-26T17:20:13.456+0300][44.718s][info ][gc] GC(644) Concurrent Cycle
[2019-05-26T17:20:13.534+0300][44.796s][info ][gc] GC(645) Pause Young (Normal) (G1 Evacuation Pause) 368M->370M(512M) 37.696ms
[2019-05-26T17:20:13.586+0300][44.849s][info ][gc] GC(646) Pause Young (Normal) (G1 Evacuation Pause) 396M->398M(512M) 24.580ms
[2019-05-26T17:20:13.629+0300][44.891s][info ][gc] GC(647) Pause Young (Normal) (G1 Evacuation Pause) 419M->420M(512M) 21.128ms
[2019-05-26T17:20:13.672+0300][44.934s][info ][gc] GC(648) Pause Young (Normal) (G1 Evacuation Pause) 441M->443M(512M) 20.357ms
[2019-05-26T17:20:13.764+0300][45.026s][info ][gc] GC(649) To-space exhausted
[2019-05-26T17:20:13.764+0300][45.026s][info ][gc] GC(649) Pause Young (Normal) (G1 Evacuation Pause) 498M->507M(512M) 40.805ms
[2019-05-26T17:20:13.777+0300][45.039s][info ][gc] GC(650) To-space exhausted
[2019-05-26T17:20:13.777+0300][45.039s][info ][gc] GC(650) Pause Young (Normal) (G1 Evacuation Pause) 508M->508M(512M) 11.728ms
[2019-05-26T17:20:13.778+0300][45.040s][debug][gc] GC(651) Clear Next Bitmap 0.309ms
[2019-05-26T17:20:13.802+0300][45.065s][info ][gc] GC(651) Pause Full (G1 Evacuation Pause) 508M->53M(512M) 25.081ms
[2019-05-26T17:20:13.803+0300][45.065s][info ][gc] GC(644) Concurrent Cycle 347.568ms
[2019-05-26T17:20:13.988+0300][45.250s][info ][gc] GC(652) Pause Young (Normal) (G1 Evacuation Pause) 180M->180M(512M) 86.613ms
[2019-05-26T17:20:14.126+0300][45.388s][info ][gc] GC(653) Pause Young (Normal) (G1 Evacuation Pause) 266M->268M(512M) 72.518ms
[2019-05-26T17:20:14.216+0300][45.479s][info ][gc] GC(654) Pause Young (Concurrent Start) (G1 Evacuation Pause) 326M->329M(512M) 48.412ms
[2019-05-26T17:20:14.217+0300][45.479s][info ][gc] GC(655) Concurrent Cycle
[2019-05-26T17:20:14.284+0300][45.547s][info ][gc] GC(656) Pause Young (Normal) (G1 Evacuation Pause) 368M->369M(512M) 33.096ms
[2019-05-26T17:20:14.332+0300][45.594s][info ][gc] GC(657) Pause Young (Normal) (G1 Evacuation Pause) 396M->398M(512M) 25.949ms
[2019-05-26T17:20:14.369+0300][45.632s][info ][gc] GC(658) Pause Young (Normal) (G1 Evacuation Pause) 418M->420M(512M) 21.802ms
[2019-05-26T17:20:14.403+0300][45.666s][info ][gc] GC(659) Pause Young (Normal) (G1 Evacuation Pause) 441M->443M(512M) 17.858ms
[2019-05-26T17:20:14.487+0300][45.750s][info ][gc] GC(660) To-space exhausted
[2019-05-26T17:20:14.487+0300][45.750s][info ][gc] GC(660) Pause Young (Normal) (G1 Evacuation Pause) 498M->505M(512M) 34.133ms
[2019-05-26T17:20:14.506+0300][45.769s][info ][gc] GC(661) To-space exhausted
[2019-05-26T17:20:14.506+0300][45.769s][info ][gc] GC(661) Pause Young (Normal) (G1 Evacuation Pause) 508M->508M(512M) 15.516ms
[2019-05-26T17:20:14.507+0300][45.769s][debug][gc] GC(662) Clear Next Bitmap 0.314ms
[2019-05-26T17:20:14.529+0300][45.792s][info ][gc] GC(662) Pause Full (G1 Evacuation Pause) 508M->51M(512M) 22.860ms
[2019-05-26T17:20:14.530+0300][45.793s][info ][gc] GC(655) Concurrent Cycle 313.178ms
[2019-05-26T17:20:14.701+0300][45.964s][info ][gc] GC(663) Pause Young (Normal) (G1 Evacuation Pause) 179M->179M(512M) 79.377ms
[2019-05-26T17:20:14.830+0300][46.093s][info ][gc] GC(664) Pause Young (Normal) (G1 Evacuation Pause) 266M->268M(512M) 61.508ms
[2019-05-26T17:20:14.916+0300][46.178s][info ][gc] GC(665) Pause Young (Concurrent Start) (G1 Evacuation Pause) 326M->328M(512M) 45.986ms
[2019-05-26T17:20:14.916+0300][46.178s][info ][gc] GC(666) Concurrent Cycle
[2019-05-26T17:20:14.978+0300][46.240s][info ][gc] GC(667) Pause Young (Normal) (G1 Evacuation Pause) 367M->370M(512M) 32.398ms
[2019-05-26T17:20:15.023+0300][46.286s][info ][gc] GC(668) Pause Young (Normal) (G1 Evacuation Pause) 396M->398M(512M) 24.869ms
[2019-05-26T17:20:15.062+0300][46.324s][info ][gc] GC(669) Pause Young (Normal) (G1 Evacuation Pause) 419M->421M(512M) 20.000ms
[2019-05-26T17:20:15.097+0300][46.359s][info ][gc] GC(670) Pause Young (Normal) (G1 Evacuation Pause) 442M->444M(512M) 18.325ms
[2019-05-26T17:20:15.179+0300][46.441s][info ][gc] GC(671) To-space exhausted
[2019-05-26T17:20:15.179+0300][46.441s][info ][gc] GC(671) Pause Young (Normal) (G1 Evacuation Pause) 499M->505M(512M) 34.229ms
[2019-05-26T17:20:15.194+0300][46.456s][info ][gc] GC(672) To-space exhausted
[2019-05-26T17:20:15.194+0300][46.456s][info ][gc] GC(672) Pause Young (Normal) (G1 Evacuation Pause) 508M->508M(512M) 12.716ms
[2019-05-26T17:20:15.194+0300][46.457s][debug][gc] GC(673) Clear Next Bitmap 0.265ms
[2019-05-26T17:20:15.213+0300][46.475s][info ][gc] GC(673) Pause Full (G1 Evacuation Pause) 508M->49M(512M) 19.073ms
[2019-05-26T17:20:15.214+0300][46.476s][info ][gc] GC(666) Concurrent Cycle 297.947ms
[2019-05-26T17:20:15.381+0300][46.644s][info ][gc] GC(674) Pause Young (Normal) (G1 Evacuation Pause) 178M->178M(512M) 81.427ms
[2019-05-26T17:20:15.506+0300][46.768s][info ][gc] GC(675) Pause Young (Normal) (G1 Evacuation Pause) 265M->267M(512M) 63.406ms
[2019-05-26T17:20:15.595+0300][46.857s][info ][gc] GC(676) Pause Young (Concurrent Start) (G1 Evacuation Pause) 326M->327M(512M) 48.487ms
[2019-05-26T17:20:15.595+0300][46.857s][info ][gc] GC(677) Concurrent Cycle
[2019-05-26T17:20:15.666+0300][46.928s][info ][gc] GC(678) Pause Young (Normal) (G1 Evacuation Pause) 367M->369M(512M) 36.909ms
[2019-05-26T17:20:15.714+0300][46.976s][info ][gc] GC(679) Pause Young (Normal) (G1 Evacuation Pause) 396M->398M(512M) 24.561ms
[2019-05-26T17:20:15.757+0300][47.019s][info ][gc] GC(680) Pause Young (Normal) (G1 Evacuation Pause) 418M->420M(512M) 20.683ms
[2019-05-26T17:20:15.799+0300][47.061s][info ][gc] GC(681) Pause Young (Normal) (G1 Evacuation Pause) 441M->443M(512M) 23.497ms
[2019-05-26T17:20:15.893+0300][47.155s][info ][gc] GC(682) To-space exhausted
[2019-05-26T17:20:15.893+0300][47.155s][info ][gc] GC(682) Pause Young (Normal) (G1 Evacuation Pause) 499M->505M(512M) 40.733ms
[2019-05-26T17:20:15.911+0300][47.173s][info ][gc] GC(683) To-space exhausted
[2019-05-26T17:20:15.911+0300][47.173s][info ][gc] GC(683) Pause Young (Normal) (G1 Evacuation Pause) 508M->508M(512M) 14.846ms
[2019-05-26T17:20:15.912+0300][47.174s][debug][gc] GC(684) Clear Next Bitmap 0.276ms
[2019-05-26T17:20:15.931+0300][47.193s][info ][gc] GC(684) Pause Full (G1 Evacuation Pause) 508M->49M(512M) 19.502ms
[2019-05-26T17:20:15.932+0300][47.194s][info ][gc] GC(677) Concurrent Cycle 336.815ms
[2019-05-26T17:20:16.100+0300][47.362s][info ][gc] GC(685) Pause Young (Normal) (G1 Evacuation Pause) 177M->177M(512M) 79.942ms
[2019-05-26T17:20:16.223+0300][47.485s][info ][gc] GC(686) Pause Young (Normal) (G1 Evacuation Pause) 264M->266M(512M) 62.621ms
[2019-05-26T17:20:16.312+0300][47.575s][info ][gc] GC(687) Pause Young (Concurrent Start) (G1 Evacuation Pause) 325M->327M(512M) 49.223ms
[2019-05-26T17:20:16.312+0300][47.575s][info ][gc] GC(688) Concurrent Cycle
[2019-05-26T17:20:16.386+0300][47.648s][info ][gc] GC(689) Pause Young (Normal) (G1 Evacuation Pause) 367M->369M(512M) 33.757ms
[2019-05-26T17:20:16.432+0300][47.694s][info ][gc] GC(690) Pause Young (Normal) (G1 Evacuation Pause) 396M->399M(512M) 23.400ms
[2019-05-26T17:20:16.466+0300][47.728s][info ][gc] GC(691) Pause Young (Normal) (G1 Evacuation Pause) 419M->421M(512M) 18.819ms
[2019-05-26T17:20:16.501+0300][47.764s][info ][gc] GC(692) Pause Young (Normal) (G1 Evacuation Pause) 442M->443M(512M) 17.889ms
[2019-05-26T17:20:16.593+0300][47.855s][info ][gc] GC(693) To-space exhausted
[2019-05-26T17:20:16.593+0300][47.855s][info ][gc] GC(693) Pause Young (Normal) (G1 Evacuation Pause) 499M->505M(512M) 40.981ms
[2019-05-26T17:20:16.614+0300][47.876s][info ][gc] GC(694) To-space exhausted
[2019-05-26T17:20:16.614+0300][47.876s][info ][gc] GC(694) Pause Young (Normal) (G1 Evacuation Pause) 508M->508M(512M) 17.587ms
[2019-05-26T17:20:16.614+0300][47.876s][debug][gc] GC(695) Clear Next Bitmap 0.277ms
[2019-05-26T17:20:16.632+0300][47.894s][info ][gc] GC(695) Pause Full (G1 Evacuation Pause) 508M->45M(512M) 17.890ms
[2019-05-26T17:20:16.633+0300][47.895s][info ][gc] GC(688) Concurrent Cycle 320.118ms
[2019-05-26T17:20:16.806+0300][48.068s][info ][gc] GC(696) Pause Young (Normal) (G1 Evacuation Pause) 175M->175M(512M) 78.414ms
[2019-05-26T17:20:16.944+0300][48.207s][info ][gc] GC(697) Pause Young (Normal) (G1 Evacuation Pause) 263M->265M(512M) 69.930ms
[2019-05-26T17:20:17.029+0300][48.292s][info ][gc] GC(698) Pause Young (Concurrent Start) (G1 Evacuation Pause) 324M->327M(512M) 45.182ms
[2019-05-26T17:20:17.030+0300][48.292s][info ][gc] GC(699) Concurrent Cycle
[2019-05-26T17:20:17.091+0300][48.354s][info ][gc] GC(700) Pause Young (Normal) (G1 Evacuation Pause) 367M->368M(512M) 32.062ms
[2019-05-26T17:20:17.144+0300][48.407s][info ][gc] GC(701) Pause Young (Normal) (G1 Evacuation Pause) 395M->396M(512M) 24.069ms
[2019-05-26T17:20:17.177+0300][48.440s][info ][gc] GC(702) Pause Young (Normal) (G1 Evacuation Pause) 416M->418M(512M) 18.608ms
[2019-05-26T17:20:17.215+0300][48.478s][info ][gc] GC(703) Pause Young (Normal) (G1 Evacuation Pause) 439M->441M(512M) 17.701ms
[2019-05-26T17:20:17.300+0300][48.563s][info ][gc] GC(704) To-space exhausted
[2019-05-26T17:20:17.301+0300][48.563s][info ][gc] GC(704) Pause Young (Normal) (G1 Evacuation Pause) 497M->504M(512M) 34.612ms
[2019-05-26T17:20:17.321+0300][48.583s][info ][gc] GC(705) To-space exhausted
[2019-05-26T17:20:17.321+0300][48.584s][info ][gc] GC(705) Pause Young (Normal) (G1 Evacuation Pause) 508M->508M(512M) 16.568ms
[2019-05-26T17:20:17.322+0300][48.584s][debug][gc] GC(706) Clear Next Bitmap 0.296ms
[2019-05-26T17:20:17.336+0300][48.598s][info ][gc] GC(706) Pause Full (G1 Evacuation Pause) 508M->42M(512M) 14.373ms
[2019-05-26T17:20:17.336+0300][48.599s][info ][gc] GC(699) Concurrent Cycle 306.221ms
[2019-05-26T17:20:17.502+0300][48.764s][info ][gc] GC(707) Pause Young (Normal) (G1 Evacuation Pause) 173M->173M(512M) 78.096ms
[2019-05-26T17:20:17.624+0300][48.886s][info ][gc] GC(708) Pause Young (Normal) (G1 Evacuation Pause) 261M->262M(512M) 63.217ms
[2019-05-26T17:20:17.709+0300][48.971s][info ][gc] GC(709) Pause Young (Concurrent Start) (G1 Evacuation Pause) 322M->324M(512M) 44.711ms
[2019-05-26T17:20:17.709+0300][48.971s][info ][gc] GC(710) Concurrent Cycle
[2019-05-26T17:20:17.769+0300][49.032s][info ][gc] GC(711) Pause Young (Normal) (G1 Evacuation Pause) 365M->367M(512M) 32.006ms
[2019-05-26T17:20:17.813+0300][49.075s][info ][gc] GC(712) Pause Young (Normal) (G1 Evacuation Pause) 394M->395M(512M) 22.740ms
[2019-05-26T17:20:17.848+0300][49.110s][info ][gc] GC(713) Pause Young (Normal) (G1 Evacuation Pause) 415M->417M(512M) 17.862ms
[2019-05-26T17:20:17.886+0300][49.149s][info ][gc] GC(714) Pause Young (Normal) (G1 Evacuation Pause) 438M->440M(512M) 18.944ms
[2019-05-26T17:20:17.974+0300][49.236s][info ][gc] GC(715) To-space exhausted
[2019-05-26T17:20:17.974+0300][49.236s][info ][gc] GC(715) Pause Young (Normal) (G1 Evacuation Pause) 496M->503M(512M) 37.332ms
[2019-05-26T17:20:17.999+0300][49.261s][info ][gc] GC(716) To-space exhausted
[2019-05-26T17:20:17.999+0300][49.261s][info ][gc] GC(716) Pause Young (Normal) (G1 Evacuation Pause) 508M->508M(512M) 20.128ms
[2019-05-26T17:20:17.999+0300][49.262s][debug][gc] GC(717) Clear Next Bitmap 0.322ms
[2019-05-26T17:20:18.012+0300][49.274s][info ][gc] GC(717) Pause Full (G1 Evacuation Pause) 508M->41M(512M) 12.764ms
[2019-05-26T17:20:18.012+0300][49.275s][info ][gc] GC(710) Concurrent Cycle 303.762ms
[2019-05-26T17:20:18.181+0300][49.444s][info ][gc] GC(718) Pause Young (Normal) (G1 Evacuation Pause) 172M->172M(512M) 79.687ms
[2019-05-26T17:20:18.309+0300][49.571s][info ][gc] GC(719) Pause Young (Normal) (G1 Evacuation Pause) 261M->263M(512M) 67.866ms
[2019-05-26T17:20:18.400+0300][49.662s][info ][gc] GC(720) Pause Young (Concurrent Start) (G1 Evacuation Pause) 323M->325M(512M) 46.357ms
[2019-05-26T17:20:18.400+0300][49.663s][info ][gc] GC(721) Concurrent Cycle
[2019-05-26T17:20:18.470+0300][49.732s][info ][gc] GC(722) Pause Young (Normal) (G1 Evacuation Pause) 365M->367M(512M) 31.321ms
[2019-05-26T17:20:18.518+0300][49.781s][info ][gc] GC(723) Pause Young (Normal) (G1 Evacuation Pause) 394M->396M(512M) 23.807ms
[2019-05-26T17:20:18.549+0300][49.812s][info ][gc] GC(724) Pause Young (Normal) (G1 Evacuation Pause) 416M->418M(512M) 16.324ms
[2019-05-26T17:20:18.585+0300][49.847s][info ][gc] GC(725) Pause Young (Normal) (G1 Evacuation Pause) 439M->442M(512M) 19.640ms
[2019-05-26T17:20:18.618+0300][49.880s][info ][gc] GC(726) Pause Young (Normal) (G1 Evacuation Pause) 463M->465M(512M) 16.599ms
[2019-05-26T17:20:18.659+0300][49.921s][info ][gc] GC(727) Pause Young (Normal) (G1 Humongous Allocation) 468M->471M(512M) 8.895ms
[2019-05-26T17:20:18.660+0300][49.922s][debug][gc] GC(728) Clear Next Bitmap 0.282ms
[2019-05-26T17:20:18.663+0300][49.926s][info ][gc] GC(728) Pause Full (G1 Humongous Allocation) 471M->1M(512M) 4.211ms
[2019-05-26T17:20:18.664+0300][49.926s][info ][gc] GC(721) Concurrent Cycle 263.883ms
[2019-05-26T17:20:18.852+0300][50.115s][info ][gc] GC(729) Pause Young (Normal) (G1 Evacuation Pause) 178M->178M(512M) 89.625ms
[2019-05-26T17:20:18.979+0300][50.241s][info ][gc] GC(730) Pause Young (Normal) (G1 Evacuation Pause) 264M->267M(512M) 67.439ms
[2019-05-26T17:20:19.075+0300][50.337s][info ][gc] GC(731) Pause Young (Concurrent Start) (G1 Evacuation Pause) 326M->328M(512M) 49.377ms
[2019-05-26T17:20:19.075+0300][50.337s][info ][gc] GC(732) Concurrent Cycle
[2019-05-26T17:20:19.145+0300][50.408s][info ][gc] GC(733) Pause Young (Normal) (G1 Evacuation Pause) 368M->369M(512M) 37.205ms
[2019-05-26T17:20:19.197+0300][50.459s][info ][gc] GC(734) Pause Young (Normal) (G1 Evacuation Pause) 395M->397M(512M) 23.145ms
[2019-05-26T17:20:19.234+0300][50.497s][info ][gc] GC(735) Pause Young (Normal) (G1 Evacuation Pause) 417M->419M(512M) 20.065ms
[2019-05-26T17:20:19.273+0300][50.535s][info ][gc] GC(736) Pause Young (Normal) (G1 Evacuation Pause) 440M->442M(512M) 18.476ms
[2019-05-26T17:20:19.314+0300][50.577s][info ][gc] GC(737) Pause Young (Normal) (G1 Evacuation Pause) 463M->465M(512M) 21.446ms
[2019-05-26T17:20:19.359+0300][50.621s][info ][gc] GC(738) Pause Young (Normal) (G1 Humongous Allocation) 470M->471M(512M) 10.554ms
[2019-05-26T17:20:19.359+0300][50.622s][debug][gc] GC(739) Clear Next Bitmap 0.297ms
[2019-05-26T17:20:19.363+0300][50.626s][info ][gc] GC(739) Pause Full (G1 Humongous Allocation) 471M->1M(512M) 4.163ms
[2019-05-26T17:20:19.364+0300][50.626s][info ][gc] GC(732) Concurrent Cycle 289.097ms
[2019-05-26T17:20:19.544+0300][50.806s][info ][gc] GC(740) Pause Young (Normal) (G1 Evacuation Pause) 178M->179M(512M) 85.521ms
[2019-05-26T17:20:19.668+0300][50.930s][info ][gc] GC(741) Pause Young (Normal) (G1 Evacuation Pause) 265M->267M(512M) 66.281ms
[2019-05-26T17:20:19.752+0300][51.014s][info ][gc] GC(742) Pause Young (Concurrent Start) (G1 Evacuation Pause) 325M->326M(512M) 44.122ms
[2019-05-26T17:20:19.752+0300][51.014s][info ][gc] GC(743) Concurrent Cycle
[2019-05-26T17:20:19.814+0300][51.076s][info ][gc] GC(744) Pause Young (Normal) (G1 Evacuation Pause) 366M->368M(512M) 32.560ms
[2019-05-26T17:20:19.864+0300][51.126s][info ][gc] GC(745) Pause Young (Normal) (G1 Evacuation Pause) 395M->397M(512M) 26.493ms
[2019-05-26T17:20:19.902+0300][51.164s][info ][gc] GC(746) Pause Young (Normal) (G1 Evacuation Pause) 417M->418M(512M) 19.642ms
[2019-05-26T17:20:19.942+0300][51.204s][info ][gc] GC(747) Pause Young (Normal) (G1 Evacuation Pause) 439M->441M(512M) 18.241ms
[2019-05-26T17:20:19.984+0300][51.247s][info ][gc] GC(748) Pause Young (Normal) (G1 Evacuation Pause) 462M->464M(512M) 19.695ms
[2019-05-26T17:20:20.035+0300][51.298s][info ][gc] GC(749) Pause Young (Normal) (G1 Humongous Allocation) 472M->474M(512M) 13.401ms
[2019-05-26T17:20:20.036+0300][51.298s][debug][gc] GC(750) Clear Next Bitmap 0.257ms
[2019-05-26T17:20:20.041+0300][51.303s][info ][gc] GC(750) Pause Full (G1 Humongous Allocation) 474M->1M(512M) 4.784ms
[2019-05-26T17:20:20.041+0300][51.304s][info ][gc] GC(743) Concurrent Cycle 289.511ms
[2019-05-26T17:20:20.257+0300][51.519s][info ][gc] GC(751) Pause Young (Normal) (G1 Evacuation Pause) 179M->180M(512M) 97.070ms
[2019-05-26T17:20:20.387+0300][51.649s][info ][gc] GC(752) Pause Young (Normal) (G1 Evacuation Pause) 266M->268M(512M) 69.065ms
[2019-05-26T17:20:20.488+0300][51.750s][info ][gc] GC(753) Pause Young (Concurrent Start) (G1 Evacuation Pause) 326M->328M(512M) 48.373ms
[2019-05-26T17:20:20.488+0300][51.750s][info ][gc] GC(754) Concurrent Cycle
[2019-05-26T17:20:20.560+0300][51.822s][info ][gc] GC(755) Pause Young (Normal) (G1 Evacuation Pause) 368M->370M(512M) 36.266ms
[2019-05-26T17:20:20.611+0300][51.873s][info ][gc] GC(756) Pause Young (Normal) (G1 Evacuation Pause) 396M->398M(512M) 24.949ms
[2019-05-26T17:20:20.653+0300][51.915s][info ][gc] GC(757) Pause Young (Normal) (G1 Evacuation Pause) 418M->420M(512M) 19.911ms
[2019-05-26T17:20:20.697+0300][51.959s][info ][gc] GC(758) Pause Young (Normal) (G1 Evacuation Pause) 441M->443M(512M) 22.819ms
[2019-05-26T17:20:20.738+0300][52.000s][info ][gc] GC(759) Pause Young (Normal) (G1 Evacuation Pause) 464M->466M(512M) 21.634ms
[2019-05-26T17:20:20.791+0300][52.053s][info ][gc] GC(760) Pause Young (Normal) (G1 Humongous Allocation) 477M->478M(512M) 14.744ms
[2019-05-26T17:20:20.791+0300][52.054s][debug][gc] GC(761) Clear Next Bitmap 0.308ms
[2019-05-26T17:20:20.796+0300][52.058s][info ][gc] GC(761) Pause Full (G1 Humongous Allocation) 478M->1M(512M) 4.583ms
[2019-05-26T17:20:20.796+0300][52.059s][info ][gc] GC(754) Concurrent Cycle 308.143ms
[2019-05-26T17:20:21.003+0300][52.265s][info ][gc] GC(762) Pause Young (Normal) (G1 Evacuation Pause) 178M->179M(512M) 93.497ms
[2019-05-26T17:20:21.146+0300][52.408s][info ][gc] GC(763) Pause Young (Normal) (G1 Evacuation Pause) 265M->267M(512M) 83.814ms
[2019-05-26T17:20:21.250+0300][52.513s][info ][gc] GC(764) Pause Young (Concurrent Start) (G1 Evacuation Pause) 325M->327M(512M) 55.274ms
[2019-05-26T17:20:21.250+0300][52.513s][info ][gc] GC(765) Concurrent Cycle
[2019-05-26T17:20:21.318+0300][52.580s][info ][gc] GC(766) Pause Young (Normal) (G1 Evacuation Pause) 366M->368M(512M) 36.818ms
[2019-05-26T17:20:21.363+0300][52.626s][info ][gc] GC(767) Pause Young (Normal) (G1 Evacuation Pause) 394M->396M(512M) 24.580ms
[2019-05-26T17:20:21.407+0300][52.669s][info ][gc] GC(768) Pause Young (Normal) (G1 Evacuation Pause) 417M->419M(512M) 21.676ms
[2019-05-26T17:20:21.452+0300][52.715s][info ][gc] GC(769) Pause Young (Normal) (G1 Evacuation Pause) 440M->442M(512M) 24.269ms
[2019-05-26T17:20:21.499+0300][52.762s][info ][gc] GC(770) Pause Young (Normal) (G1 Evacuation Pause) 463M->465M(512M) 22.038ms
[2019-05-26T17:20:21.566+0300][52.828s][info ][gc] GC(771) Pause Young (Normal) (G1 Humongous Allocation) 479M->481M(512M) 23.076ms
[2019-05-26T17:20:21.566+0300][52.829s][debug][gc] GC(772) Clear Next Bitmap 0.337ms
[2019-05-26T17:20:21.571+0300][52.834s][info ][gc] GC(772) Pause Full (G1 Humongous Allocation) 481M->1M(512M) 4.936ms
[2019-05-26T17:20:21.572+0300][52.835s][info ][gc] GC(765) Concurrent Cycle 321.432ms
[2019-05-26T17:20:21.777+0300][53.039s][info ][gc] GC(773) Pause Young (Normal) (G1 Evacuation Pause) 179M->180M(512M) 91.732ms
[2019-05-26T17:20:21.935+0300][53.197s][info ][gc] GC(774) Pause Young (Normal) (G1 Evacuation Pause) 266M->267M(512M) 78.971ms
[2019-05-26T17:20:22.030+0300][53.292s][info ][gc] GC(775) Pause Young (Concurrent Start) (G1 Evacuation Pause) 325M->328M(512M) 53.229ms
[2019-05-26T17:20:22.030+0300][53.292s][info ][gc] GC(776) Concurrent Cycle
[2019-05-26T17:20:22.108+0300][53.371s][info ][gc] GC(777) Pause Young (Normal) (G1 Evacuation Pause) 368M->369M(512M) 38.317ms
[2019-05-26T17:20:22.156+0300][53.418s][info ][gc] GC(778) Pause Young (Normal) (G1 Evacuation Pause) 395M->397M(512M) 23.481ms
[2019-05-26T17:20:22.213+0300][53.475s][info ][gc] GC(779) Pause Young (Normal) (G1 Evacuation Pause) 417M->419M(512M) 20.218ms
[2019-05-26T17:20:22.265+0300][53.527s][info ][gc] GC(780) Pause Young (Normal) (G1 Evacuation Pause) 440M->442M(512M) 27.525ms
[2019-05-26T17:20:22.307+0300][53.569s][info ][gc] GC(781) Pause Young (Normal) (G1 Evacuation Pause) 463M->465M(512M) 21.603ms
[2019-05-26T17:20:22.367+0300][53.629s][info ][gc] GC(782) Pause Young (Normal) (G1 Humongous Allocation) 480M->482M(512M) 14.032ms
[2019-05-26T17:20:22.368+0300][53.630s][debug][gc] GC(783) Clear Next Bitmap 0.294ms
[2019-05-26T17:20:22.372+0300][53.634s][info ][gc] GC(783) Pause Full (G1 Humongous Allocation) 482M->1M(512M) 4.685ms
[2019-05-26T17:20:22.373+0300][53.635s][info ][gc] GC(776) Concurrent Cycle 342.549ms
[2019-05-26T17:20:22.564+0300][53.827s][info ][gc] GC(784) Pause Young (Normal) (G1 Evacuation Pause) 179M->180M(512M) 93.822ms
[2019-05-26T17:20:22.711+0300][53.973s][info ][gc] GC(785) Pause Young (Normal) (G1 Evacuation Pause) 266M->267M(512M) 74.260ms
[2019-05-26T17:20:22.812+0300][54.074s][info ][gc] GC(786) Pause Young (Concurrent Start) (G1 Evacuation Pause) 326M->328M(512M) 56.424ms
[2019-05-26T17:20:22.812+0300][54.074s][info ][gc] GC(787) Concurrent Cycle
[2019-05-26T17:20:22.875+0300][54.138s][info ][gc] GC(788) Pause Young (Normal) (G1 Evacuation Pause) 368M->369M(512M) 33.581ms
[2019-05-26T17:20:22.920+0300][54.182s][info ][gc] GC(789) Pause Young (Normal) (G1 Evacuation Pause) 396M->398M(512M) 23.659ms
[2019-05-26T17:20:22.957+0300][54.220s][info ][gc] GC(790) Pause Young (Normal) (G1 Evacuation Pause) 418M->420M(512M) 21.198ms
[2019-05-26T17:20:22.997+0300][54.260s][info ][gc] GC(791) Pause Young (Normal) (G1 Evacuation Pause) 441M->443M(512M) 18.379ms
[2019-05-26T17:20:23.034+0300][54.297s][info ][gc] GC(792) Pause Young (Normal) (G1 Evacuation Pause) 464M->466M(512M) 19.269ms
[2019-05-26T17:20:23.098+0300][54.361s][info ][gc] GC(793) Pause Young (Normal) (G1 Humongous Allocation) 482M->483M(512M) 15.996ms
[2019-05-26T17:20:23.099+0300][54.361s][debug][gc] GC(794) Clear Next Bitmap 0.272ms
[2019-05-26T17:20:23.103+0300][54.366s][info ][gc] GC(794) Pause Full (G1 Humongous Allocation) 483M->1M(512M) 5.021ms
[2019-05-26T17:20:23.104+0300][54.367s][info ][gc] GC(787) Concurrent Cycle 292.309ms
[2019-05-26T17:20:23.304+0300][54.567s][info ][gc] GC(795) Pause Young (Normal) (G1 Evacuation Pause) 180M->181M(512M) 93.014ms
[2019-05-26T17:20:23.438+0300][54.701s][info ][gc] GC(796) Pause Young (Normal) (G1 Evacuation Pause) 267M->268M(512M) 62.764ms
[2019-05-26T17:20:23.524+0300][54.787s][info ][gc] GC(797) Pause Young (Concurrent Start) (G1 Evacuation Pause) 326M->329M(512M) 46.567ms
[2019-05-26T17:20:23.524+0300][54.787s][info ][gc] GC(798) Concurrent Cycle
[2019-05-26T17:20:23.582+0300][54.845s][info ][gc] GC(799) Pause Young (Normal) (G1 Evacuation Pause) 368M->370M(512M) 29.384ms
[2019-05-26T17:20:23.623+0300][54.885s][info ][gc] GC(800) Pause Young (Normal) (G1 Evacuation Pause) 396M->399M(512M) 21.581ms
[2019-05-26T17:20:23.664+0300][54.926s][info ][gc] GC(801) Pause Young (Normal) (G1 Evacuation Pause) 420M->422M(512M) 19.005ms
[2019-05-26T17:20:23.697+0300][54.959s][info ][gc] GC(802) Pause Young (Normal) (G1 Evacuation Pause) 443M->444M(512M) 17.407ms
[2019-05-26T17:20:23.730+0300][54.992s][info ][gc] GC(803) Pause Young (Normal) (G1 Evacuation Pause) 465M->468M(512M) 16.922ms
[2019-05-26T17:20:23.799+0300][55.061s][info ][gc] GC(804) To-space exhausted
[2019-05-26T17:20:23.799+0300][55.061s][info ][gc] GC(804) Pause Young (Normal) (G1 Humongous Allocation) 487M->492M(512M) 19.085ms
[2019-05-26T17:20:23.800+0300][55.062s][debug][gc] GC(805) Clear Next Bitmap 0.310ms
[2019-05-26T17:20:23.804+0300][55.066s][info ][gc] GC(805) Pause Full (G1 Humongous Allocation) 492M->1M(512M) 4.148ms
[2019-05-26T17:20:23.804+0300][55.066s][info ][gc] GC(798) Concurrent Cycle 279.538ms
[2019-05-26T17:20:23.991+0300][55.254s][info ][gc] GC(806) Pause Young (Normal) (G1 Evacuation Pause) 180M->182M(512M) 93.077ms
[2019-05-26T17:20:24.112+0300][55.374s][info ][gc] GC(807) Pause Young (Normal) (G1 Evacuation Pause) 267M->268M(512M) 63.974ms
[2019-05-26T17:20:24.192+0300][55.455s][info ][gc] GC(808) Pause Young (Concurrent Start) (G1 Evacuation Pause) 326M->328M(512M) 42.019ms
[2019-05-26T17:20:24.193+0300][55.455s][info ][gc] GC(809) Concurrent Cycle
[2019-05-26T17:20:24.252+0300][55.514s][info ][gc] GC(810) Pause Young (Normal) (G1 Evacuation Pause) 367M->369M(512M) 31.178ms
[2019-05-26T17:20:24.293+0300][55.555s][info ][gc] GC(811) Pause Young (Normal) (G1 Evacuation Pause) 395M->398M(512M) 21.995ms
[2019-05-26T17:20:24.329+0300][55.591s][info ][gc] GC(812) Pause Young (Normal) (G1 Evacuation Pause) 419M->421M(512M) 16.500ms
[2019-05-26T17:20:24.363+0300][55.625s][info ][gc] GC(813) Pause Young (Normal) (G1 Evacuation Pause) 442M->444M(512M) 17.872ms
[2019-05-26T17:20:24.399+0300][55.661s][info ][gc] GC(814) Pause Young (Normal) (G1 Evacuation Pause) 465M->466M(512M) 18.374ms
[2019-05-26T17:20:24.440+0300][55.702s][info ][gc] GC(815) To-space exhausted
[2019-05-26T17:20:24.440+0300][55.702s][info ][gc] GC(815) Pause Young (Normal) (G1 Evacuation Pause) 487M->493M(512M) 25.554ms
[2019-05-26T17:20:24.479+0300][55.741s][info ][gc] GC(816) Pause Young (Normal) (G1 Humongous Allocation) 495M->497M(512M) 7.063ms
[2019-05-26T17:20:24.480+0300][55.742s][debug][gc] GC(817) Clear Next Bitmap 0.292ms
[2019-05-26T17:20:24.484+0300][55.746s][info ][gc] GC(817) Pause Full (G1 Humongous Allocation) 497M->1M(512M) 4.365ms
[2019-05-26T17:20:24.484+0300][55.746s][info ][gc] GC(809) Concurrent Cycle 291.727ms
[2019-05-26T17:20:24.693+0300][55.956s][info ][gc] GC(818) Pause Young (Normal) (G1 Evacuation Pause) 180M->180M(512M) 100.936ms
[2019-05-26T17:20:24.831+0300][56.093s][info ][gc] GC(819) Pause Young (Normal) (G1 Evacuation Pause) 266M->269M(512M) 71.118ms
[2019-05-26T17:20:24.920+0300][56.182s][info ][gc] GC(820) Pause Young (Concurrent Start) (G1 Evacuation Pause) 327M->329M(512M) 48.611ms
[2019-05-26T17:20:24.920+0300][56.182s][info ][gc] GC(821) Concurrent Cycle
[2019-05-26T17:20:25.000+0300][56.262s][info ][gc] GC(822) Pause Young (Normal) (G1 Evacuation Pause) 368M->370M(512M) 33.938ms
[2019-05-26T17:20:25.053+0300][56.315s][info ][gc] GC(823) Pause Young (Normal) (G1 Evacuation Pause) 396M->398M(512M) 24.383ms
[2019-05-26T17:20:25.089+0300][56.352s][info ][gc] GC(824) Pause Young (Normal) (G1 Evacuation Pause) 419M->421M(512M) 18.536ms
[2019-05-26T17:20:25.125+0300][56.387s][info ][gc] GC(825) Pause Young (Normal) (G1 Evacuation Pause) 442M->444M(512M) 17.466ms
[2019-05-26T17:20:25.161+0300][56.423s][info ][gc] GC(826) Pause Young (Normal) (G1 Evacuation Pause) 465M->467M(512M) 18.005ms
[2019-05-26T17:20:25.203+0300][56.465s][info ][gc] GC(827) To-space exhausted
[2019-05-26T17:20:25.203+0300][56.466s][info ][gc] GC(827) Pause Young (Normal) (G1 Evacuation Pause) 488M->493M(512M) 25.305ms
[2019-05-26T17:20:25.245+0300][56.507s][info ][gc] GC(828) Pause Young (Normal) (G1 Humongous Allocation) 496M->498M(512M) 7.667ms
[2019-05-26T17:20:25.245+0300][56.508s][debug][gc] GC(829) Clear Next Bitmap 0.332ms
[2019-05-26T17:20:25.249+0300][56.511s][info ][gc] GC(829) Pause Full (G1 Humongous Allocation) 498M->1M(512M) 4.192ms
[2019-05-26T17:20:25.250+0300][56.512s][info ][gc] GC(821) Concurrent Cycle 329.970ms
[2019-05-26T17:20:25.439+0300][56.702s][info ][gc] GC(830) Pause Young (Normal) (G1 Evacuation Pause) 180M->180M(512M) 84.624ms
[2019-05-26T17:20:25.563+0300][56.825s][info ][gc] GC(831) Pause Young (Normal) (G1 Evacuation Pause) 266M->268M(512M) 62.697ms
[2019-05-26T17:20:25.647+0300][56.910s][info ][gc] GC(832) Pause Young (Concurrent Start) (G1 Evacuation Pause) 326M->328M(512M) 44.762ms
[2019-05-26T17:20:25.647+0300][56.910s][info ][gc] GC(833) Concurrent Cycle
[2019-05-26T17:20:25.710+0300][56.973s][info ][gc] GC(834) Pause Young (Normal) (G1 Evacuation Pause) 368M->370M(512M) 32.440ms
[2019-05-26T17:20:25.757+0300][57.020s][info ][gc] GC(835) Pause Young (Normal) (G1 Evacuation Pause) 396M->398M(512M) 23.248ms
[2019-05-26T17:20:25.795+0300][57.058s][info ][gc] GC(836) Pause Young (Normal) (G1 Evacuation Pause) 418M->421M(512M) 20.733ms
[2019-05-26T17:20:25.834+0300][57.096s][info ][gc] GC(837) Pause Young (Normal) (G1 Evacuation Pause) 442M->444M(512M) 19.137ms
[2019-05-26T17:20:25.873+0300][57.135s][info ][gc] GC(838) Pause Young (Normal) (G1 Evacuation Pause) 465M->468M(512M) 18.864ms
[2019-05-26T17:20:25.919+0300][57.182s][info ][gc] GC(839) To-space exhausted
[2019-05-26T17:20:25.919+0300][57.182s][info ][gc] GC(839) Pause Young (Normal) (G1 Evacuation Pause) 489M->499M(512M) 26.395ms
[2019-05-26T17:20:25.970+0300][57.232s][info ][gc] GC(840) To-space exhausted
[2019-05-26T17:20:25.970+0300][57.232s][info ][gc] GC(840) Pause Young (Normal) (G1 Humongous Allocation) 504M->508M(512M) 14.991ms
[2019-05-26T17:20:25.970+0300][57.233s][debug][gc] GC(841) Clear Next Bitmap 0.290ms
[2019-05-26T17:20:25.974+0300][57.237s][info ][gc] GC(841) Pause Full (G1 Humongous Allocation) 508M->1M(512M) 4.193ms
[2019-05-26T17:20:25.975+0300][57.237s][info ][gc] GC(833) Concurrent Cycle 327.584ms
[2019-05-26T17:20:26.157+0300][57.420s][info ][gc] GC(842) Pause Young (Normal) (G1 Evacuation Pause) 181M->182M(512M) 85.294ms
[2019-05-26T17:20:26.282+0300][57.545s][info ][gc] GC(843) Pause Young (Normal) (G1 Evacuation Pause) 268M->269M(512M) 62.717ms
[2019-05-26T17:20:26.369+0300][57.631s][info ][gc] GC(844) Pause Young (Concurrent Start) (G1 Evacuation Pause) 327M->329M(512M) 45.198ms
[2019-05-26T17:20:26.369+0300][57.631s][info ][gc] GC(845) Concurrent Cycle
[2019-05-26T17:20:26.432+0300][57.695s][info ][gc] GC(846) Pause Young (Normal) (G1 Evacuation Pause) 368M->369M(512M) 31.011ms
[2019-05-26T17:20:26.480+0300][57.742s][info ][gc] GC(847) Pause Young (Normal) (G1 Evacuation Pause) 395M->397M(512M) 27.817ms
[2019-05-26T17:20:26.519+0300][57.782s][info ][gc] GC(848) Pause Young (Normal) (G1 Evacuation Pause) 418M->420M(512M) 17.077ms
[2019-05-26T17:20:26.556+0300][57.818s][info ][gc] GC(849) Pause Young (Normal) (G1 Evacuation Pause) 441M->443M(512M) 19.228ms
[2019-05-26T17:20:26.590+0300][57.853s][info ][gc] GC(850) Pause Young (Normal) (G1 Evacuation Pause) 464M->466M(512M) 16.881ms
[2019-05-26T17:20:26.631+0300][57.894s][info ][gc] GC(851) To-space exhausted
[2019-05-26T17:20:26.631+0300][57.894s][info ][gc] GC(851) Pause Young (Normal) (G1 Evacuation Pause) 487M->492M(512M) 22.108ms
[2019-05-26T17:20:26.680+0300][57.942s][info ][gc] GC(852) To-space exhausted
[2019-05-26T17:20:26.680+0300][57.943s][info ][gc] GC(852) Pause Young (Normal) (G1 Humongous Allocation) 499M->503M(512M) 12.052ms
[2019-05-26T17:20:26.680+0300][57.943s][debug][gc] GC(853) Clear Next Bitmap 0.274ms
[2019-05-26T17:20:26.684+0300][57.946s][info ][gc] GC(853) Pause Full (G1 Humongous Allocation) 503M->1M(512M) 3.694ms
[2019-05-26T17:20:26.684+0300][57.947s][info ][gc] GC(845) Concurrent Cycle 315.813ms
[2019-05-26T17:20:26.862+0300][58.125s][info ][gc] GC(854) Pause Young (Normal) (G1 Evacuation Pause) 181M->181M(512M) 81.847ms
[2019-05-26T17:20:26.983+0300][58.246s][info ][gc] GC(855) Pause Young (Normal) (G1 Evacuation Pause) 266M->268M(512M) 59.663ms
[2019-05-26T17:20:27.064+0300][58.327s][info ][gc] GC(856) Pause Young (Concurrent Start) (G1 Evacuation Pause) 326M->328M(512M) 42.238ms
[2019-05-26T17:20:27.065+0300][58.327s][info ][gc] GC(857) Concurrent Cycle
[2019-05-26T17:20:27.125+0300][58.388s][info ][gc] GC(858) Pause Young (Normal) (G1 Evacuation Pause) 368M->369M(512M) 31.552ms
[2019-05-26T17:20:27.175+0300][58.438s][info ][gc] GC(859) Pause Young (Normal) (G1 Evacuation Pause) 395M->396M(512M) 22.771ms
[2019-05-26T17:20:27.210+0300][58.472s][info ][gc] GC(860) Pause Young (Normal) (G1 Evacuation Pause) 416M->419M(512M) 17.031ms
[2019-05-26T17:20:27.243+0300][58.506s][info ][gc] GC(861) Pause Young (Normal) (G1 Evacuation Pause) 440M->441M(512M) 16.947ms
[2019-05-26T17:20:27.284+0300][58.546s][info ][gc] GC(862) Pause Young (Normal) (G1 Evacuation Pause) 462M->464M(512M) 18.319ms
[2019-05-26T17:20:27.320+0300][58.583s][info ][gc] GC(863) To-space exhausted
[2019-05-26T17:20:27.320+0300][58.583s][info ][gc] GC(863) Pause Young (Normal) (G1 Evacuation Pause) 485M->491M(512M) 20.390ms
[2019-05-26T17:20:27.388+0300][58.651s][info ][gc] GC(864) To-space exhausted
[2019-05-26T17:20:27.388+0300][58.651s][info ][gc] GC(864) Pause Young (Normal) (G1 Humongous Allocation) 502M->506M(512M) 26.129ms
[2019-05-26T17:20:27.389+0300][58.651s][debug][gc] GC(865) Clear Next Bitmap 0.250ms
[2019-05-26T17:20:27.392+0300][58.655s][info ][gc] GC(865) Pause Full (G1 Humongous Allocation) 506M->1M(512M) 4.181ms
[2019-05-26T17:20:27.393+0300][58.656s][info ][gc] GC(857) Concurrent Cycle 328.692ms
[2019-05-26T17:20:27.579+0300][58.842s][info ][gc] GC(866) Pause Young (Normal) (G1 Evacuation Pause) 182M->183M(512M) 83.567ms
[2019-05-26T17:20:27.697+0300][58.960s][info ][gc] GC(867) Pause Young (Normal) (G1 Evacuation Pause) 269M->270M(512M) 61.911ms
[2019-05-26T17:20:27.776+0300][59.039s][info ][gc] GC(868) Pause Young (Concurrent Start) (G1 Evacuation Pause) 328M->329M(512M) 41.860ms
[2019-05-26T17:20:27.776+0300][59.039s][info ][gc] GC(869) Concurrent Cycle
[2019-05-26T17:20:27.833+0300][59.095s][info ][gc] GC(870) Pause Young (Normal) (G1 Evacuation Pause) 368M->370M(512M) 29.950ms
[2019-05-26T17:20:27.873+0300][59.136s][info ][gc] GC(871) Pause Young (Normal) (G1 Evacuation Pause) 397M->399M(512M) 21.593ms
[2019-05-26T17:20:27.903+0300][59.166s][info ][gc] GC(872) Pause Young (Normal) (G1 Evacuation Pause) 419M->420M(512M) 15.966ms
[2019-05-26T17:20:27.935+0300][59.198s][info ][gc] GC(873) Pause Young (Normal) (G1 Evacuation Pause) 441M->443M(512M) 16.843ms
[2019-05-26T17:20:27.968+0300][59.231s][info ][gc] GC(874) Pause Young (Normal) (G1 Evacuation Pause) 464M->466M(512M) 17.198ms
[2019-05-26T17:20:28.005+0300][59.268s][info ][gc] GC(875) To-space exhausted
[2019-05-26T17:20:28.005+0300][59.268s][info ][gc] GC(875) Pause Young (Normal) (G1 Evacuation Pause) 487M->493M(512M) 21.972ms
[2019-05-26T17:20:28.067+0300][59.329s][info ][gc] GC(876) To-space exhausted
[2019-05-26T17:20:28.067+0300][59.330s][info ][gc] GC(876) Pause Young (Normal) (G1 Humongous Allocation) 504M->508M(512M) 22.030ms
[2019-05-26T17:20:28.067+0300][59.330s][debug][gc] GC(877) Clear Next Bitmap 0.277ms
[2019-05-26T17:20:28.071+0300][59.333s][info ][gc] GC(877) Pause Full (G1 Humongous Allocation) 508M->1M(512M) 3.717ms
[2019-05-26T17:20:28.071+0300][59.334s][info ][gc] GC(869) Concurrent Cycle 295.098ms
[2019-05-26T17:20:28.243+0300][59.505s][info ][gc] GC(878) Pause Young (Normal) (G1 Evacuation Pause) 182M->182M(512M) 78.228ms
[2019-05-26T17:20:28.356+0300][59.619s][info ][gc] GC(879) Pause Young (Normal) (G1 Evacuation Pause) 268M->270M(512M) 57.652ms
[2019-05-26T17:20:28.434+0300][59.696s][info ][gc] GC(880) Pause Young (Concurrent Start) (G1 Evacuation Pause) 328M->330M(512M) 39.601ms
[2019-05-26T17:20:28.434+0300][59.696s][info ][gc] GC(881) Concurrent Cycle
[2019-05-26T17:20:28.488+0300][59.750s][info ][gc] GC(882) Pause Young (Normal) (G1 Evacuation Pause) 369M->371M(512M) 28.284ms
[2019-05-26T17:20:28.533+0300][59.795s][info ][gc] GC(883) Pause Young (Normal) (G1 Evacuation Pause) 397M->399M(512M) 20.154ms
[2019-05-26T17:20:28.570+0300][59.832s][info ][gc] GC(884) Pause Young (Normal) (G1 Evacuation Pause) 420M->422M(512M) 16.159ms
[2019-05-26T17:20:28.601+0300][59.863s][info ][gc] GC(885) Pause Young (Normal) (G1 Evacuation Pause) 443M->445M(512M) 16.157ms
[2019-05-26T17:20:28.635+0300][59.897s][info ][gc] GC(886) Pause Young (Normal) (G1 Evacuation Pause) 466M->468M(512M) 19.128ms
[2019-05-26T17:20:28.672+0300][59.935s][info ][gc] GC(887) To-space exhausted
[2019-05-26T17:20:28.672+0300][59.935s][info ][gc] GC(887) Pause Young (Normal) (G1 Evacuation Pause) 489M->493M(512M) 22.827ms
[2019-05-26T17:20:28.740+0300][60.002s][info ][gc] GC(888) To-space exhausted
[2019-05-26T17:20:28.740+0300][60.003s][info ][gc] GC(888) Pause Young (Normal) (G1 Humongous Allocation) 506M->508M(512M) 28.058ms
[2019-05-26T17:20:28.740+0300][60.003s][debug][gc] GC(889) Clear Next Bitmap 0.265ms
[2019-05-26T17:20:28.744+0300][60.007s][info ][gc] GC(889) Pause Full (G1 Humongous Allocation) 508M->1M(512M) 3.917ms
[2019-05-26T17:20:28.745+0300][60.007s][info ][gc] GC(881) Concurrent Cycle 310.921ms
[2019-05-26T17:20:28.912+0300][60.174s][info ][gc] GC(890) Pause Young (Normal) (G1 Evacuation Pause) 183M->183M(512M) 78.290ms
[2019-05-26T17:20:29.022+0300][60.284s][info ][gc] GC(891) Pause Young (Normal) (G1 Evacuation Pause) 268M->270M(512M) 57.278ms
[2019-05-26T17:20:29.105+0300][60.367s][info ][gc] GC(892) Pause Young (Concurrent Start) (G1 Evacuation Pause) 328M->330M(512M) 47.545ms
[2019-05-26T17:20:29.105+0300][60.367s][info ][gc] GC(893) Concurrent Cycle
[2019-05-26T17:20:29.170+0300][60.433s][info ][gc] GC(894) Pause Young (Normal) (G1 Evacuation Pause) 369M->371M(512M) 28.691ms
[2019-05-26T17:20:29.209+0300][60.471s][info ][gc] GC(895) Pause Young (Normal) (G1 Evacuation Pause) 397M->399M(512M) 20.480ms
[2019-05-26T17:20:29.238+0300][60.501s][info ][gc] GC(896) Pause Young (Normal) (G1 Evacuation Pause) 420M->421M(512M) 16.272ms
[2019-05-26T17:20:29.269+0300][60.531s][info ][gc] GC(897) Pause Young (Normal) (G1 Evacuation Pause) 442M->444M(512M) 15.830ms
[2019-05-26T17:20:29.301+0300][60.563s][info ][gc] GC(898) Pause Young (Normal) (G1 Evacuation Pause) 465M->467M(512M) 17.044ms
[2019-05-26T17:20:29.338+0300][60.601s][info ][gc] GC(899) To-space exhausted
[2019-05-26T17:20:29.338+0300][60.601s][info ][gc] GC(899) Pause Young (Normal) (G1 Evacuation Pause) 488M->493M(512M) 22.452ms
[2019-05-26T17:20:29.384+0300][60.647s][info ][gc] GC(900) To-space exhausted
[2019-05-26T17:20:29.384+0300][60.647s][info ][gc] GC(900) Pause Young (Normal) (G1 Evacuation Pause) 508M->508M(512M) 35.123ms
[2019-05-26T17:20:29.385+0300][60.647s][debug][gc] GC(901) Clear Next Bitmap 0.289ms
[2019-05-26T17:20:29.714+0300][60.977s][info ][gc] GC(901) Pause Full (G1 Evacuation Pause) 508M->489M(512M) 329.752ms
[2019-05-26T17:20:29.715+0300][60.978s][info ][gc] GC(893) Concurrent Cycle 610.251ms
[2019-05-26T17:20:29.749+0300][61.011s][info ][gc] GC(902) Pause Young (Concurrent Start) (G1 Humongous Allocation) 490M->490M(512M) 3.051ms
[2019-05-26T17:20:29.749+0300][61.012s][info ][gc] GC(903) Concurrent Cycle
[2019-05-26T17:20:29.753+0300][61.015s][info ][gc] GC(904) Pause Young (Normal) (G1 Humongous Allocation) 490M->490M(512M) 2.769ms
[2019-05-26T17:20:29.753+0300][61.016s][debug][gc] GC(905) Clear Next Bitmap 0.345ms
[2019-05-26T17:20:29.757+0300][61.020s][info ][gc] GC(905) Pause Full (G1 Humongous Allocation) 490M->1M(512M) 4.211ms
[2019-05-26T17:20:29.758+0300][61.020s][info ][gc] GC(903) Concurrent Cycle 8.861ms
[2019-05-26T17:20:29.962+0300][61.224s][info ][gc] GC(906) Pause Young (Normal) (G1 Evacuation Pause) 169M->169M(512M) 91.369ms
[2019-05-26T17:20:30.124+0300][61.387s][info ][gc] GC(907) Pause Young (Normal) (G1 Evacuation Pause) 262M->264M(512M) 73.010ms
[2019-05-26T17:20:30.228+0300][61.490s][info ][gc] GC(908) Pause Young (Concurrent Start) (G1 Evacuation Pause) 325M->327M(512M) 47.757ms
[2019-05-26T17:20:30.228+0300][61.490s][info ][gc] GC(909) Concurrent Cycle
[2019-05-26T17:20:30.303+0300][61.565s][info ][gc] GC(910) Pause Young (Normal) (G1 Evacuation Pause) 367M->369M(512M) 34.104ms
[2019-05-26T17:20:30.354+0300][61.616s][info ][gc] GC(911) Pause Young (Normal) (G1 Evacuation Pause) 396M->398M(512M) 28.283ms
[2019-05-26T17:20:30.393+0300][61.655s][info ][gc] GC(912) Pause Young (Normal) (G1 Evacuation Pause) 418M->420M(512M) 17.512ms
[2019-05-26T17:20:30.431+0300][61.693s][info ][gc] GC(913) Pause Young (Normal) (G1 Evacuation Pause) 441M->443M(512M) 17.536ms
[2019-05-26T17:20:30.465+0300][61.727s][info ][gc] GC(914) Pause Young (Normal) (G1 Evacuation Pause) 464M->466M(512M) 17.042ms
[2019-05-26T17:20:30.516+0300][61.778s][info ][gc] GC(915) To-space exhausted
[2019-05-26T17:20:30.516+0300][61.778s][info ][gc] GC(915) Pause Young (Normal) (G1 Evacuation Pause) 487M->494M(512M) 26.457ms
[2019-05-26T17:20:30.567+0300][61.829s][info ][gc] GC(916) To-space exhausted
[2019-05-26T17:20:30.567+0300][61.829s][info ][gc] GC(916) Pause Young (Normal) (G1 Evacuation Pause) 508M->508M(512M) 34.812ms
[2019-05-26T17:20:30.567+0300][61.829s][debug][gc] GC(917) Clear Next Bitmap 0.294ms
[2019-05-26T17:20:30.932+0300][62.194s][info ][gc] GC(917) Pause Full (G1 Evacuation Pause) 508M->486M(512M) 365.052ms
[2019-05-26T17:20:30.933+0300][62.195s][info ][gc] GC(909) Concurrent Cycle 705.006ms
[2019-05-26T17:20:30.979+0300][62.241s][info ][gc] GC(918) Pause Young (Concurrent Start) (G1 Humongous Allocation) 492M->492M(512M) 8.221ms
[2019-05-26T17:20:30.979+0300][62.241s][info ][gc] GC(919) Concurrent Cycle
[2019-05-26T17:20:30.988+0300][62.250s][info ][gc] GC(920) Pause Young (Normal) (G1 Humongous Allocation) 492M->493M(512M) 6.190ms
[2019-05-26T17:20:30.988+0300][62.251s][debug][gc] GC(921) Clear Next Bitmap 0.300ms
[2019-05-26T17:20:30.994+0300][62.256s][info ][gc] GC(921) Pause Full (G1 Humongous Allocation) 493M->1M(512M) 5.384ms
[2019-05-26T17:20:30.994+0300][62.257s][info ][gc] GC(919) Concurrent Cycle 15.186ms
[2019-05-26T17:20:31.255+0300][62.517s][info ][gc] GC(922) Pause Young (Normal) (G1 Evacuation Pause) 204M->204M(512M) 119.153ms
[2019-05-26T17:20:31.373+0300][62.635s][info ][gc] GC(923) Pause Young (Normal) (G1 Evacuation Pause) 287M->288M(512M) 61.147ms
[2019-05-26T17:20:31.448+0300][62.710s][info ][gc] GC(924) Pause Young (Concurrent Start) (G1 Evacuation Pause) 341M->344M(512M) 39.246ms
[2019-05-26T17:20:31.448+0300][62.710s][info ][gc] GC(925) Concurrent Cycle
[2019-05-26T17:20:31.499+0300][62.761s][info ][gc] GC(926) Pause Young (Normal) (G1 Evacuation Pause) 379M->381M(512M) 26.451ms
[2019-05-26T17:20:31.532+0300][62.794s][info ][gc] GC(927) Pause Young (Normal) (G1 Evacuation Pause) 404M->406M(512M) 17.740ms
[2019-05-26T17:20:31.563+0300][62.825s][info ][gc] GC(928) Pause Young (Normal) (G1 Evacuation Pause) 427M->428M(512M) 16.185ms
[2019-05-26T17:20:31.594+0300][62.856s][info ][gc] GC(929) Pause Young (Normal) (G1 Evacuation Pause) 449M->451M(512M) 15.922ms
[2019-05-26T17:20:31.624+0300][62.886s][info ][gc] GC(930) Pause Young (Normal) (G1 Evacuation Pause) 472M->474M(512M) 15.813ms
[2019-05-26T17:20:31.667+0300][62.929s][info ][gc] GC(931) To-space exhausted
[2019-05-26T17:20:31.667+0300][62.929s][info ][gc] GC(931) Pause Young (Normal) (G1 Evacuation Pause) 495M->502M(512M) 28.088ms
[2019-05-26T17:20:31.694+0300][62.956s][info ][gc] GC(932) To-space exhausted
[2019-05-26T17:20:31.694+0300][62.956s][info ][gc] GC(932) Pause Young (Normal) (G1 Evacuation Pause) 509M->509M(512M) 22.011ms
[2019-05-26T17:20:31.695+0300][62.957s][debug][gc] GC(933) Clear Next Bitmap 0.308ms
[2019-05-26T17:20:32.018+0300][63.280s][info ][gc] GC(933) Pause Full (G1 Evacuation Pause) 509M->488M(512M) 323.417ms
[2019-05-26T17:20:32.018+0300][63.281s][info ][gc] GC(925) Concurrent Cycle 570.137ms
[2019-05-26T17:20:32.060+0300][63.322s][info ][gc] GC(934) Pause Young (Concurrent Start) (G1 Humongous Allocation) 494M->495M(512M) 6.850ms
[2019-05-26T17:20:32.060+0300][63.322s][info ][gc] GC(935) Concurrent Cycle
[2019-05-26T17:20:32.065+0300][63.327s][info ][gc] GC(936) Pause Young (Normal) (G1 Humongous Allocation) 495M->495M(512M) 4.140ms
[2019-05-26T17:20:32.066+0300][63.328s][debug][gc] GC(937) Clear Next Bitmap 0.307ms
[2019-05-26T17:20:32.069+0300][63.331s][info ][gc] GC(937) Pause Full (G1 Humongous Allocation) 495M->1M(512M) 3.987ms
[2019-05-26T17:20:32.070+0300][63.332s][info ][gc] GC(935) Concurrent Cycle 10.153ms
[2019-05-26T17:20:32.263+0300][63.525s][info ][gc] GC(938) Pause Young (Normal) (G1 Evacuation Pause) 202M->202M(512M) 90.201ms
[2019-05-26T17:20:32.376+0300][63.638s][info ][gc] GC(939) Pause Young (Normal) (G1 Evacuation Pause) 286M->288M(512M) 59.347ms
[2019-05-26T17:20:32.448+0300][63.710s][info ][gc] GC(940) Pause Young (Concurrent Start) (G1 Evacuation Pause) 341M->343M(512M) 38.435ms
[2019-05-26T17:20:32.448+0300][63.710s][info ][gc] GC(941) Concurrent Cycle
[2019-05-26T17:20:32.495+0300][63.758s][info ][gc] GC(942) Pause Young (Normal) (G1 Evacuation Pause) 378M->380M(512M) 24.480ms
[2019-05-26T17:20:32.527+0300][63.789s][info ][gc] GC(943) Pause Young (Normal) (G1 Evacuation Pause) 403M->405M(512M) 16.551ms
[2019-05-26T17:20:32.557+0300][63.819s][info ][gc] GC(944) Pause Young (Normal) (G1 Evacuation Pause) 426M->428M(512M) 16.029ms
[2019-05-26T17:20:32.588+0300][63.850s][info ][gc] GC(945) Pause Young (Normal) (G1 Evacuation Pause) 449M->451M(512M) 15.712ms
[2019-05-26T17:20:32.619+0300][63.881s][info ][gc] GC(946) Pause Young (Normal) (G1 Evacuation Pause) 472M->474M(512M) 16.196ms
[2019-05-26T17:20:32.661+0300][63.923s][info ][gc] GC(947) To-space exhausted
[2019-05-26T17:20:32.661+0300][63.923s][info ][gc] GC(947) Pause Young (Normal) (G1 Evacuation Pause) 495M->503M(512M) 27.581ms
[2019-05-26T17:20:32.684+0300][63.946s][info ][gc] GC(948) To-space exhausted
[2019-05-26T17:20:32.684+0300][63.946s][info ][gc] GC(948) Pause Young (Normal) (G1 Evacuation Pause) 509M->509M(512M) 18.982ms
[2019-05-26T17:20:32.685+0300][63.947s][debug][gc] GC(949) Clear Next Bitmap 0.320ms
[2019-05-26T17:20:33.005+0300][64.267s][info ][gc] GC(949) Pause Full (G1 Evacuation Pause) 509M->486M(512M) 320.493ms
[2019-05-26T17:20:33.005+0300][64.267s][info ][gc] GC(941) Concurrent Cycle 557.465ms
[2019-05-26T17:20:33.059+0300][64.321s][info ][gc] GC(950) To-space exhausted
[2019-05-26T17:20:33.059+0300][64.322s][info ][gc] GC(950) Pause Young (Concurrent Start) (G1 Humongous Allocation) 498M->505M(512M) 15.650ms
[2019-05-26T17:20:33.060+0300][64.322s][info ][gc] GC(951) Concurrent Cycle
[2019-05-26T17:20:33.068+0300][64.330s][info ][gc] GC(952) To-space exhausted
[2019-05-26T17:20:33.068+0300][64.330s][info ][gc] GC(952) Pause Young (Normal) (G1 Humongous Allocation) 505M->507M(512M) 6.936ms
[2019-05-26T17:20:33.069+0300][64.331s][debug][gc] GC(953) Clear Next Bitmap 0.266ms
[2019-05-26T17:20:33.072+0300][64.334s][info ][gc] GC(953) Pause Full (G1 Humongous Allocation) 507M->1M(512M) 3.861ms
[2019-05-26T17:20:33.073+0300][64.335s][info ][gc] GC(951) Concurrent Cycle 13.226ms
[2019-05-26T17:20:33.266+0300][64.528s][info ][gc] GC(954) Pause Young (Normal) (G1 Evacuation Pause) 203M->203M(512M) 92.721ms
[2019-05-26T17:20:33.378+0300][64.641s][info ][gc] GC(955) Pause Young (Normal) (G1 Evacuation Pause) 287M->289M(512M) 61.146ms
[2019-05-26T17:20:33.452+0300][64.714s][info ][gc] GC(956) Pause Young (Concurrent Start) (G1 Evacuation Pause) 342M->344M(512M) 40.644ms
[2019-05-26T17:20:33.452+0300][64.714s][info ][gc] GC(957) Concurrent Cycle
[2019-05-26T17:20:33.503+0300][64.765s][info ][gc] GC(958) Pause Young (Normal) (G1 Evacuation Pause) 379M->382M(512M) 28.036ms
[2019-05-26T17:20:33.536+0300][64.798s][info ][gc] GC(959) Pause Young (Normal) (G1 Evacuation Pause) 405M->407M(512M) 18.347ms
[2019-05-26T17:20:33.575+0300][64.837s][info ][gc] GC(960) Pause Young (Normal) (G1 Evacuation Pause) 428M->430M(512M) 18.477ms
[2019-05-26T17:20:33.605+0300][64.867s][info ][gc] GC(961) Pause Young (Normal) (G1 Evacuation Pause) 451M->452M(512M) 16.049ms
[2019-05-26T17:20:33.641+0300][64.903s][info ][gc] GC(962) Pause Young (Normal) (G1 Evacuation Pause) 473M->475M(512M) 15.178ms
[2019-05-26T17:20:33.686+0300][64.948s][info ][gc] GC(963) To-space exhausted
[2019-05-26T17:20:33.686+0300][64.948s][info ][gc] GC(963) Pause Young (Normal) (G1 Evacuation Pause) 496M->503M(512M) 31.395ms
[2019-05-26T17:20:33.714+0300][64.976s][info ][gc] GC(964) To-space exhausted
[2019-05-26T17:20:33.714+0300][64.976s][info ][gc] GC(964) Pause Young (Normal) (G1 Evacuation Pause) 509M->509M(512M) 23.615ms
[2019-05-26T17:20:33.714+0300][64.977s][debug][gc] GC(965) Clear Next Bitmap 0.303ms
[2019-05-26T17:20:34.047+0300][65.309s][info ][gc] GC(965) Pause Full (G1 Evacuation Pause) 509M->487M(512M) 332.884ms
[2019-05-26T17:20:34.048+0300][65.310s][info ][gc] GC(957) Concurrent Cycle 595.518ms
[2019-05-26T17:20:34.113+0300][65.376s][info ][gc] GC(966) To-space exhausted
[2019-05-26T17:20:34.114+0300][65.376s][info ][gc] GC(966) Pause Young (Concurrent Start) (G1 Humongous Allocation) 500M->507M(512M) 26.685ms
[2019-05-26T17:20:34.114+0300][65.376s][info ][gc] GC(967) Concurrent Cycle
[2019-05-26T17:20:34.126+0300][65.388s][info ][gc] GC(968) To-space exhausted
[2019-05-26T17:20:34.126+0300][65.389s][info ][gc] GC(968) Pause Young (Normal) (G1 Humongous Allocation) 507M->507M(512M) 11.248ms
[2019-05-26T17:20:34.127+0300][65.389s][debug][gc] GC(969) Clear Next Bitmap 0.378ms
[2019-05-26T17:20:34.131+0300][65.393s][info ][gc] GC(969) Pause Full (G1 Humongous Allocation) 507M->1M(512M) 4.402ms
[2019-05-26T17:20:34.132+0300][65.394s][info ][gc] GC(967) Concurrent Cycle 17.963ms
[2019-05-26T17:20:34.321+0300][65.584s][info ][gc] GC(970) Pause Young (Normal) (G1 Evacuation Pause) 203M->203M(512M) 91.444ms
[2019-05-26T17:20:34.435+0300][65.697s][info ][gc] GC(971) Pause Young (Normal) (G1 Evacuation Pause) 287M->289M(512M) 57.822ms
[2019-05-26T17:20:34.507+0300][65.769s][info ][gc] GC(972) Pause Young (Concurrent Start) (G1 Evacuation Pause) 342M->344M(512M) 38.818ms
[2019-05-26T17:20:34.507+0300][65.769s][info ][gc] GC(973) Concurrent Cycle
[2019-05-26T17:20:34.567+0300][65.830s][info ][gc] GC(974) Pause Young (Normal) (G1 Evacuation Pause) 379M->381M(512M) 30.009ms
[2019-05-26T17:20:34.605+0300][65.867s][info ][gc] GC(975) Pause Young (Normal) (G1 Evacuation Pause) 404M->406M(512M) 17.961ms
[2019-05-26T17:20:34.637+0300][65.900s][info ][gc] GC(976) Pause Young (Normal) (G1 Evacuation Pause) 427M->428M(512M) 16.084ms
[2019-05-26T17:20:34.674+0300][65.936s][info ][gc] GC(977) Pause Young (Normal) (G1 Evacuation Pause) 449M->451M(512M) 16.070ms
[2019-05-26T17:20:34.710+0300][65.972s][info ][gc] GC(978) Pause Young (Normal) (G1 Evacuation Pause) 472M->475M(512M) 16.303ms
[2019-05-26T17:20:34.757+0300][66.019s][info ][gc] GC(979) To-space exhausted
[2019-05-26T17:20:34.757+0300][66.019s][info ][gc] GC(979) Pause Young (Normal) (G1 Evacuation Pause) 496M->503M(512M) 31.308ms
[2019-05-26T17:20:34.781+0300][66.043s][info ][gc] GC(980) To-space exhausted
[2019-05-26T17:20:34.781+0300][66.043s][info ][gc] GC(980) Pause Young (Normal) (G1 Evacuation Pause) 509M->509M(512M) 19.396ms
[2019-05-26T17:20:34.782+0300][66.044s][debug][gc] GC(981) Clear Next Bitmap 0.304ms
[2019-05-26T17:20:35.103+0300][66.365s][info ][gc] GC(981) Pause Full (G1 Evacuation Pause) 509M->487M(512M) 321.952ms
[2019-05-26T17:20:35.104+0300][66.366s][info ][gc] GC(973) Concurrent Cycle 596.995ms
[2019-05-26T17:20:35.182+0300][66.444s][info ][gc] GC(982) To-space exhausted
[2019-05-26T17:20:35.182+0300][66.444s][info ][gc] GC(982) Pause Young (Concurrent Start) (G1 Humongous Allocation) 502M->506M(512M) 36.854ms
[2019-05-26T17:20:35.182+0300][66.444s][info ][gc] GC(983) Concurrent Cycle
[2019-05-26T17:20:35.194+0300][66.456s][info ][gc] GC(984) To-space exhausted
[2019-05-26T17:20:35.194+0300][66.456s][info ][gc] GC(984) Pause Young (Normal) (G1 Humongous Allocation) 506M->506M(512M) 9.785ms
[2019-05-26T17:20:35.194+0300][66.456s][debug][gc] GC(985) Clear Next Bitmap 0.375ms
[2019-05-26T17:20:35.198+0300][66.460s][info ][gc] GC(985) Pause Full (G1 Humongous Allocation) 506M->1M(512M) 3.816ms
[2019-05-26T17:20:35.198+0300][66.460s][info ][gc] GC(983) Concurrent Cycle 16.501ms
[2019-05-26T17:20:35.383+0300][66.645s][info ][gc] GC(986) Pause Young (Normal) (G1 Evacuation Pause) 204M->204M(512M) 88.019ms
[2019-05-26T17:20:35.488+0300][66.750s][info ][gc] GC(987) Pause Young (Normal) (G1 Evacuation Pause) 287M->289M(512M) 54.901ms
[2019-05-26T17:20:35.556+0300][66.818s][info ][gc] GC(988) Pause Young (Concurrent Start) (G1 Evacuation Pause) 342M->344M(512M) 36.445ms
[2019-05-26T17:20:35.556+0300][66.818s][info ][gc] GC(989) Concurrent Cycle
[2019-05-26T17:20:35.602+0300][66.864s][info ][gc] GC(990) Pause Young (Normal) (G1 Evacuation Pause) 378M->381M(512M) 23.918ms
[2019-05-26T17:20:35.635+0300][66.897s][info ][gc] GC(991) Pause Young (Normal) (G1 Evacuation Pause) 404M->406M(512M) 16.807ms
[2019-05-26T17:20:35.663+0300][66.925s][info ][gc] GC(992) Pause Young (Normal) (G1 Evacuation Pause) 427M->428M(512M) 15.200ms
[2019-05-26T17:20:35.693+0300][66.955s][info ][gc] GC(993) Pause Young (Normal) (G1 Evacuation Pause) 449M->451M(512M) 15.643ms
[2019-05-26T17:20:35.723+0300][66.985s][info ][gc] GC(994) Pause Young (Normal) (G1 Evacuation Pause) 472M->474M(512M) 16.105ms
[2019-05-26T17:20:35.766+0300][67.028s][info ][gc] GC(995) To-space exhausted
[2019-05-26T17:20:35.766+0300][67.028s][info ][gc] GC(995) Pause Young (Normal) (G1 Evacuation Pause) 495M->501M(512M) 28.499ms
[2019-05-26T17:20:35.792+0300][67.054s][info ][gc] GC(996) To-space exhausted
[2019-05-26T17:20:35.792+0300][67.054s][info ][gc] GC(996) Pause Young (Normal) (G1 Evacuation Pause) 508M->508M(512M) 20.757ms
[2019-05-26T17:20:35.792+0300][67.054s][debug][gc] GC(997) Clear Next Bitmap 0.284ms
[2019-05-26T17:20:36.126+0300][67.388s][info ][gc] GC(997) Pause Full (G1 Evacuation Pause) 508M->487M(512M) 334.408ms
[2019-05-26T17:20:36.127+0300][67.389s][info ][gc] GC(989) Concurrent Cycle 570.838ms
[2019-05-26T17:20:36.223+0300][67.485s][info ][gc] GC(998) To-space exhausted
[2019-05-26T17:20:36.223+0300][67.485s][info ][gc] GC(998) Pause Young (Concurrent Start) (G1 Humongous Allocation) 504M->506M(512M) 52.655ms
[2019-05-26T17:20:36.223+0300][67.485s][info ][gc] GC(999) Concurrent Cycle
[2019-05-26T17:20:36.228+0300][67.490s][info ][gc] GC(1000) To-space exhausted
[2019-05-26T17:20:36.228+0300][67.490s][info ][gc] GC(1000) Pause Young (Normal) (G1 Humongous Allocation) 506M->506M(512M) 4.420ms
[2019-05-26T17:20:36.228+0300][67.490s][debug][gc] GC(1001) Clear Next Bitmap 0.235ms
[2019-05-26T17:20:36.232+0300][67.494s][info ][gc] GC(1001) Pause Full (G1 Humongous Allocation) 506M->1M(512M) 3.689ms
[2019-05-26T17:20:36.232+0300][67.494s][info ][gc] GC(999) Concurrent Cycle 9.467ms
[2019-05-26T17:20:36.419+0300][67.681s][info ][gc] GC(1002) Pause Young (Normal) (G1 Evacuation Pause) 204M->204M(512M) 88.384ms
[2019-05-26T17:20:36.525+0300][67.787s][info ][gc] GC(1003) Pause Young (Normal) (G1 Evacuation Pause) 288M->290M(512M) 54.932ms
[2019-05-26T17:20:36.594+0300][67.856s][info ][gc] GC(1004) Pause Young (Concurrent Start) (G1 Evacuation Pause) 343M->345M(512M) 37.247ms
[2019-05-26T17:20:36.594+0300][67.856s][info ][gc] GC(1005) Concurrent Cycle
[2019-05-26T17:20:36.640+0300][67.902s][info ][gc] GC(1006) Pause Young (Normal) (G1 Evacuation Pause) 379M->380M(512M) 24.718ms
[2019-05-26T17:20:36.672+0300][67.934s][info ][gc] GC(1007) Pause Young (Normal) (G1 Evacuation Pause) 403M->405M(512M) 16.742ms
[2019-05-26T17:20:36.702+0300][67.964s][info ][gc] GC(1008) Pause Young (Normal) (G1 Evacuation Pause) 426M->429M(512M) 16.363ms
[2019-05-26T17:20:36.731+0300][67.993s][info ][gc] GC(1009) Pause Young (Normal) (G1 Evacuation Pause) 450M->452M(512M) 15.178ms
[2019-05-26T17:20:36.760+0300][68.022s][info ][gc] GC(1010) Pause Young (Normal) (G1 Evacuation Pause) 473M->475M(512M) 14.809ms
[2019-05-26T17:20:36.805+0300][68.068s][info ][gc] GC(1011) To-space exhausted
[2019-05-26T17:20:36.806+0300][68.068s][info ][gc] GC(1011) Pause Young (Normal) (G1 Evacuation Pause) 496M->505M(512M) 31.199ms
[2019-05-26T17:20:36.822+0300][68.084s][info ][gc] GC(1012) To-space exhausted
[2019-05-26T17:20:36.822+0300][68.084s][info ][gc] GC(1012) Pause Young (Normal) (G1 Evacuation Pause) 508M->508M(512M) 13.839ms
[2019-05-26T17:20:36.822+0300][68.084s][debug][gc] GC(1013) Clear Next Bitmap 0.432ms
[2019-05-26T17:20:37.144+0300][68.406s][info ][gc] GC(1013) Pause Full (G1 Evacuation Pause) 508M->484M(512M) 322.194ms
[2019-05-26T17:20:37.145+0300][68.407s][info ][gc] GC(1005) Concurrent Cycle 550.992ms
[2019-05-26T17:20:37.252+0300][68.514s][info ][gc] GC(1014) To-space exhausted
[2019-05-26T17:20:37.252+0300][68.514s][info ][gc] GC(1014) Pause Young (Concurrent Start) (G1 Humongous Allocation) 507M->507M(512M) 60.846ms
[2019-05-26T17:20:37.252+0300][68.514s][info ][gc] GC(1015) Concurrent Cycle
[2019-05-26T17:20:37.253+0300][68.515s][info ][gc] GC(1016) Pause Young (Normal) (G1 Humongous Allocation) 507M->507M(512M) 0.646ms
[2019-05-26T17:20:37.253+0300][68.515s][debug][gc] GC(1017) Clear Next Bitmap 0.245ms
[2019-05-26T17:20:37.257+0300][68.519s][info ][gc] GC(1017) Pause Full (G1 Humongous Allocation) 507M->1M(512M) 3.477ms
[2019-05-26T17:20:37.257+0300][68.519s][info ][gc] GC(1015) Concurrent Cycle 4.939ms
[2019-05-26T17:20:37.443+0300][68.705s][info ][gc] GC(1018) Pause Young (Normal) (G1 Evacuation Pause) 205M->205M(512M) 87.498ms
[2019-05-26T17:20:37.552+0300][68.814s][info ][gc] GC(1019) Pause Young (Normal) (G1 Evacuation Pause) 288M->290M(512M) 58.228ms
[2019-05-26T17:20:37.621+0300][68.883s][info ][gc] GC(1020) Pause Young (Concurrent Start) (G1 Evacuation Pause) 343M->345M(512M) 36.956ms
[2019-05-26T17:20:37.621+0300][68.883s][info ][gc] GC(1021) Concurrent Cycle
[2019-05-26T17:20:37.669+0300][68.931s][info ][gc] GC(1022) Pause Young (Normal) (G1 Evacuation Pause) 379M->381M(512M) 25.428ms
[2019-05-26T17:20:37.703+0300][68.965s][info ][gc] GC(1023) Pause Young (Normal) (G1 Evacuation Pause) 404M->406M(512M) 17.680ms
[2019-05-26T17:20:37.732+0300][68.994s][info ][gc] GC(1024) Pause Young (Normal) (G1 Evacuation Pause) 427M->428M(512M) 15.143ms
[2019-05-26T17:20:37.762+0300][69.024s][info ][gc] GC(1025) Pause Young (Normal) (G1 Evacuation Pause) 449M->451M(512M) 15.557ms
[2019-05-26T17:20:37.791+0300][69.053s][info ][gc] GC(1026) Pause Young (Normal) (G1 Evacuation Pause) 472M->474M(512M) 15.576ms
[2019-05-26T17:20:37.835+0300][69.097s][info ][gc] GC(1027) To-space exhausted
[2019-05-26T17:20:37.835+0300][69.097s][info ][gc] GC(1027) Pause Young (Normal) (G1 Evacuation Pause) 495M->502M(512M) 29.446ms
[2019-05-26T17:20:37.858+0300][69.120s][info ][gc] GC(1028) To-space exhausted
[2019-05-26T17:20:37.858+0300][69.120s][info ][gc] GC(1028) Pause Young (Normal) (G1 Evacuation Pause) 508M->508M(512M) 18.500ms
[2019-05-26T17:20:37.859+0300][69.121s][debug][gc] GC(1029) Clear Next Bitmap 0.308ms
[2019-05-26T17:20:38.178+0300][69.440s][info ][gc] GC(1029) Pause Full (G1 Evacuation Pause) 508M->487M(512M) 319.723ms
[2019-05-26T17:20:38.179+0300][69.441s][info ][gc] GC(1021) Concurrent Cycle 557.742ms
[2019-05-26T17:20:38.230+0300][69.493s][info ][gc] GC(1030) To-space exhausted
[2019-05-26T17:20:38.231+0300][69.493s][info ][gc] GC(1030) Pause Young (Normal) (G1 Evacuation Pause) 508M->508M(512M) 36.515ms
[2019-05-26T17:20:38.549+0300][69.811s][info ][gc] GC(1031) Pause Full (G1 Evacuation Pause) 508M->508M(512M) 318.082ms
[2019-05-26T17:20:38.559+0300][69.821s][info ][gc] GC(1032) To-space exhausted
[2019-05-26T17:20:38.559+0300][69.821s][info ][gc] GC(1032) Pause Young (Concurrent Start) (G1 Evacuation Pause) 509M->509M(512M) 8.201ms
[2019-05-26T17:20:38.559+0300][69.821s][info ][gc] GC(1034) Concurrent Cycle
[2019-05-26T17:20:38.559+0300][69.821s][debug][gc] GC(1033) Clear Next Bitmap 0.244ms
[2019-05-26T17:20:38.895+0300][70.157s][info ][gc] GC(1033) Pause Full (G1 Evacuation Pause) 509M->509M(512M) 335.939ms
[2019-05-26T17:20:38.896+0300][70.158s][info ][gc] GC(1034) Concurrent Cycle 336.748ms
[2019-05-26T17:20:38.935+0300][70.197s][info ][gc] GC(1035) To-space exhausted
[2019-05-26T17:20:38.935+0300][70.197s][info ][gc] GC(1035) Pause Young (Concurrent Start) (G1 Humongous Allocation) 510M->510M(512M) 9.405ms
[2019-05-26T17:20:38.935+0300][70.197s][info ][gc] GC(1036) Concurrent Cycle
[2019-05-26T17:20:38.936+0300][70.198s][info ][gc] GC(1037) Pause Young (Normal) (G1 Humongous Allocation) 510M->510M(512M) 0.485ms
[2019-05-26T17:20:38.937+0300][70.199s][debug][gc] GC(1038) Clear Next Bitmap 0.326ms
[2019-05-26T17:20:38.941+0300][70.203s][info ][gc] GC(1038) Pause Full (G1 Humongous Allocation) 510M->1M(512M) 4.851ms
[2019-05-26T17:20:38.942+0300][70.204s][info ][gc] GC(1036) Concurrent Cycle 6.561ms
[2019-05-26T17:20:39.203+0300][70.465s][info ][gc] GC(1039) Pause Young (Normal) (G1 Evacuation Pause) 266M->268M(512M) 123.637ms
[2019-05-26T17:20:39.301+0300][70.563s][info ][gc] GC(1040) Pause Young (Concurrent Start) (G1 Evacuation Pause) 340M->342M(512M) 54.804ms
[2019-05-26T17:20:39.301+0300][70.563s][info ][gc] GC(1041) Concurrent Cycle
[2019-05-26T17:20:39.355+0300][70.617s][info ][gc] GC(1042) Pause Young (Normal) (G1 Evacuation Pause) 381M->383M(512M) 29.903ms
[2019-05-26T17:20:39.388+0300][70.650s][info ][gc] GC(1043) Pause Young (Normal) (G1 Evacuation Pause) 406M->407M(512M) 17.822ms
[2019-05-26T17:20:39.417+0300][70.679s][info ][gc] GC(1044) Pause Young (Normal) (G1 Evacuation Pause) 428M->430M(512M) 14.636ms
[2019-05-26T17:20:39.446+0300][70.708s][info ][gc] GC(1045) Pause Young (Normal) (G1 Evacuation Pause) 451M->453M(512M) 15.335ms
[2019-05-26T17:20:39.476+0300][70.738s][info ][gc] GC(1046) Pause Young (Normal) (G1 Evacuation Pause) 474M->476M(512M) 15.483ms
[2019-05-26T17:20:39.522+0300][70.784s][info ][gc] GC(1047) To-space exhausted
[2019-05-26T17:20:39.522+0300][70.784s][info ][gc] GC(1047) Pause Young (Normal) (G1 Evacuation Pause) 497M->504M(512M) 31.801ms
[2019-05-26T17:20:39.539+0300][70.801s][info ][gc] GC(1048) To-space exhausted
[2019-05-26T17:20:39.539+0300][70.801s][info ][gc] GC(1048) Pause Young (Normal) (G1 Evacuation Pause) 507M->507M(512M) 14.373ms
[2019-05-26T17:20:39.539+0300][70.802s][debug][gc] GC(1049) Clear Next Bitmap 0.291ms
[2019-05-26T17:20:39.866+0300][71.128s][info ][gc] GC(1049) Pause Full (G1 Evacuation Pause) 507M->486M(512M) 326.884ms
[2019-05-26T17:20:39.867+0300][71.129s][info ][gc] GC(1041) Concurrent Cycle 566.267ms
[2019-05-26T17:20:39.924+0300][71.186s][info ][gc] GC(1050) To-space exhausted
[2019-05-26T17:20:39.924+0300][71.186s][info ][gc] GC(1050) Pause Young (Normal) (G1 Evacuation Pause) 509M->509M(512M) 39.281ms
[2019-05-26T17:20:40.260+0300][71.522s][info ][gc] GC(1051) Pause Full (G1 Evacuation Pause) 509M->509M(512M) 335.451ms
[2019-05-26T17:20:40.271+0300][71.533s][info ][gc] GC(1052) To-space exhausted
[2019-05-26T17:20:40.271+0300][71.533s][info ][gc] GC(1052) Pause Young (Concurrent Start) (G1 Evacuation Pause) 511M->511M(512M) 8.951ms
[2019-05-26T17:20:40.271+0300][71.533s][info ][gc] GC(1054) Concurrent Cycle
[2019-05-26T17:20:40.271+0300][71.533s][debug][gc] GC(1053) Clear Next Bitmap 0.342ms
[2019-05-26T17:20:40.599+0300][71.861s][info ][gc] GC(1053) Pause Full (G1 Evacuation Pause) 511M->511M(512M) 328.051ms
[2019-05-26T17:20:40.931+0300][72.193s][info ][gc] GC(1055) Pause Full (G1 Evacuation Pause) 511M->511M(512M) 331.397ms
[2019-05-26T17:20:40.932+0300][72.194s][info ][gc] GC(1056) Pause Young (Normal) (G1 Evacuation Pause) 511M->511M(512M) 0.260ms
[2019-05-26T17:20:41.271+0300][72.533s][info ][gc] GC(1057) Pause Full (G1 Evacuation Pause) 511M->511M(512M) 339.121ms
[2019-05-26T17:20:41.609+0300][72.871s][info ][gc] GC(1058) Pause Full (G1 Evacuation Pause) 511M->511M(512M) 337.000ms
[2019-05-26T17:20:41.610+0300][72.872s][info ][gc] GC(1054) Concurrent Cycle 1338.931ms
[2019-05-26T17:20:41.611+0300][72.873s][info ][gc] GC(1059) Pause Young (Normal) (G1 Evacuation Pause) 511M->511M(512M) 0.313ms
[2019-05-26T17:20:41.615+0300][72.877s][info ][gc] GC(1060) Pause Full (G1 Evacuation Pause) 511M->1M(512M) 3.894ms
