[2019-05-26T17:14:28.228+0300][0.013s][info][gc] Using Parallel
[2019-05-26T17:14:28.596+0300][0.382s][info][gc] GC(0) Pause Young (Allocation Failure) 128M->120M(491M) 113.067ms
[2019-05-26T17:14:28.821+0300][0.606s][info][gc] GC(1) Pause Young (Allocation Failure) 249M->249M(491M) 150.762ms
[2019-05-26T17:14:30.135+0300][1.921s][info][gc] GC(2) Pause Full (Ergonomics) 249M->248M(491M) 1314.311ms
[2019-05-26T17:14:30.554+0300][2.340s][info][gc] GC(3) Pause Full (Ergonomics) 377M->125M(491M) 258.193ms
[2019-05-26T17:14:31.167+0300][2.953s][info][gc] GC(4) Pause Young (Allocation Failure) 253M->252M(491M) 521.395ms
[2019-05-26T17:14:31.174+0300][2.959s][debug][gc] GC(5) Shrinking ParOldGen from 349696K by 5632K to 344064K
[2019-05-26T17:14:31.174+0300][2.959s][info ][gc] GC(5) Pause Full (Ergonomics) 252M->1M(485M) 6.157ms
[2019-05-26T17:14:31.320+0300][3.105s][info ][gc] GC(6) Pause Young (Allocation Failure) 129M->130M(485M) 107.467ms
[2019-05-26T17:14:31.507+0300][3.293s][info ][gc] GC(7) Pause Young (Allocation Failure) 256M->255M(414M) 113.505ms
[2019-05-26T17:14:31.511+0300][3.296s][debug][gc] GC(8) Expanding ParOldGen from 344064K by 5632K to 349696K
[2019-05-26T17:14:31.511+0300][3.296s][info ][gc] GC(8) Pause Full (Ergonomics) 255M->1M(455M) 3.680ms
[2019-05-26T17:14:31.565+0300][3.351s][info ][gc] GC(9) Pause Young (Allocation Failure) 59M->59M(455M) 41.688ms
[2019-05-26T17:14:31.682+0300][3.467s][info ][gc] GC(10) Pause Young (Allocation Failure) 116M->116M(455M) 81.521ms
[2019-05-26T17:14:31.782+0300][3.567s][info ][gc] GC(11) Pause Young (Allocation Failure) 174M->174M(455M) 78.484ms
[2019-05-26T17:14:31.889+0300][3.675s][info ][gc] GC(12) Pause Young (Allocation Failure) 232M->232M(455M) 86.084ms
[2019-05-26T17:14:32.275+0300][4.060s][info ][gc] GC(13) Pause Young (Allocation Failure) 289M->289M(455M) 337.311ms
[2019-05-26T17:14:32.323+0300][4.108s][info ][gc] GC(14) Pause Full (Ergonomics) 289M->33M(455M) 48.131ms
[2019-05-26T17:14:32.558+0300][4.343s][info ][gc] GC(15) Pause Young (Allocation Failure) 90M->91M(455M) 211.345ms
[2019-05-26T17:14:33.007+0300][4.793s][info ][gc] GC(16) Pause Young (Allocation Failure) 148M->148M(455M) 423.202ms
[2019-05-26T17:14:33.448+0300][5.233s][info ][gc] GC(17) Pause Young (Allocation Failure) 206M->206M(455M) 417.683ms
[2019-05-26T17:14:33.926+0300][5.712s][info ][gc] GC(18) Pause Young (Allocation Failure) 260M->260M(455M) 421.610ms
[2019-05-26T17:14:33.931+0300][5.716s][info ][gc] GC(19) Pause Full (Ergonomics) 260M->1M(455M) 4.154ms
[2019-05-26T17:14:33.989+0300][5.774s][info ][gc] GC(20) Pause Young (Allocation Failure) 59M->59M(455M) 44.529ms
[2019-05-26T17:14:34.092+0300][5.877s][info ][gc] GC(21) Pause Young (Allocation Failure) 116M->116M(455M) 82.763ms
[2019-05-26T17:14:34.537+0300][6.322s][info ][gc] GC(22) Pause Young (Allocation Failure) 174M->174M(455M) 425.829ms
[2019-05-26T17:14:34.996+0300][6.781s][info ][gc] GC(23) Pause Young (Allocation Failure) 231M->232M(455M) 434.680ms
[2019-05-26T17:14:35.387+0300][7.172s][info ][gc] GC(24) Pause Young (Allocation Failure) 289M->289M(455M) 344.282ms
[2019-05-26T17:14:35.424+0300][7.209s][info ][gc] GC(25) Pause Full (Ergonomics) 289M->28M(455M) 36.343ms
[2019-05-26T17:14:35.659+0300][7.443s][info ][gc] GC(26) Pause Young (Allocation Failure) 86M->86M(455M) 216.767ms
[2019-05-26T17:14:36.115+0300][7.900s][info ][gc] GC(27) Pause Young (Allocation Failure) 143M->143M(455M) 429.821ms
[2019-05-26T17:14:36.562+0300][8.347s][info ][gc] GC(28) Pause Young (Allocation Failure) 201M->201M(455M) 425.533ms
[2019-05-26T17:14:37.005+0300][8.790s][info ][gc] GC(29) Pause Young (Allocation Failure) 259M->259M(455M) 421.365ms
[2019-05-26T17:14:37.302+0300][9.087s][info ][gc] GC(30) Pause Young (Allocation Failure) 316M->317M(455M) 246.400ms
[2019-05-26T17:14:37.398+0300][9.184s][info ][gc] GC(31) Pause Full (Ergonomics) 317M->53M(455M) 95.933ms
[2019-05-26T17:14:37.627+0300][9.412s][info ][gc] GC(32) Pause Young (Allocation Failure) 110M->110M(455M) 208.096ms
[2019-05-26T17:14:38.099+0300][9.884s][info ][gc] GC(33) Pause Young (Allocation Failure) 168M->168M(455M) 450.521ms
[2019-05-26T17:14:38.547+0300][10.332s][info ][gc] GC(34) Pause Young (Allocation Failure) 225M->226M(455M) 418.839ms
[2019-05-26T17:14:38.972+0300][10.756s][info ][gc] GC(35) Pause Young (Allocation Failure) 267M->267M(455M) 375.112ms
[2019-05-26T17:14:39.157+0300][10.942s][info ][gc] GC(36) Pause Young (Allocation Failure) 325M->325M(455M) 169.764ms
[2019-05-26T17:14:39.277+0300][11.063s][info ][gc] GC(37) Pause Full (Ergonomics) 325M->58M(455M) 120.640ms
[2019-05-26T17:14:39.521+0300][11.306s][info ][gc] GC(38) Pause Young (Allocation Failure) 116M->116M(455M) 222.022ms
[2019-05-26T17:14:39.976+0300][11.761s][info ][gc] GC(39) Pause Young (Allocation Failure) 174M->174M(455M) 433.303ms
[2019-05-26T17:14:40.419+0300][12.204s][info ][gc] GC(40) Pause Young (Allocation Failure) 231M->231M(455M) 420.189ms
[2019-05-26T17:14:40.825+0300][12.611s][info ][gc] GC(41) Pause Young (Allocation Failure) 271M->270M(455M) 361.188ms
[2019-05-26T17:14:40.985+0300][12.771s][info ][gc] GC(42) Pause Young (Allocation Failure) 327M->327M(455M) 144.562ms
[2019-05-26T17:14:41.099+0300][12.884s][info ][gc] GC(43) Pause Full (Ergonomics) 327M->58M(455M) 113.377ms
[2019-05-26T17:14:41.335+0300][13.120s][info ][gc] GC(44) Pause Young (Allocation Failure) 116M->116M(455M) 214.011ms
[2019-05-26T17:14:41.800+0300][13.585s][info ][gc] GC(45) Pause Young (Allocation Failure) 174M->174M(455M) 443.236ms
[2019-05-26T17:14:42.295+0300][14.080s][info ][gc] GC(46) Pause Young (Allocation Failure) 231M->231M(455M) 466.152ms
[2019-05-26T17:14:42.718+0300][14.503s][info ][gc] GC(47) Pause Young (Allocation Failure) 273M->272M(455M) 378.102ms
[2019-05-26T17:14:42.878+0300][14.663s][info ][gc] GC(48) Pause Young (Allocation Failure) 330M->330M(455M) 145.518ms
[2019-05-26T17:14:42.994+0300][14.779s][info ][gc] GC(49) Pause Full (Ergonomics) 330M->58M(455M) 116.220ms
[2019-05-26T17:14:43.230+0300][15.015s][info ][gc] GC(50) Pause Young (Allocation Failure) 116M->116M(455M) 212.279ms
[2019-05-26T17:14:43.694+0300][15.479s][info ][gc] GC(51) Pause Young (Allocation Failure) 174M->174M(455M) 429.551ms
[2019-05-26T17:14:44.219+0300][16.003s][info ][gc] GC(52) Pause Young (Allocation Failure) 231M->232M(455M) 499.519ms
[2019-05-26T17:14:44.756+0300][16.541s][info ][gc] GC(53) Pause Young (Allocation Failure) 275M->275M(455M) 472.533ms
[2019-05-26T17:14:44.986+0300][16.771s][info ][gc] GC(54) Pause Young (Allocation Failure) 332M->332M(455M) 208.443ms
[2019-05-26T17:14:45.135+0300][16.920s][info ][gc] GC(55) Pause Full (Ergonomics) 332M->58M(455M) 148.919ms
[2019-05-26T17:14:45.428+0300][17.213s][info ][gc] GC(56) Pause Young (Allocation Failure) 116M->116M(455M) 257.147ms
[2019-05-26T17:14:46.013+0300][17.798s][info ][gc] GC(57) Pause Young (Allocation Failure) 174M->174M(455M) 547.094ms
[2019-05-26T17:14:46.619+0300][18.404s][info ][gc] GC(58) Pause Young (Allocation Failure) 231M->232M(455M) 576.711ms
[2019-05-26T17:14:47.151+0300][18.935s][info ][gc] GC(59) Pause Young (Allocation Failure) 277M->277M(455M) 477.945ms
[2019-05-26T17:14:47.407+0300][19.192s][info ][gc] GC(60) Pause Young (Allocation Failure) 335M->335M(455M) 225.702ms
[2019-05-26T17:14:47.570+0300][19.355s][info ][gc] GC(61) Pause Full (Ergonomics) 335M->58M(455M) 162.880ms
[2019-05-26T17:14:47.872+0300][19.657s][info ][gc] GC(62) Pause Young (Allocation Failure) 116M->116M(455M) 271.197ms
[2019-05-26T17:14:48.440+0300][20.225s][info ][gc] GC(63) Pause Young (Allocation Failure) 174M->174M(455M) 536.294ms
[2019-05-26T17:14:49.019+0300][20.804s][info ][gc] GC(64) Pause Young (Allocation Failure) 231M->232M(455M) 545.763ms
[2019-05-26T17:14:49.564+0300][21.349s][info ][gc] GC(65) Pause Young (Allocation Failure) 280M->280M(455M) 488.426ms
[2019-05-26T17:14:49.808+0300][21.593s][info ][gc] GC(66) Pause Young (Allocation Failure) 337M->337M(455M) 225.676ms
[2019-05-26T17:14:49.983+0300][21.769s][info ][gc] GC(67) Pause Full (Ergonomics) 337M->58M(455M) 175.422ms
[2019-05-26T17:14:50.257+0300][22.042s][info ][gc] GC(68) Pause Young (Allocation Failure) 116M->116M(455M) 245.630ms
[2019-05-26T17:14:50.854+0300][22.639s][info ][gc] GC(69) Pause Young (Allocation Failure) 174M->174M(455M) 544.042ms
[2019-05-26T17:14:51.443+0300][23.229s][info ][gc] GC(70) Pause Young (Allocation Failure) 231M->232M(455M) 538.922ms
[2019-05-26T17:14:52.023+0300][23.809s][info ][gc] GC(71) Pause Young (Allocation Failure) 282M->282M(455M) 515.440ms
[2019-05-26T17:14:52.339+0300][24.124s][info ][gc] GC(72) Pause Young (Allocation Failure) 340M->340M(455M) 290.004ms
[2019-05-26T17:14:52.539+0300][24.324s][info ][gc] GC(73) Pause Full (Ergonomics) 340M->58M(455M) 199.778ms
[2019-05-26T17:14:52.838+0300][24.623s][info ][gc] GC(74) Pause Young (Allocation Failure) 116M->116M(455M) 254.988ms
[2019-05-26T17:14:53.443+0300][25.228s][info ][gc] GC(75) Pause Young (Allocation Failure) 174M->174M(455M) 554.493ms
[2019-05-26T17:14:54.034+0300][25.818s][info ][gc] GC(76) Pause Young (Allocation Failure) 231M->232M(455M) 537.260ms
[2019-05-26T17:14:54.641+0300][26.426s][info ][gc] GC(77) Pause Young (Allocation Failure) 285M->285M(455M) 526.103ms
[2019-05-26T17:14:54.931+0300][26.716s][info ][gc] GC(78) Pause Young (Allocation Failure) 342M->342M(455M) 271.039ms
[2019-05-26T17:14:55.077+0300][26.862s][info ][gc] GC(79) Pause Full (Ergonomics) 342M->58M(455M) 145.266ms
[2019-05-26T17:14:55.352+0300][27.136s][info ][gc] GC(80) Pause Young (Allocation Failure) 116M->116M(455M) 241.800ms
[2019-05-26T17:14:55.956+0300][27.741s][info ][gc] GC(81) Pause Young (Allocation Failure) 174M->174M(455M) 559.831ms
[2019-05-26T17:14:56.567+0300][28.352s][info ][gc] GC(82) Pause Young (Allocation Failure) 231M->232M(455M) 567.209ms
[2019-05-26T17:14:57.148+0300][28.933s][info ][gc] GC(83) Pause Young (Allocation Failure) 288M->287M(455M) 521.420ms
[2019-05-26T17:14:57.438+0300][29.223s][info ][gc] GC(84) Pause Young (Allocation Failure) 345M->345M(455M) 271.329ms
[2019-05-26T17:14:57.580+0300][29.365s][info ][gc] GC(85) Pause Full (Ergonomics) 345M->58M(455M) 142.176ms
[2019-05-26T17:14:57.882+0300][29.667s][info ][gc] GC(86) Pause Young (Allocation Failure) 116M->116M(455M) 273.610ms
[2019-05-26T17:14:58.463+0300][30.247s][info ][gc] GC(87) Pause Young (Allocation Failure) 174M->174M(455M) 550.764ms
[2019-05-26T17:14:59.022+0300][30.806s][info ][gc] GC(88) Pause Young (Allocation Failure) 231M->231M(455M) 519.361ms
[2019-05-26T17:14:59.618+0300][31.403s][info ][gc] GC(89) Pause Young (Allocation Failure) 289M->289M(455M) 546.830ms
[2019-05-26T17:14:59.967+0300][31.751s][info ][gc] GC(90) Pause Young (Allocation Failure) 347M->347M(455M) 297.356ms
[2019-05-26T17:15:00.127+0300][31.911s][info ][gc] GC(91) Pause Full (Ergonomics) 347M->58M(455M) 160.111ms
[2019-05-26T17:15:00.410+0300][32.195s][info ][gc] GC(92) Pause Young (Allocation Failure) 116M->116M(455M) 249.335ms
[2019-05-26T17:15:00.976+0300][32.761s][info ][gc] GC(93) Pause Young (Allocation Failure) 173M->174M(455M) 531.930ms
[2019-05-26T17:15:01.568+0300][33.352s][info ][gc] GC(94) Pause Young (Allocation Failure) 231M->231M(455M) 563.041ms
[2019-05-26T17:15:02.140+0300][33.925s][info ][gc] GC(95) Pause Young (Allocation Failure) 289M->289M(455M) 543.964ms
[2019-05-26T17:15:02.486+0300][34.270s][info ][gc] GC(96) Pause Young (Allocation Failure) 346M->347M(455M) 295.202ms
[2019-05-26T17:15:02.617+0300][34.402s][info ][gc] GC(97) Pause Full (Ergonomics) 347M->55M(455M) 131.702ms
[2019-05-26T17:15:02.902+0300][34.686s][info ][gc] GC(98) Pause Young (Allocation Failure) 113M->113M(455M) 254.989ms
[2019-05-26T17:15:03.471+0300][35.256s][info ][gc] GC(99) Pause Young (Allocation Failure) 171M->171M(455M) 540.943ms
[2019-05-26T17:15:04.049+0300][35.834s][info ][gc] GC(100) Pause Young (Allocation Failure) 228M->229M(455M) 549.421ms
[2019-05-26T17:15:04.623+0300][36.408s][info ][gc] GC(101) Pause Young (Allocation Failure) 286M->286M(455M) 544.029ms
[2019-05-26T17:15:05.016+0300][36.801s][info ][gc] GC(102) Pause Young (Allocation Failure) 344M->344M(455M) 338.148ms
[2019-05-26T17:15:05.134+0300][36.919s][info ][gc] GC(103) Pause Full (Ergonomics) 344M->50M(455M) 118.330ms
[2019-05-26T17:15:05.444+0300][37.229s][info ][gc] GC(104) Pause Young (Allocation Failure) 108M->108M(455M) 281.846ms
[2019-05-26T17:15:06.022+0300][37.807s][info ][gc] GC(105) Pause Young (Allocation Failure) 165M->166M(455M) 547.885ms
[2019-05-26T17:15:06.624+0300][38.409s][info ][gc] GC(106) Pause Young (Allocation Failure) 223M->223M(455M) 572.240ms
[2019-05-26T17:15:07.205+0300][38.989s][info ][gc] GC(107) Pause Young (Allocation Failure) 281M->281M(455M) 552.187ms
[2019-05-26T17:15:07.608+0300][39.393s][info ][gc] GC(108) Pause Young (Allocation Failure) 338M->339M(455M) 353.540ms
[2019-05-26T17:15:07.701+0300][39.486s][info ][gc] GC(109) Pause Full (Ergonomics) 339M->43M(455M) 92.652ms
[2019-05-26T17:15:07.986+0300][39.770s][info ][gc] GC(110) Pause Young (Allocation Failure) 100M->100M(455M) 253.246ms
[2019-05-26T17:15:08.530+0300][40.315s][info ][gc] GC(111) Pause Young (Allocation Failure) 158M->158M(455M) 515.245ms
[2019-05-26T17:15:09.129+0300][40.914s][info ][gc] GC(112) Pause Young (Allocation Failure) 215M->216M(455M) 563.641ms
[2019-05-26T17:15:09.732+0300][41.517s][info ][gc] GC(113) Pause Young (Allocation Failure) 273M->273M(455M) 573.087ms
[2019-05-26T17:15:10.207+0300][41.991s][info ][gc] GC(114) Pause Young (Allocation Failure) 331M->331M(455M) 422.695ms
[2019-05-26T17:15:10.260+0300][42.045s][info ][gc] GC(115) Pause Full (Ergonomics) 331M->32M(455M) 53.213ms
[2019-05-26T17:15:10.570+0300][42.355s][info ][gc] GC(116) Pause Young (Allocation Failure) 90M->90M(455M) 277.475ms
[2019-05-26T17:15:11.147+0300][42.932s][info ][gc] GC(117) Pause Young (Allocation Failure) 147M->148M(455M) 546.310ms
[2019-05-26T17:15:11.750+0300][43.534s][info ][gc] GC(118) Pause Young (Allocation Failure) 205M->205M(455M) 573.830ms
[2019-05-26T17:15:12.339+0300][44.124s][info ][gc] GC(119) Pause Young (Allocation Failure) 263M->263M(455M) 560.274ms
[2019-05-26T17:15:12.849+0300][44.634s][info ][gc] GC(120) Pause Young (Allocation Failure) 302M->302M(455M) 459.941ms
[2019-05-26T17:15:12.854+0300][44.639s][info ][gc] GC(121) Pause Full (Ergonomics) 302M->1M(455M) 5.167ms
[2019-05-26T17:15:12.924+0300][44.709s][info ][gc] GC(122) Pause Young (Allocation Failure) 59M->59M(455M) 52.794ms
[2019-05-26T17:15:13.045+0300][44.830s][info ][gc] GC(123) Pause Young (Allocation Failure) 116M->116M(455M) 93.950ms
[2019-05-26T17:15:13.614+0300][45.399s][info ][gc] GC(124) Pause Young (Allocation Failure) 174M->174M(455M) 540.617ms
[2019-05-26T17:15:14.173+0300][45.957s][info ][gc] GC(125) Pause Young (Allocation Failure) 231M->232M(455M) 529.350ms
[2019-05-26T17:15:14.738+0300][46.523s][info ][gc] GC(126) Pause Young (Allocation Failure) 289M->289M(455M) 535.893ms
[2019-05-26T17:15:15.168+0300][46.953s][info ][gc] GC(127) Pause Young (Allocation Failure) 347M->347M(455M) 378.967ms
[2019-05-26T17:15:15.258+0300][47.043s][info ][gc] GC(128) Pause Full (Ergonomics) 347M->43M(455M) 89.430ms
[2019-05-26T17:15:15.541+0300][47.326s][info ][gc] GC(129) Pause Young (Allocation Failure) 101M->101M(455M) 254.543ms
[2019-05-26T17:15:16.138+0300][47.923s][info ][gc] GC(130) Pause Young (Allocation Failure) 158M->158M(455M) 566.574ms
[2019-05-26T17:15:16.736+0300][48.521s][info ][gc] GC(131) Pause Young (Allocation Failure) 216M->216M(455M) 568.270ms
[2019-05-26T17:15:17.331+0300][49.115s][info ][gc] GC(132) Pause Young (Allocation Failure) 274M->274M(455M) 561.048ms
[2019-05-26T17:15:17.823+0300][49.608s][info ][gc] GC(133) Pause Young (Allocation Failure) 331M->332M(455M) 443.402ms
[2019-05-26T17:15:17.851+0300][49.636s][info ][gc] GC(134) Pause Full (Ergonomics) 332M->26M(455M) 27.905ms
[2019-05-26T17:15:18.142+0300][49.926s][info ][gc] GC(135) Pause Young (Allocation Failure) 83M->83M(455M) 265.178ms
[2019-05-26T17:15:18.736+0300][50.520s][info ][gc] GC(136) Pause Young (Allocation Failure) 141M->141M(455M) 564.329ms
[2019-05-26T17:15:19.330+0300][51.115s][info ][gc] GC(137) Pause Young (Allocation Failure) 199M->199M(455M) 565.969ms
[2019-05-26T17:15:19.907+0300][51.692s][info ][gc] GC(138) Pause Young (Allocation Failure) 256M->256M(455M) 548.101ms
[2019-05-26T17:15:20.522+0300][52.307s][info ][gc] GC(139) Pause Young (Allocation Failure) 309M->310M(455M) 548.448ms
[2019-05-26T17:15:20.527+0300][52.312s][info ][gc] GC(140) Pause Full (Ergonomics) 310M->1M(455M) 4.511ms
[2019-05-26T17:15:20.595+0300][52.380s][info ][gc] GC(141) Pause Young (Allocation Failure) 59M->59M(455M) 51.703ms
[2019-05-26T17:15:20.719+0300][52.503s][info ][gc] GC(142) Pause Young (Allocation Failure) 116M->116M(455M) 95.684ms
[2019-05-26T17:15:21.316+0300][53.100s][info ][gc] GC(143) Pause Young (Allocation Failure) 174M->174M(455M) 568.375ms
[2019-05-26T17:15:21.882+0300][53.666s][info ][gc] GC(144) Pause Young (Allocation Failure) 231M->232M(455M) 537.449ms
[2019-05-26T17:15:22.472+0300][54.257s][info ][gc] GC(145) Pause Young (Allocation Failure) 289M->289M(455M) 561.871ms
[2019-05-26T17:15:22.941+0300][54.726s][info ][gc] GC(146) Pause Young (Allocation Failure) 347M->347M(455M) 415.358ms
[2019-05-26T17:15:23.005+0300][54.790s][info ][gc] GC(147) Pause Full (Ergonomics) 347M->36M(455M) 63.786ms
[2019-05-26T17:15:23.301+0300][55.085s][info ][gc] GC(148) Pause Young (Allocation Failure) 93M->93M(455M) 266.952ms
[2019-05-26T17:15:23.903+0300][55.688s][info ][gc] GC(149) Pause Young (Allocation Failure) 151M->151M(455M) 568.694ms
[2019-05-26T17:15:24.501+0300][56.285s][info ][gc] GC(150) Pause Young (Allocation Failure) 209M->209M(455M) 567.749ms
[2019-05-26T17:15:25.094+0300][56.878s][info ][gc] GC(151) Pause Young (Allocation Failure) 266M->267M(455M) 563.545ms
[2019-05-26T17:15:25.659+0300][57.444s][info ][gc] GC(152) Pause Young (Allocation Failure) 315M->315M(455M) 511.247ms
[2019-05-26T17:15:25.664+0300][57.449s][info ][gc] GC(153) Pause Full (Ergonomics) 315M->1M(455M) 5.268ms
[2019-05-26T17:15:25.732+0300][57.517s][info ][gc] GC(154) Pause Young (Allocation Failure) 59M->59M(455M) 51.190ms
[2019-05-26T17:15:25.854+0300][57.639s][info ][gc] GC(155) Pause Young (Allocation Failure) 116M->116M(455M) 94.701ms
[2019-05-26T17:15:26.443+0300][58.228s][info ][gc] GC(156) Pause Young (Allocation Failure) 174M->174M(455M) 559.840ms
[2019-05-26T17:15:27.022+0300][58.807s][info ][gc] GC(157) Pause Young (Allocation Failure) 231M->232M(455M) 549.656ms
[2019-05-26T17:15:27.616+0300][59.400s][info ][gc] GC(158) Pause Young (Allocation Failure) 289M->289M(455M) 563.836ms
[2019-05-26T17:15:28.074+0300][59.858s][info ][gc] GC(159) Pause Young (Allocation Failure) 347M->347M(455M) 409.431ms
[2019-05-26T17:15:28.119+0300][59.904s][info ][gc] GC(160) Pause Full (Ergonomics) 347M->31M(455M) 45.588ms
[2019-05-26T17:15:28.397+0300][60.182s][info ][gc] GC(161) Pause Young (Allocation Failure) 88M->88M(455M) 251.852ms
[2019-05-26T17:15:28.967+0300][60.752s][info ][gc] GC(162) Pause Young (Allocation Failure) 146M->146M(455M) 541.326ms
[2019-05-26T17:15:29.536+0300][61.321s][info ][gc] GC(163) Pause Young (Allocation Failure) 204M->204M(455M) 539.744ms
[2019-05-26T17:15:30.102+0300][61.887s][info ][gc] GC(164) Pause Young (Allocation Failure) 261M->262M(455M) 532.943ms
[2019-05-26T17:15:30.697+0300][62.482s][info ][gc] GC(165) Pause Young (Allocation Failure) 319M->319M(455M) 552.106ms
[2019-05-26T17:15:32.790+0300][64.575s][info ][gc] GC(166) Pause Full (Ergonomics) 319M->318M(455M) 2093.205ms
[2019-05-26T17:15:32.930+0300][64.715s][info ][gc] GC(167) Pause Full (Ergonomics) 376M->58M(455M) 93.092ms
[2019-05-26T17:15:33.196+0300][64.981s][info ][gc] GC(168) Pause Young (Allocation Failure) 116M->116M(455M) 242.505ms
[2019-05-26T17:15:33.778+0300][65.563s][info ][gc] GC(169) Pause Young (Allocation Failure) 173M->174M(455M) 555.778ms
[2019-05-26T17:15:34.363+0300][66.148s][info ][gc] GC(170) Pause Young (Allocation Failure) 231M->231M(455M) 548.041ms
[2019-05-26T17:15:34.932+0300][66.717s][info ][gc] GC(171) Pause Young (Allocation Failure) 289M->289M(455M) 539.577ms
[2019-05-26T17:15:35.401+0300][67.185s][info ][gc] GC(172) Pause Young (Allocation Failure) 322M->322M(455M) 422.375ms
[2019-05-26T17:15:35.406+0300][67.191s][info ][gc] GC(173) Pause Full (Ergonomics) 322M->1M(455M) 5.353ms
[2019-05-26T17:15:35.478+0300][67.262s][info ][gc] GC(174) Pause Young (Allocation Failure) 59M->59M(455M) 54.548ms
[2019-05-26T17:15:35.608+0300][67.392s][info ][gc] GC(175) Pause Young (Allocation Failure) 116M->116M(455M) 101.468ms
[2019-05-26T17:15:36.190+0300][67.975s][info ][gc] GC(176) Pause Young (Allocation Failure) 174M->174M(455M) 553.440ms
[2019-05-26T17:15:36.775+0300][68.559s][info ][gc] GC(177) Pause Young (Allocation Failure) 231M->232M(455M) 555.423ms
[2019-05-26T17:15:37.335+0300][69.120s][info ][gc] GC(178) Pause Young (Allocation Failure) 289M->289M(455M) 531.473ms
[2019-05-26T17:15:37.813+0300][69.598s][info ][gc] GC(179) Pause Young (Allocation Failure) 325M->325M(455M) 430.711ms
[2019-05-26T17:15:37.819+0300][69.604s][info ][gc] GC(180) Pause Full (Ergonomics) 325M->1M(455M) 5.612ms
[2019-05-26T17:15:37.889+0300][69.674s][info ][gc] GC(181) Pause Young (Allocation Failure) 59M->59M(455M) 53.205ms
[2019-05-26T17:15:38.018+0300][69.803s][info ][gc] GC(182) Pause Young (Allocation Failure) 116M->116M(455M) 101.591ms
[2019-05-26T17:15:38.602+0300][70.386s][info ][gc] GC(183) Pause Young (Allocation Failure) 174M->174M(455M) 553.159ms
[2019-05-26T17:15:39.188+0300][70.974s][info ][gc] GC(184) Pause Young (Allocation Failure) 231M->232M(455M) 545.694ms
[2019-05-26T17:15:39.796+0300][71.581s][info ][gc] GC(185) Pause Young (Allocation Failure) 289M->289M(455M) 574.078ms
[2019-05-26T17:15:40.288+0300][72.074s][info ][gc] GC(186) Pause Young (Allocation Failure) 327M->327M(455M) 442.500ms
[2019-05-26T17:15:40.294+0300][72.079s][info ][gc] GC(187) Pause Full (Ergonomics) 327M->1M(455M) 5.436ms
[2019-05-26T17:15:40.364+0300][72.149s][info ][gc] GC(188) Pause Young (Allocation Failure) 59M->59M(455M) 52.974ms
[2019-05-26T17:15:40.482+0300][72.268s][info ][gc] GC(189) Pause Young (Allocation Failure) 116M->116M(455M) 91.236ms
[2019-05-26T17:15:41.064+0300][72.850s][info ][gc] GC(190) Pause Young (Allocation Failure) 174M->174M(455M) 553.888ms
[2019-05-26T17:15:41.618+0300][73.403s][info ][gc] GC(191) Pause Young (Allocation Failure) 231M->232M(455M) 523.593ms
[2019-05-26T17:15:42.202+0300][73.987s][info ][gc] GC(192) Pause Young (Allocation Failure) 289M->289M(455M) 536.228ms
[2019-05-26T17:15:42.756+0300][74.541s][info ][gc] GC(193) Pause Young (Allocation Failure) 330M->330M(455M) 488.050ms
[2019-05-26T17:15:42.762+0300][74.547s][info ][gc] GC(194) Pause Full (Ergonomics) 330M->1M(455M) 5.563ms
[2019-05-26T17:15:42.846+0300][74.631s][info ][gc] GC(195) Pause Young (Allocation Failure) 59M->59M(455M) 57.429ms
[2019-05-26T17:15:42.990+0300][74.775s][info ][gc] GC(196) Pause Young (Allocation Failure) 116M->116M(455M) 104.213ms
[2019-05-26T17:15:43.586+0300][75.371s][info ][gc] GC(197) Pause Young (Allocation Failure) 174M->174M(455M) 553.576ms
[2019-05-26T17:15:44.150+0300][75.934s][info ][gc] GC(198) Pause Young (Allocation Failure) 231M->232M(455M) 529.374ms
[2019-05-26T17:15:44.751+0300][76.536s][info ][gc] GC(199) Pause Young (Allocation Failure) 289M->289M(455M) 570.995ms
[2019-05-26T17:15:45.280+0300][77.065s][info ][gc] GC(200) Pause Young (Allocation Failure) 332M->332M(455M) 478.410ms
[2019-05-26T17:15:45.286+0300][77.071s][info ][gc] GC(201) Pause Full (Ergonomics) 332M->1M(455M) 5.548ms
[2019-05-26T17:15:45.364+0300][77.149s][info ][gc] GC(202) Pause Young (Allocation Failure) 59M->58M(455M) 53.803ms
[2019-05-26T17:15:45.500+0300][77.285s][info ][gc] GC(203) Pause Young (Allocation Failure) 116M->116M(455M) 107.067ms
[2019-05-26T17:15:46.083+0300][77.868s][info ][gc] GC(204) Pause Young (Allocation Failure) 173M->174M(455M) 549.750ms
[2019-05-26T17:15:46.711+0300][78.495s][info ][gc] GC(205) Pause Young (Allocation Failure) 231M->231M(455M) 574.654ms
[2019-05-26T17:15:47.311+0300][79.095s][info ][gc] GC(206) Pause Young (Allocation Failure) 289M->289M(455M) 564.582ms
[2019-05-26T17:15:47.858+0300][79.642s][info ][gc] GC(207) Pause Young (Allocation Failure) 335M->335M(455M) 482.166ms
[2019-05-26T17:15:47.864+0300][79.648s][info ][gc] GC(208) Pause Full (Ergonomics) 335M->1M(455M) 5.719ms
[2019-05-26T17:15:47.937+0300][79.721s][info ][gc] GC(209) Pause Young (Allocation Failure) 59M->59M(455M) 56.240ms
[2019-05-26T17:15:48.061+0300][79.846s][info ][gc] GC(210) Pause Young (Allocation Failure) 116M->116M(455M) 95.467ms
[2019-05-26T17:15:48.632+0300][80.417s][info ][gc] GC(211) Pause Young (Allocation Failure) 174M->174M(455M) 542.528ms
[2019-05-26T17:15:49.231+0300][81.015s][info ][gc] GC(212) Pause Young (Allocation Failure) 231M->232M(455M) 570.356ms
[2019-05-26T17:15:49.831+0300][81.616s][info ][gc] GC(213) Pause Young (Allocation Failure) 289M->289M(455M) 569.112ms
[2019-05-26T17:15:50.393+0300][82.177s][info ][gc] GC(214) Pause Young (Allocation Failure) 338M->337M(455M) 505.843ms
[2019-05-26T17:15:50.398+0300][82.183s][info ][gc] GC(215) Pause Full (Ergonomics) 337M->1M(455M) 5.191ms
[2019-05-26T17:15:50.466+0300][82.251s][info ][gc] GC(216) Pause Young (Allocation Failure) 59M->59M(455M) 51.434ms
[2019-05-26T17:15:50.592+0300][82.376s][info ][gc] GC(217) Pause Young (Allocation Failure) 116M->116M(455M) 99.019ms
[2019-05-26T17:15:51.169+0300][82.953s][info ][gc] GC(218) Pause Young (Allocation Failure) 174M->174M(455M) 546.618ms
[2019-05-26T17:15:51.738+0300][83.523s][info ][gc] GC(219) Pause Young (Allocation Failure) 231M->232M(455M) 542.520ms
[2019-05-26T17:15:52.331+0300][84.116s][info ][gc] GC(220) Pause Young (Allocation Failure) 289M->289M(455M) 559.977ms
[2019-05-26T17:15:52.909+0300][84.694s][info ][gc] GC(221) Pause Young (Allocation Failure) 340M->340M(455M) 515.412ms
[2019-05-26T17:15:52.915+0300][84.700s][info ][gc] GC(222) Pause Full (Ergonomics) 340M->1M(455M) 5.855ms
[2019-05-26T17:15:52.985+0300][84.770s][info ][gc] GC(223) Pause Young (Allocation Failure) 59M->59M(455M) 53.584ms
[2019-05-26T17:15:53.109+0300][84.895s][info ][gc] GC(224) Pause Young (Allocation Failure) 116M->116M(455M) 96.459ms
[2019-05-26T17:15:53.701+0300][85.486s][info ][gc] GC(225) Pause Young (Allocation Failure) 174M->174M(455M) 561.466ms
[2019-05-26T17:15:54.283+0300][86.068s][info ][gc] GC(226) Pause Young (Allocation Failure) 231M->232M(455M) 551.936ms
[2019-05-26T17:15:54.899+0300][86.684s][info ][gc] GC(227) Pause Young (Allocation Failure) 289M->289M(455M) 581.686ms
[2019-05-26T17:15:55.493+0300][87.278s][info ][gc] GC(228) Pause Young (Allocation Failure) 342M->342M(455M) 537.735ms
[2019-05-26T17:15:55.498+0300][87.283s][info ][gc] GC(229) Pause Full (Ergonomics) 342M->1M(455M) 5.082ms
[2019-05-26T17:15:55.568+0300][87.353s][info ][gc] GC(230) Pause Young (Allocation Failure) 59M->59M(455M) 53.644ms
[2019-05-26T17:15:55.688+0300][87.473s][info ][gc] GC(231) Pause Young (Allocation Failure) 116M->116M(455M) 93.023ms
[2019-05-26T17:15:56.284+0300][88.069s][info ][gc] GC(232) Pause Young (Allocation Failure) 174M->174M(455M) 567.274ms
[2019-05-26T17:15:56.867+0300][88.652s][info ][gc] GC(233) Pause Young (Allocation Failure) 231M->232M(455M) 553.262ms
[2019-05-26T17:15:57.443+0300][89.229s][info ][gc] GC(234) Pause Young (Allocation Failure) 289M->289M(455M) 548.613ms
[2019-05-26T17:15:58.033+0300][89.819s][info ][gc] GC(235) Pause Young (Allocation Failure) 345M->345M(455M) 531.181ms
[2019-05-26T17:15:58.039+0300][89.824s][info ][gc] GC(236) Pause Full (Ergonomics) 345M->1M(455M) 5.499ms
[2019-05-26T17:15:58.110+0300][89.895s][info ][gc] GC(237) Pause Young (Allocation Failure) 59M->59M(455M) 54.160ms
[2019-05-26T17:15:58.235+0300][90.020s][info ][gc] GC(238) Pause Young (Allocation Failure) 116M->116M(455M) 96.725ms
[2019-05-26T17:15:58.822+0300][90.607s][info ][gc] GC(239) Pause Young (Allocation Failure) 174M->174M(455M) 559.125ms
[2019-05-26T17:15:59.425+0300][91.210s][info ][gc] GC(240) Pause Young (Allocation Failure) 231M->232M(455M) 572.590ms
[2019-05-26T17:16:00.022+0300][91.807s][info ][gc] GC(241) Pause Young (Allocation Failure) 289M->289M(455M) 569.099ms
[2019-05-26T17:16:00.626+0300][92.411s][info ][gc] GC(242) Pause Young (Allocation Failure) 347M->347M(455M) 543.691ms
[2019-05-26T17:16:00.631+0300][92.416s][info ][gc] GC(243) Pause Full (Ergonomics) 347M->1M(455M) 4.643ms
[2019-05-26T17:16:00.700+0300][92.484s][info ][gc] GC(244) Pause Young (Allocation Failure) 59M->59M(455M) 53.220ms
[2019-05-26T17:16:00.823+0300][92.608s][info ][gc] GC(245) Pause Young (Allocation Failure) 116M->116M(455M) 95.496ms
[2019-05-26T17:16:01.418+0300][93.202s][info ][gc] GC(246) Pause Young (Allocation Failure) 174M->174M(455M) 566.183ms
[2019-05-26T17:16:01.994+0300][93.779s][info ][gc] GC(247) Pause Young (Allocation Failure) 231M->232M(455M) 548.702ms
[2019-05-26T17:16:02.588+0300][94.373s][info ][gc] GC(248) Pause Young (Allocation Failure) 289M->289M(455M) 564.056ms
[2019-05-26T17:16:03.180+0300][94.965s][info ][gc] GC(249) Pause Young (Allocation Failure) 347M->347M(455M) 563.592ms
[2019-05-26T17:16:05.348+0300][97.132s][info ][gc] GC(250) Pause Full (Ergonomics) 347M->346M(455M) 2166.786ms
[2019-05-26T17:16:05.467+0300][97.253s][info ][gc] GC(251) Pause Full (Ergonomics) 403M->56M(455M) 77.808ms
[2019-05-26T17:16:05.728+0300][97.513s][info ][gc] GC(252) Pause Young (Allocation Failure) 114M->114M(455M) 236.998ms
[2019-05-26T17:16:06.301+0300][98.086s][info ][gc] GC(253) Pause Young (Allocation Failure) 171M->171M(455M) 545.501ms
[2019-05-26T17:16:06.887+0300][98.672s][info ][gc] GC(254) Pause Young (Allocation Failure) 229M->229M(455M) 556.730ms
[2019-05-26T17:16:07.469+0300][99.254s][info ][gc] GC(255) Pause Young (Allocation Failure) 287M->287M(455M) 553.348ms
[2019-05-26T17:16:08.046+0300][99.831s][info ][gc] GC(256) Pause Young (Allocation Failure) 344M->345M(455M) 546.910ms
[2019-05-26T17:16:10.442+0300][102.227s][info ][gc] GC(257) Pause Full (Ergonomics) 345M->343M(455M) 2395.233ms
[2019-05-26T17:16:10.557+0300][102.341s][info ][gc] GC(258) Pause Full (Ergonomics) 401M->51M(455M) 71.564ms
[2019-05-26T17:16:10.829+0300][102.613s][info ][gc] GC(259) Pause Young (Allocation Failure) 109M->109M(455M) 248.226ms
[2019-05-26T17:16:11.407+0300][103.191s][info ][gc] GC(260) Pause Young (Allocation Failure) 166M->167M(455M) 550.283ms
[2019-05-26T17:16:12.002+0300][103.786s][info ][gc] GC(261) Pause Young (Allocation Failure) 224M->224M(455M) 566.993ms
[2019-05-26T17:16:12.582+0300][104.367s][info ][gc] GC(262) Pause Young (Allocation Failure) 282M->282M(455M) 550.583ms
[2019-05-26T17:16:13.176+0300][104.961s][info ][gc] GC(263) Pause Young (Allocation Failure) 340M->340M(455M) 565.059ms
[2019-05-26T17:16:15.519+0300][107.304s][info ][gc] GC(264) Pause Full (Ergonomics) 340M->339M(455M) 2342.700ms
[2019-05-26T17:16:15.626+0300][107.411s][info ][gc] GC(265) Pause Full (Ergonomics) 396M->44M(455M) 62.440ms
[2019-05-26T17:16:15.906+0300][107.690s][info ][gc] GC(266) Pause Young (Allocation Failure) 102M->102M(455M) 249.425ms
[2019-05-26T17:16:16.478+0300][108.263s][info ][gc] GC(267) Pause Young (Allocation Failure) 159M->159M(455M) 543.292ms
[2019-05-26T17:16:17.059+0300][108.843s][info ][gc] GC(268) Pause Young (Allocation Failure) 217M->217M(455M) 551.979ms
[2019-05-26T17:16:17.645+0300][109.429s][info ][gc] GC(269) Pause Young (Allocation Failure) 275M->275M(455M) 557.638ms
[2019-05-26T17:16:18.235+0300][110.020s][info ][gc] GC(270) Pause Young (Allocation Failure) 332M->333M(455M) 561.992ms
[2019-05-26T17:16:20.479+0300][112.265s][info ][gc] GC(271) Pause Full (Ergonomics) 333M->331M(455M) 2244.378ms
[2019-05-26T17:16:20.559+0300][112.344s][info ][gc] GC(272) Pause Full (Ergonomics) 389M->34M(455M) 35.762ms
[2019-05-26T17:16:20.795+0300][112.580s][info ][gc] GC(273) Pause Young (Allocation Failure) 92M->92M(455M) 216.561ms
[2019-05-26T17:16:21.369+0300][113.155s][info ][gc] GC(274) Pause Young (Allocation Failure) 149M->150M(455M) 535.663ms
[2019-05-26T17:16:21.944+0300][113.729s][info ][gc] GC(275) Pause Young (Allocation Failure) 207M->207M(455M) 545.285ms
[2019-05-26T17:16:22.531+0300][114.317s][info ][gc] GC(276) Pause Young (Allocation Failure) 265M->265M(455M) 552.974ms
[2019-05-26T17:16:23.141+0300][114.926s][info ][gc] GC(277) Pause Young (Allocation Failure) 323M->323M(455M) 574.774ms
[2019-05-26T17:16:25.464+0300][117.249s][info ][gc] GC(278) Pause Full (Ergonomics) 323M->322M(455M) 2322.213ms
[2019-05-26T17:16:25.515+0300][117.300s][info ][gc] GC(279) Pause Full (Ergonomics) 358M->1M(455M) 4.352ms
[2019-05-26T17:16:25.574+0300][117.359s][info ][gc] GC(280) Pause Young (Allocation Failure) 59M->59M(455M) 46.857ms
[2019-05-26T17:16:25.688+0300][117.472s][info ][gc] GC(281) Pause Young (Allocation Failure) 116M->116M(455M) 90.217ms
[2019-05-26T17:16:26.264+0300][118.049s][info ][gc] GC(282) Pause Young (Allocation Failure) 174M->174M(455M) 543.773ms
[2019-05-26T17:16:26.858+0300][118.642s][info ][gc] GC(283) Pause Young (Allocation Failure) 231M->232M(455M) 563.252ms
[2019-05-26T17:16:27.435+0300][119.220s][info ][gc] GC(284) Pause Young (Allocation Failure) 289M->289M(455M) 549.332ms
[2019-05-26T17:16:28.023+0300][119.808s][info ][gc] GC(285) Pause Young (Allocation Failure) 347M->347M(455M) 557.187ms
[2019-05-26T17:16:30.243+0300][122.029s][info ][gc] GC(286) Pause Full (Ergonomics) 347M->346M(455M) 2220.418ms
[2019-05-26T17:16:30.354+0300][122.139s][info ][gc] GC(287) Pause Full (Ergonomics) 403M->44M(455M) 65.418ms
[2019-05-26T17:16:30.643+0300][122.428s][info ][gc] GC(288) Pause Young (Allocation Failure) 101M->101M(455M) 262.615ms
[2019-05-26T17:16:31.210+0300][122.995s][info ][gc] GC(289) Pause Young (Allocation Failure) 159M->159M(455M) 538.365ms
[2019-05-26T17:16:31.781+0300][123.566s][info ][gc] GC(290) Pause Young (Allocation Failure) 217M->217M(455M) 541.336ms
[2019-05-26T17:16:32.405+0300][124.190s][info ][gc] GC(291) Pause Young (Allocation Failure) 274M->275M(455M) 579.397ms
[2019-05-26T17:16:33.009+0300][124.794s][info ][gc] GC(292) Pause Young (Allocation Failure) 332M->332M(455M) 574.047ms
[2019-05-26T17:16:35.184+0300][126.968s][info ][gc] GC(293) Pause Full (Ergonomics) 332M->331M(455M) 2174.219ms
[2019-05-26T17:16:35.230+0300][127.014s][info ][gc] GC(294) Pause Full (Ergonomics) 363M->1M(455M) 3.798ms
[2019-05-26T17:16:35.289+0300][127.073s][info ][gc] GC(295) Pause Young (Allocation Failure) 59M->59M(455M) 47.646ms
[2019-05-26T17:16:35.392+0300][127.177s][info ][gc] GC(296) Pause Young (Allocation Failure) 116M->116M(455M) 80.704ms
[2019-05-26T17:16:35.948+0300][127.732s][info ][gc] GC(297) Pause Young (Allocation Failure) 174M->174M(455M) 530.648ms
[2019-05-26T17:16:36.522+0300][128.306s][info ][gc] GC(298) Pause Young (Allocation Failure) 231M->232M(455M) 545.571ms
[2019-05-26T17:16:37.110+0300][128.894s][info ][gc] GC(299) Pause Young (Allocation Failure) 289M->289M(455M) 558.197ms
[2019-05-26T17:16:37.687+0300][129.472s][info ][gc] GC(300) Pause Young (Allocation Failure) 347M->347M(455M) 533.965ms
[2019-05-26T17:16:39.969+0300][131.754s][info ][gc] GC(301) Pause Full (Ergonomics) 347M->346M(455M) 2281.684ms
[2019-05-26T17:16:40.058+0300][131.843s][info ][gc] GC(302) Pause Full (Ergonomics) 403M->39M(455M) 45.559ms
[2019-05-26T17:16:40.341+0300][132.126s][info ][gc] GC(303) Pause Young (Allocation Failure) 96M->96M(455M) 248.441ms
[2019-05-26T17:16:40.933+0300][132.718s][info ][gc] GC(304) Pause Young (Allocation Failure) 154M->154M(455M) 563.506ms
[2019-05-26T17:16:41.522+0300][133.307s][info ][gc] GC(305) Pause Young (Allocation Failure) 212M->212M(455M) 559.941ms
[2019-05-26T17:16:42.121+0300][133.906s][info ][gc] GC(306) Pause Young (Allocation Failure) 269M->270M(455M) 567.525ms
[2019-05-26T17:16:42.721+0300][134.506s][info ][gc] GC(307) Pause Young (Allocation Failure) 327M->327M(455M) 571.449ms
[2019-05-26T17:16:44.933+0300][136.718s][info ][gc] GC(308) Pause Full (Ergonomics) 327M->326M(455M) 2212.382ms
[2019-05-26T17:16:44.990+0300][136.775s][info ][gc] GC(309) Pause Full (Ergonomics) 369M->1M(455M) 4.814ms
[2019-05-26T17:16:45.056+0300][136.841s][info ][gc] GC(310) Pause Young (Allocation Failure) 59M->59M(455M) 52.337ms
[2019-05-26T17:16:45.186+0300][136.971s][info ][gc] GC(311) Pause Young (Allocation Failure) 116M->116M(455M) 102.640ms
[2019-05-26T17:16:45.757+0300][137.542s][info ][gc] GC(312) Pause Young (Allocation Failure) 174M->174M(455M) 541.557ms
[2019-05-26T17:16:46.323+0300][138.108s][info ][gc] GC(313) Pause Young (Allocation Failure) 231M->232M(455M) 534.588ms
[2019-05-26T17:16:46.927+0300][138.712s][info ][gc] GC(314) Pause Young (Allocation Failure) 289M->289M(455M) 564.586ms
[2019-05-26T17:16:47.504+0300][139.288s][info ][gc] GC(315) Pause Young (Allocation Failure) 347M->347M(455M) 546.444ms
[2019-05-26T17:16:49.702+0300][141.487s][info ][gc] GC(316) Pause Full (Ergonomics) 347M->346M(455M) 2198.656ms
[2019-05-26T17:16:49.783+0300][141.568s][info ][gc] GC(317) Pause Full (Ergonomics) 403M->34M(455M) 34.417ms
[2019-05-26T17:16:50.019+0300][141.805s][info ][gc] GC(318) Pause Young (Allocation Failure) 91M->91M(455M) 216.148ms
[2019-05-26T17:16:50.616+0300][142.401s][info ][gc] GC(319) Pause Young (Allocation Failure) 149M->149M(455M) 563.644ms
[2019-05-26T17:16:51.192+0300][142.977s][info ][gc] GC(320) Pause Young (Allocation Failure) 207M->207M(455M) 546.422ms
[2019-05-26T17:16:51.776+0300][143.561s][info ][gc] GC(321) Pause Young (Allocation Failure) 264M->265M(455M) 553.834ms
[2019-05-26T17:16:52.338+0300][144.123s][info ][gc] GC(322) Pause Young (Allocation Failure) 322M->322M(455M) 531.848ms
[2019-05-26T17:16:54.732+0300][146.517s][info ][gc] GC(323) Pause Full (Ergonomics) 322M->321M(455M) 2393.794ms
[2019-05-26T17:16:54.801+0300][146.585s][info ][gc] GC(324) Pause Full (Ergonomics) 374M->1M(455M) 5.033ms
[2019-05-26T17:16:54.876+0300][146.660s][info ][gc] GC(325) Pause Young (Allocation Failure) 59M->59M(455M) 53.565ms
[2019-05-26T17:16:55.011+0300][146.796s][info ][gc] GC(326) Pause Young (Allocation Failure) 116M->116M(455M) 102.125ms
[2019-05-26T17:16:55.633+0300][147.417s][info ][gc] GC(327) Pause Young (Allocation Failure) 174M->174M(455M) 581.327ms
[2019-05-26T17:16:56.237+0300][148.021s][info ][gc] GC(328) Pause Young (Allocation Failure) 231M->232M(455M) 569.965ms
[2019-05-26T17:16:56.842+0300][148.627s][info ][gc] GC(329) Pause Young (Allocation Failure) 289M->289M(455M) 565.611ms
[2019-05-26T17:16:57.425+0300][149.211s][info ][gc] GC(330) Pause Young (Allocation Failure) 347M->347M(455M) 553.620ms
[2019-05-26T17:16:59.751+0300][151.536s][info ][gc] GC(331) Pause Full (Ergonomics) 347M->346M(455M) 2325.026ms
[2019-05-26T17:16:59.800+0300][151.585s][info ][gc] GC(332) Pause Full (Ergonomics) 376M->1M(455M) 4.330ms
[2019-05-26T17:16:59.864+0300][151.649s][info ][gc] GC(333) Pause Young (Allocation Failure) 59M->59M(455M) 50.597ms
[2019-05-26T17:16:59.985+0300][151.770s][info ][gc] GC(334) Pause Young (Allocation Failure) 116M->116M(455M) 96.131ms
[2019-05-26T17:17:00.556+0300][152.341s][info ][gc] GC(335) Pause Young (Allocation Failure) 174M->174M(455M) 535.698ms
[2019-05-26T17:17:01.133+0300][152.917s][info ][gc] GC(336) Pause Young (Allocation Failure) 231M->232M(455M) 542.203ms
[2019-05-26T17:17:01.691+0300][153.475s][info ][gc] GC(337) Pause Young (Allocation Failure) 289M->289M(455M) 524.200ms
[2019-05-26T17:17:02.292+0300][154.076s][info ][gc] GC(338) Pause Young (Allocation Failure) 347M->347M(455M) 561.319ms
[2019-05-26T17:17:04.583+0300][156.368s][info ][gc] GC(339) Pause Full (Ergonomics) 347M->346M(455M) 2291.361ms
[2019-05-26T17:17:04.640+0300][156.425s][info ][gc] GC(340) Pause Full (Ergonomics) 378M->1M(455M) 4.418ms
[2019-05-26T17:17:04.705+0300][156.490s][info ][gc] GC(341) Pause Young (Allocation Failure) 59M->59M(455M) 51.663ms
[2019-05-26T17:17:04.853+0300][156.638s][info ][gc] GC(342) Pause Young (Allocation Failure) 116M->116M(455M) 117.083ms
[2019-05-26T17:17:05.410+0300][157.195s][info ][gc] GC(343) Pause Young (Allocation Failure) 174M->174M(455M) 523.552ms
[2019-05-26T17:17:05.999+0300][157.784s][info ][gc] GC(344) Pause Young (Allocation Failure) 231M->232M(455M) 551.695ms
[2019-05-26T17:17:06.608+0300][158.393s][info ][gc] GC(345) Pause Young (Allocation Failure) 289M->289M(455M) 565.723ms
[2019-05-26T17:17:07.232+0300][159.017s][info ][gc] GC(346) Pause Young (Allocation Failure) 347M->347M(455M) 586.993ms
[2019-05-26T17:17:09.560+0300][161.344s][info ][gc] GC(347) Pause Full (Ergonomics) 347M->346M(455M) 2327.211ms
[2019-05-26T17:17:09.622+0300][161.406s][info ][gc] GC(348) Pause Full (Ergonomics) 381M->1M(455M) 4.943ms
[2019-05-26T17:17:09.693+0300][161.478s][info ][gc] GC(349) Pause Young (Allocation Failure) 59M->59M(455M) 54.113ms
[2019-05-26T17:17:09.832+0300][161.616s][info ][gc] GC(350) Pause Young (Allocation Failure) 116M->116M(455M) 110.833ms
[2019-05-26T17:17:10.434+0300][162.218s][info ][gc] GC(351) Pause Young (Allocation Failure) 174M->174M(455M) 571.500ms
[2019-05-26T17:17:11.009+0300][162.794s][info ][gc] GC(352) Pause Young (Allocation Failure) 231M->232M(455M) 527.489ms
[2019-05-26T17:17:11.635+0300][163.420s][info ][gc] GC(353) Pause Young (Allocation Failure) 289M->289M(455M) 577.844ms
[2019-05-26T17:17:12.203+0300][163.987s][info ][gc] GC(354) Pause Young (Allocation Failure) 347M->347M(455M) 538.862ms
[2019-05-26T17:17:14.691+0300][166.476s][info ][gc] GC(355) Pause Full (Ergonomics) 347M->346M(455M) 2488.582ms
[2019-05-26T17:17:14.744+0300][166.530s][info ][gc] GC(356) Pause Full (Ergonomics) 384M->1M(455M) 4.635ms
[2019-05-26T17:17:14.817+0300][166.602s][info ][gc] GC(357) Pause Young (Allocation Failure) 59M->59M(455M) 55.114ms
[2019-05-26T17:17:14.949+0300][166.733s][info ][gc] GC(358) Pause Young (Allocation Failure) 116M->116M(455M) 101.059ms
[2019-05-26T17:17:15.528+0300][167.312s][info ][gc] GC(359) Pause Young (Allocation Failure) 174M->174M(455M) 550.636ms
[2019-05-26T17:17:16.097+0300][167.882s][info ][gc] GC(360) Pause Young (Allocation Failure) 231M->232M(455M) 535.651ms
[2019-05-26T17:17:16.688+0300][168.473s][info ][gc] GC(361) Pause Young (Allocation Failure) 289M->289M(455M) 550.986ms
[2019-05-26T17:17:17.275+0300][169.060s][info ][gc] GC(362) Pause Young (Allocation Failure) 347M->347M(455M) 550.025ms
[2019-05-26T17:17:19.508+0300][171.293s][info ][gc] GC(363) Pause Full (Ergonomics) 347M->346M(455M) 2232.586ms
[2019-05-26T17:17:19.560+0300][171.345s][info ][gc] GC(364) Pause Full (Ergonomics) 386M->1M(455M) 4.680ms
[2019-05-26T17:17:19.624+0300][171.409s][info ][gc] GC(365) Pause Young (Allocation Failure) 59M->59M(455M) 49.274ms
[2019-05-26T17:17:19.738+0300][171.522s][info ][gc] GC(366) Pause Young (Allocation Failure) 116M->116M(455M) 85.084ms
[2019-05-26T17:17:20.299+0300][172.084s][info ][gc] GC(367) Pause Young (Allocation Failure) 174M->174M(455M) 534.270ms
[2019-05-26T17:17:20.850+0300][172.636s][info ][gc] GC(368) Pause Young (Allocation Failure) 231M->232M(455M) 519.082ms
[2019-05-26T17:17:21.439+0300][173.225s][info ][gc] GC(369) Pause Young (Allocation Failure) 289M->289M(455M) 546.125ms
[2019-05-26T17:17:22.032+0300][173.817s][info ][gc] GC(370) Pause Young (Allocation Failure) 347M->347M(455M) 555.453ms
[2019-05-26T17:17:24.390+0300][176.175s][info ][gc] GC(371) Pause Full (Ergonomics) 347M->346M(455M) 2357.237ms
[2019-05-26T17:17:24.444+0300][176.229s][info ][gc] GC(372) Pause Full (Ergonomics) 388M->1M(455M) 5.287ms
[2019-05-26T17:17:24.515+0300][176.301s][info ][gc] GC(373) Pause Young (Allocation Failure) 59M->59M(455M) 51.282ms
[2019-05-26T17:17:24.632+0300][176.418s][info ][gc] GC(374) Pause Young (Allocation Failure) 116M->116M(455M) 92.580ms
[2019-05-26T17:17:25.195+0300][176.980s][info ][gc] GC(375) Pause Young (Allocation Failure) 174M->174M(455M) 534.595ms
[2019-05-26T17:17:25.781+0300][177.566s][info ][gc] GC(376) Pause Young (Allocation Failure) 231M->232M(455M) 557.108ms
[2019-05-26T17:17:26.384+0300][178.169s][info ][gc] GC(377) Pause Young (Allocation Failure) 289M->289M(455M) 573.678ms
[2019-05-26T17:17:26.976+0300][178.762s][info ][gc] GC(378) Pause Young (Allocation Failure) 347M->347M(455M) 563.054ms
[2019-05-26T17:17:29.245+0300][181.030s][info ][gc] GC(379) Pause Full (Ergonomics) 347M->346M(455M) 2267.699ms
[2019-05-26T17:17:29.311+0300][181.095s][info ][gc] GC(380) Pause Full (Ergonomics) 390M->1M(455M) 4.796ms
[2019-05-26T17:17:29.374+0300][181.159s][info ][gc] GC(381) Pause Young (Allocation Failure) 59M->59M(455M) 51.145ms
[2019-05-26T17:17:29.511+0300][181.296s][info ][gc] GC(382) Pause Young (Allocation Failure) 116M->116M(455M) 98.053ms
[2019-05-26T17:17:30.110+0300][181.895s][info ][gc] GC(383) Pause Young (Allocation Failure) 174M->174M(455M) 552.724ms
[2019-05-26T17:17:30.691+0300][182.476s][info ][gc] GC(384) Pause Young (Allocation Failure) 231M->232M(455M) 546.187ms
[2019-05-26T17:17:31.247+0300][183.032s][info ][gc] GC(385) Pause Young (Allocation Failure) 289M->289M(455M) 525.721ms
[2019-05-26T17:17:31.845+0300][183.630s][info ][gc] GC(386) Pause Young (Allocation Failure) 347M->347M(455M) 563.349ms
[2019-05-26T17:17:34.122+0300][185.907s][info ][gc] GC(387) Pause Full (Ergonomics) 347M->346M(455M) 2277.138ms
[2019-05-26T17:17:34.177+0300][185.962s][info ][gc] GC(388) Pause Full (Ergonomics) 393M->1M(455M) 5.124ms
[2019-05-26T17:17:34.239+0300][186.025s][info ][gc] GC(389) Pause Young (Allocation Failure) 59M->59M(455M) 50.157ms
[2019-05-26T17:17:34.377+0300][186.162s][info ][gc] GC(390) Pause Young (Allocation Failure) 116M->116M(455M) 97.001ms
[2019-05-26T17:17:34.967+0300][186.752s][info ][gc] GC(391) Pause Young (Allocation Failure) 174M->174M(455M) 554.438ms
[2019-05-26T17:17:35.552+0300][187.337s][info ][gc] GC(392) Pause Young (Allocation Failure) 231M->232M(455M) 554.784ms
[2019-05-26T17:17:36.142+0300][187.927s][info ][gc] GC(393) Pause Young (Allocation Failure) 289M->289M(455M) 542.765ms
[2019-05-26T17:17:36.731+0300][188.516s][info ][gc] GC(394) Pause Young (Allocation Failure) 347M->347M(455M) 559.887ms
[2019-05-26T17:17:38.963+0300][190.748s][info ][gc] GC(395) Pause Full (Ergonomics) 347M->346M(455M) 2232.023ms
[2019-05-26T17:17:39.021+0300][190.806s][info ][gc] GC(396) Pause Full (Ergonomics) 396M->1M(455M) 4.045ms
[2019-05-26T17:17:39.084+0300][190.868s][info ][gc] GC(397) Pause Young (Allocation Failure) 59M->59M(455M) 50.439ms
[2019-05-26T17:17:39.204+0300][190.989s][info ][gc] GC(398) Pause Young (Allocation Failure) 116M->116M(455M) 95.105ms
[2019-05-26T17:17:39.761+0300][191.546s][info ][gc] GC(399) Pause Young (Allocation Failure) 174M->174M(455M) 530.832ms
[2019-05-26T17:17:40.350+0300][192.134s][info ][gc] GC(400) Pause Young (Allocation Failure) 231M->232M(455M) 557.428ms
[2019-05-26T17:17:40.920+0300][192.705s][info ][gc] GC(401) Pause Young (Allocation Failure) 289M->289M(455M) 542.158ms
[2019-05-26T17:17:41.503+0300][193.288s][info ][gc] GC(402) Pause Young (Allocation Failure) 347M->347M(455M) 553.586ms
[2019-05-26T17:17:43.873+0300][195.658s][info ][gc] GC(403) Pause Full (Ergonomics) 347M->346M(455M) 2369.974ms
[2019-05-26T17:17:43.944+0300][195.729s][info ][gc] GC(404) Pause Full (Ergonomics) 398M->1M(455M) 4.769ms
[2019-05-26T17:17:44.009+0300][195.794s][info ][gc] GC(405) Pause Young (Allocation Failure) 59M->59M(455M) 52.701ms
[2019-05-26T17:17:44.143+0300][195.928s][info ][gc] GC(406) Pause Young (Allocation Failure) 116M->116M(455M) 98.587ms
[2019-05-26T17:17:44.706+0300][196.491s][info ][gc] GC(407) Pause Young (Allocation Failure) 174M->174M(455M) 534.807ms
[2019-05-26T17:17:45.297+0300][197.082s][info ][gc] GC(408) Pause Young (Allocation Failure) 231M->232M(455M) 561.184ms
[2019-05-26T17:17:45.894+0300][197.678s][info ][gc] GC(409) Pause Young (Allocation Failure) 289M->289M(455M) 564.732ms
[2019-05-26T17:17:46.457+0300][198.243s][info ][gc] GC(410) Pause Young (Allocation Failure) 347M->347M(455M) 534.806ms
[2019-05-26T17:17:48.630+0300][200.415s][info ][gc] GC(411) Pause Full (Ergonomics) 347M->346M(455M) 2172.075ms
[2019-05-26T17:17:48.699+0300][200.484s][info ][gc] GC(412) Pause Full (Ergonomics) 401M->1M(455M) 4.673ms
[2019-05-26T17:17:48.779+0300][200.563s][info ][gc] GC(413) Pause Young (Allocation Failure) 59M->59M(455M) 60.765ms
[2019-05-26T17:17:48.895+0300][200.680s][info ][gc] GC(414) Pause Young (Allocation Failure) 116M->116M(455M) 91.649ms
[2019-05-26T17:17:49.460+0300][201.244s][info ][gc] GC(415) Pause Young (Allocation Failure) 174M->174M(455M) 538.170ms
[2019-05-26T17:17:50.034+0300][201.818s][info ][gc] GC(416) Pause Young (Allocation Failure) 231M->232M(455M) 544.202ms
[2019-05-26T17:17:50.568+0300][202.353s][info ][gc] GC(417) Pause Young (Allocation Failure) 289M->289M(455M) 506.252ms
[2019-05-26T17:17:51.147+0300][202.931s][info ][gc] GC(418) Pause Young (Allocation Failure) 347M->347M(455M) 544.135ms
[2019-05-26T17:17:53.693+0300][205.477s][info ][gc] GC(419) Pause Full (Ergonomics) 347M->346M(455M) 2545.674ms
[2019-05-26T17:17:53.857+0300][205.641s][info ][gc] GC(420) Pause Full (Ergonomics) 403M->1M(455M) 84.274ms
[2019-05-26T17:17:54.007+0300][205.791s][info ][gc] GC(421) Pause Young (Allocation Failure) 59M->59M(455M) 65.291ms
[2019-05-26T17:17:54.192+0300][205.977s][info ][gc] GC(422) Pause Young (Allocation Failure) 116M->116M(455M) 113.851ms
[2019-05-26T17:17:54.816+0300][206.601s][info ][gc] GC(423) Pause Young (Allocation Failure) 174M->174M(455M) 564.018ms
[2019-05-26T17:17:55.434+0300][207.219s][info ][gc] GC(424) Pause Young (Allocation Failure) 231M->232M(455M) 571.592ms
[2019-05-26T17:17:56.039+0300][207.824s][info ][gc] GC(425) Pause Young (Allocation Failure) 289M->289M(455M) 560.021ms
[2019-05-26T17:17:56.641+0300][208.426s][info ][gc] GC(426) Pause Young (Allocation Failure) 347M->347M(455M) 551.738ms
[2019-05-26T17:17:59.165+0300][210.950s][info ][gc] GC(427) Pause Full (Ergonomics) 347M->346M(455M) 2523.636ms
[2019-05-26T17:18:00.113+0300][211.898s][info ][gc] GC(428) Pause Full (Ergonomics) 403M->403M(455M) 921.152ms
[2019-05-26T17:18:00.897+0300][212.682s][info ][gc] GC(429) Pause Full (Ergonomics) 403M->403M(455M) 783.295ms
[2019-05-26T17:18:01.688+0300][213.473s][info ][gc] GC(430) Pause Full (Ergonomics) 403M->403M(455M) 791.236ms
[2019-05-26T17:18:02.477+0300][214.262s][info ][gc] GC(431) Pause Full (Ergonomics) 403M->403M(455M) 787.920ms
[2019-05-26T17:18:03.277+0300][215.062s][info ][gc] GC(432) Pause Full (Ergonomics) 403M->403M(455M) 800.628ms
[2019-05-26T17:18:04.074+0300][215.859s][info ][gc] GC(433) Pause Full (Ergonomics) 403M->403M(455M) 796.108ms
[2019-05-26T17:18:04.886+0300][216.671s][info ][gc] GC(434) Pause Full (Ergonomics) 403M->403M(455M) 811.932ms
[2019-05-26T17:18:05.706+0300][217.491s][info ][gc] GC(435) Pause Full (Ergonomics) 403M->403M(455M) 819.570ms
[2019-05-26T17:18:06.535+0300][218.320s][info ][gc] GC(436) Pause Full (Ergonomics) 403M->403M(455M) 828.463ms
[2019-05-26T17:18:07.291+0300][219.076s][info ][gc] GC(437) Pause Full (Ergonomics) 403M->403M(455M) 756.228ms
[2019-05-26T17:18:08.055+0300][219.840s][info ][gc] GC(438) Pause Full (Ergonomics) 403M->403M(455M) 763.533ms
[2019-05-26T17:18:08.859+0300][220.644s][info ][gc] GC(439) Pause Full (Ergonomics) 403M->403M(455M) 803.385ms
[2019-05-26T17:18:09.717+0300][221.502s][info ][gc] GC(440) Pause Full (Ergonomics) 403M->403M(455M) 857.286ms
[2019-05-26T17:18:10.520+0300][222.305s][info ][gc] GC(441) Pause Full (Ergonomics) 403M->403M(455M) 803.469ms
[2019-05-26T17:18:11.325+0300][223.110s][info ][gc] GC(442) Pause Full (Ergonomics) 403M->403M(455M) 804.686ms
[2019-05-26T17:18:12.125+0300][223.910s][info ][gc] GC(443) Pause Full (Ergonomics) 403M->403M(455M) 799.116ms
[2019-05-26T17:18:12.917+0300][224.702s][info ][gc] GC(444) Pause Full (Ergonomics) 403M->403M(455M) 791.943ms
[2019-05-26T17:18:13.753+0300][225.538s][info ][gc] GC(445) Pause Full (Ergonomics) 403M->403M(455M) 835.531ms
[2019-05-26T17:18:14.573+0300][226.358s][info ][gc] GC(446) Pause Full (Ergonomics) 403M->403M(455M) 819.888ms
[2019-05-26T17:18:15.368+0300][227.153s][info ][gc] GC(447) Pause Full (Ergonomics) 403M->403M(455M) 794.068ms
[2019-05-26T17:18:16.195+0300][227.980s][info ][gc] GC(448) Pause Full (Ergonomics) 403M->403M(455M) 827.229ms
[2019-05-26T17:18:17.023+0300][228.808s][info ][gc] GC(449) Pause Full (Ergonomics) 403M->403M(455M) 827.487ms
[2019-05-26T17:18:17.793+0300][229.578s][info ][gc] GC(450) Pause Full (Ergonomics) 403M->403M(455M) 769.110ms
[2019-05-26T17:18:18.614+0300][230.399s][info ][gc] GC(451) Pause Full (Ergonomics) 403M->403M(455M) 820.861ms
[2019-05-26T17:18:19.389+0300][231.174s][info ][gc] GC(452) Pause Full (Ergonomics) 403M->403M(455M) 775.085ms
[2019-05-26T17:18:20.188+0300][231.973s][info ][gc] GC(453) Pause Full (Ergonomics) 403M->403M(455M) 798.414ms
[2019-05-26T17:18:20.966+0300][232.751s][info ][gc] GC(454) Pause Full (Ergonomics) 403M->403M(455M) 777.917ms
[2019-05-26T17:18:21.814+0300][233.599s][info ][gc] GC(455) Pause Full (Ergonomics) 403M->403M(455M) 847.254ms
[2019-05-26T17:18:22.592+0300][234.377s][info ][gc] GC(456) Pause Full (Ergonomics) 403M->403M(455M) 778.505ms
[2019-05-26T17:18:23.435+0300][235.220s][info ][gc] GC(457) Pause Full (Ergonomics) 403M->403M(455M) 842.711ms
[2019-05-26T17:18:24.268+0300][236.053s][info ][gc] GC(458) Pause Full (Ergonomics) 403M->403M(455M) 832.312ms
[2019-05-26T17:18:25.064+0300][236.849s][info ][gc] GC(459) Pause Full (Ergonomics) 403M->403M(455M) 795.846ms
[2019-05-26T17:18:25.861+0300][237.646s][info ][gc] GC(460) Pause Full (Ergonomics) 403M->403M(455M) 796.396ms
[2019-05-26T17:18:26.662+0300][238.447s][info ][gc] GC(461) Pause Full (Ergonomics) 403M->403M(455M) 801.046ms
[2019-05-26T17:18:27.470+0300][239.255s][info ][gc] GC(462) Pause Full (Ergonomics) 403M->403M(455M) 806.843ms
[2019-05-26T17:18:28.287+0300][240.072s][info ][gc] GC(463) Pause Full (Ergonomics) 403M->403M(455M) 817.420ms
[2019-05-26T17:18:29.133+0300][240.918s][info ][gc] GC(464) Pause Full (Ergonomics) 403M->403M(455M) 845.221ms
[2019-05-26T17:18:29.929+0300][241.714s][info ][gc] GC(465) Pause Full (Ergonomics) 403M->403M(455M) 795.227ms
[2019-05-26T17:18:30.721+0300][242.506s][info ][gc] GC(466) Pause Full (Ergonomics) 403M->403M(455M) 792.113ms
[2019-05-26T17:18:31.514+0300][243.299s][info ][gc] GC(467) Pause Full (Ergonomics) 403M->403M(455M) 792.420ms
[2019-05-26T17:18:32.313+0300][244.098s][info ][gc] GC(468) Pause Full (Ergonomics) 403M->403M(455M) 798.718ms
[2019-05-26T17:18:33.088+0300][244.873s][info ][gc] GC(469) Pause Full (Ergonomics) 403M->403M(455M) 775.054ms
[2019-05-26T17:18:33.105+0300][244.890s][info ][gc] GC(470) Pause Full (Ergonomics) 403M->1M(455M) 14.971ms
