[2019-05-26T17:10:45.141+0300][0.014s][info][gc] Using Serial
[2019-05-26T17:10:45.535+0300][0.408s][info][gc] GC(0) Pause Young (Allocation Failure) 136M->127M(494M) 164.895ms
[2019-05-26T17:10:45.802+0300][0.674s][info][gc] GC(1) Pause Young (Allocation Failure) 250M->248M(494M) 173.885ms
[2019-05-26T17:10:46.135+0300][1.007s][info][gc] GC(3) Pause Full (Allocation Failure) 385M->136M(494M) 283.184ms
[2019-05-26T17:10:46.135+0300][1.007s][info][gc] GC(2) Pause Young (Allocation Failure) 385M->136M(494M) 283.326ms
[2019-05-26T17:10:46.406+0300][1.278s][info][gc] GC(4) Pause Young (Allocation Failure) 254M->251M(494M) 166.194ms
[2019-05-26T17:10:46.970+0300][1.843s][info][gc] GC(6) Pause Full (Allocation Failure) 494M->137M(494M) 244.749ms
[2019-05-26T17:10:46.970+0300][1.843s][info][gc] GC(5) Pause Young (Allocation Failure) 388M->137M(494M) 501.105ms
[2019-05-26T17:10:47.145+0300][2.017s][info][gc] GC(7) Pause Young (Allocation Failure) 255M->254M(494M) 107.703ms
[2019-05-26T17:10:47.410+0300][2.283s][info][gc] GC(9) Pause Full (Allocation Failure) 390M->137M(494M) 227.030ms
[2019-05-26T17:10:47.410+0300][2.283s][info][gc] GC(8) Pause Young (Allocation Failure) 390M->137M(494M) 227.101ms
[2019-05-26T17:10:47.640+0300][2.513s][info][gc] GC(10) Pause Young (Allocation Failure) 258M->256M(494M) 162.276ms
[2019-05-26T17:10:47.919+0300][2.792s][info][gc] GC(12) Pause Full (Allocation Failure) 393M->137M(494M) 239.192ms
[2019-05-26T17:10:47.919+0300][2.792s][info][gc] GC(11) Pause Young (Allocation Failure) 393M->137M(494M) 239.265ms
[2019-05-26T17:10:48.107+0300][2.979s][info][gc] GC(13) Pause Young (Allocation Failure) 259M->259M(494M) 115.862ms
[2019-05-26T17:10:48.364+0300][3.237s][info][gc] GC(15) Pause Full (Allocation Failure) 395M->137M(494M) 221.283ms
[2019-05-26T17:10:48.364+0300][3.237s][info][gc] GC(14) Pause Young (Allocation Failure) 395M->137M(494M) 221.354ms
[2019-05-26T17:10:48.569+0300][3.441s][info][gc] GC(16) Pause Young (Allocation Failure) 262M->261M(494M) 133.942ms
[2019-05-26T17:10:48.827+0300][3.699s][info][gc] GC(18) Pause Full (Allocation Failure) 398M->137M(494M) 221.559ms
[2019-05-26T17:10:48.827+0300][3.700s][info][gc] GC(17) Pause Young (Allocation Failure) 398M->137M(494M) 221.628ms
[2019-05-26T17:10:49.013+0300][3.886s][info][gc] GC(19) Pause Young (Allocation Failure) 264M->264M(494M) 115.724ms
[2019-05-26T17:10:49.270+0300][4.143s][info][gc] GC(21) Pause Full (Allocation Failure) 400M->137M(494M) 220.726ms
[2019-05-26T17:10:49.270+0300][4.143s][info][gc] GC(20) Pause Young (Allocation Failure) 400M->137M(494M) 220.796ms
[2019-05-26T17:10:49.488+0300][4.361s][info][gc] GC(22) Pause Young (Allocation Failure) 267M->266M(494M) 145.827ms
[2019-05-26T17:10:49.750+0300][4.623s][info][gc] GC(24) Pause Full (Allocation Failure) 403M->137M(494M) 225.509ms
[2019-05-26T17:10:49.750+0300][4.623s][info][gc] GC(23) Pause Young (Allocation Failure) 403M->137M(494M) 225.595ms
[2019-05-26T17:10:49.972+0300][4.844s][info][gc] GC(25) Pause Young (Allocation Failure) 270M->269M(494M) 149.328ms
[2019-05-26T17:10:50.231+0300][5.103s][info][gc] GC(27) Pause Full (Allocation Failure) 405M->137M(494M) 221.701ms
[2019-05-26T17:10:50.231+0300][5.103s][info][gc] GC(26) Pause Young (Allocation Failure) 405M->137M(494M) 221.775ms
[2019-05-26T17:10:50.441+0300][5.314s][info][gc] GC(28) Pause Young (Allocation Failure) 273M->271M(494M) 138.211ms
[2019-05-26T17:10:50.701+0300][5.574s][info][gc] GC(30) Pause Full (Allocation Failure) 408M->137M(494M) 223.415ms
[2019-05-26T17:10:50.701+0300][5.574s][info][gc] GC(29) Pause Young (Allocation Failure) 408M->137M(494M) 223.485ms
[2019-05-26T17:10:50.920+0300][5.792s][info][gc] GC(31) Pause Young (Allocation Failure) 274M->274M(494M) 144.595ms
[2019-05-26T17:10:51.184+0300][6.056s][info][gc] GC(33) Pause Full (Allocation Failure) 410M->137M(494M) 227.661ms
[2019-05-26T17:10:51.184+0300][6.056s][info][gc] GC(32) Pause Young (Allocation Failure) 410M->137M(494M) 227.731ms
[2019-05-26T17:10:51.355+0300][6.228s][info][gc] GC(34) Pause Young (Allocation Failure) 274M->274M(494M) 127.994ms
[2019-05-26T17:10:51.663+0300][6.535s][info][gc] GC(36) Pause Full (Allocation Failure) 410M->135M(494M) 221.664ms
[2019-05-26T17:10:51.663+0300][6.535s][info][gc] GC(35) Pause Young (Allocation Failure) 410M->135M(494M) 221.731ms
[2019-05-26T17:10:51.831+0300][6.703s][info][gc] GC(37) Pause Young (Allocation Failure) 272M->271M(494M) 124.922ms
[2019-05-26T17:10:52.142+0300][7.014s][info][gc] GC(39) Pause Full (Allocation Failure) 408M->130M(494M) 219.439ms
[2019-05-26T17:10:52.142+0300][7.014s][info][gc] GC(38) Pause Young (Allocation Failure) 408M->130M(494M) 219.517ms
[2019-05-26T17:10:52.313+0300][7.185s][info][gc] GC(40) Pause Young (Allocation Failure) 267M->267M(494M) 126.082ms
[2019-05-26T17:10:52.603+0300][7.475s][info][gc] GC(42) Pause Full (Allocation Failure) 403M->123M(494M) 205.418ms
[2019-05-26T17:10:52.603+0300][7.475s][info][gc] GC(41) Pause Young (Allocation Failure) 403M->123M(494M) 205.489ms
[2019-05-26T17:10:52.771+0300][7.644s][info][gc] GC(43) Pause Young (Allocation Failure) 260M->259M(494M) 124.648ms
[2019-05-26T17:10:53.056+0300][7.929s][info][gc] GC(45) Pause Full (Allocation Failure) 396M->113M(494M) 193.033ms
[2019-05-26T17:10:53.056+0300][7.929s][info][gc] GC(44) Pause Young (Allocation Failure) 396M->113M(494M) 193.107ms
[2019-05-26T17:10:53.224+0300][8.097s][info][gc] GC(46) Pause Young (Allocation Failure) 250M->250M(494M) 124.756ms
[2019-05-26T17:10:53.488+0300][8.361s][info][gc] GC(48) Pause Full (Allocation Failure) 386M->101M(494M) 175.796ms
[2019-05-26T17:10:53.489+0300][8.361s][info][gc] GC(47) Pause Young (Allocation Failure) 386M->101M(494M) 175.891ms
[2019-05-26T17:10:53.658+0300][8.531s][info][gc] GC(49) Pause Young (Allocation Failure) 238M->238M(494M) 126.334ms
[2019-05-26T17:10:53.919+0300][8.791s][info][gc] GC(51) Pause Full (Allocation Failure) 374M->86M(494M) 162.048ms
[2019-05-26T17:10:53.919+0300][8.791s][info][gc] GC(50) Pause Young (Allocation Failure) 374M->86M(494M) 162.127ms
[2019-05-26T17:10:54.088+0300][8.961s][info][gc] GC(52) Pause Young (Allocation Failure) 223M->223M(494M) 126.657ms
[2019-05-26T17:10:54.321+0300][9.193s][info][gc] GC(54) Pause Full (Allocation Failure) 359M->69M(494M) 135.829ms
[2019-05-26T17:10:54.321+0300][9.193s][info][gc] GC(53) Pause Young (Allocation Failure) 359M->69M(494M) 135.903ms
[2019-05-26T17:10:54.491+0300][9.364s][info][gc] GC(55) Pause Young (Allocation Failure) 206M->206M(494M) 125.573ms
[2019-05-26T17:10:54.713+0300][9.586s][info][gc] GC(57) Pause Full (Allocation Failure) 342M->50M(494M) 140.275ms
[2019-05-26T17:10:54.713+0300][9.586s][info][gc] GC(56) Pause Young (Allocation Failure) 342M->50M(494M) 140.367ms
[2019-05-26T17:10:54.880+0300][9.753s][info][gc] GC(58) Pause Young (Allocation Failure) 186M->186M(494M) 123.400ms
[2019-05-26T17:10:55.099+0300][9.971s][info][gc] GC(59) Pause Young (Allocation Failure) 323M->323M(494M) 149.775ms
[2019-05-26T17:10:55.404+0300][10.277s][info][gc] GC(61) Pause Full (Allocation Failure) 459M->164M(494M) 263.638ms
[2019-05-26T17:10:55.404+0300][10.277s][info][gc] GC(60) Pause Young (Allocation Failure) 459M->164M(494M) 263.707ms
[2019-05-26T17:10:55.634+0300][10.507s][info][gc] GC(62) Pause Young (Allocation Failure) 300M->298M(494M) 158.445ms
[2019-05-26T17:10:55.896+0300][10.770s][info][gc] GC(64) Pause Full (Allocation Failure) 435M->137M(494M) 227.105ms
[2019-05-26T17:10:55.897+0300][10.770s][info][gc] GC(63) Pause Young (Allocation Failure) 435M->137M(494M) 227.177ms
[2019-05-26T17:10:56.065+0300][10.938s][info][gc] GC(65) Pause Young (Allocation Failure) 274M->274M(494M) 125.520ms
[2019-05-26T17:10:56.324+0300][11.197s][info][gc] GC(67) Pause Full (Allocation Failure) 410M->110M(494M) 191.053ms
[2019-05-26T17:10:56.324+0300][11.197s][info][gc] GC(66) Pause Young (Allocation Failure) 410M->110M(494M) 191.118ms
[2019-05-26T17:10:56.495+0300][11.369s][info][gc] GC(68) Pause Young (Allocation Failure) 247M->247M(494M) 126.617ms
[2019-05-26T17:10:56.738+0300][11.611s][info][gc] GC(70) Pause Full (Allocation Failure) 383M->81M(494M) 152.159ms
[2019-05-26T17:10:56.738+0300][11.611s][info][gc] GC(69) Pause Young (Allocation Failure) 383M->81M(494M) 152.273ms
[2019-05-26T17:10:56.907+0300][11.780s][info][gc] GC(71) Pause Young (Allocation Failure) 217M->217M(494M) 125.234ms
[2019-05-26T17:10:57.103+0300][11.975s][info][gc] GC(73) Pause Full (Allocation Failure) 354M->49M(494M) 117.897ms
[2019-05-26T17:10:57.103+0300][11.975s][info][gc] GC(72) Pause Young (Allocation Failure) 354M->49M(494M) 117.971ms
[2019-05-26T17:10:57.274+0300][12.146s][info][gc] GC(74) Pause Young (Allocation Failure) 185M->185M(494M) 126.741ms
[2019-05-26T17:10:57.496+0300][12.368s][info][gc] GC(75) Pause Young (Allocation Failure) 311M->308M(494M) 153.065ms
[2019-05-26T17:10:57.759+0300][12.631s][info][gc] GC(77) Pause Full (Allocation Failure) 445M->137M(494M) 227.860ms
[2019-05-26T17:10:57.759+0300][12.631s][info][gc] GC(76) Pause Young (Allocation Failure) 445M->137M(494M) 227.930ms
[2019-05-26T17:10:57.928+0300][12.800s][info][gc] GC(78) Pause Young (Allocation Failure) 274M->274M(494M) 126.577ms
[2019-05-26T17:10:58.205+0300][13.078s][info][gc] GC(80) Pause Full (Allocation Failure) 410M->100M(494M) 180.528ms
[2019-05-26T17:10:58.205+0300][13.078s][info][gc] GC(79) Pause Young (Allocation Failure) 410M->100M(494M) 180.600ms
[2019-05-26T17:10:58.375+0300][13.248s][info][gc] GC(81) Pause Young (Allocation Failure) 237M->237M(494M) 126.784ms
[2019-05-26T17:10:58.595+0300][13.467s][info][gc] GC(83) Pause Full (Allocation Failure) 373M->61M(494M) 126.505ms
[2019-05-26T17:10:58.595+0300][13.467s][info][gc] GC(82) Pause Young (Allocation Failure) 373M->61M(494M) 126.578ms
[2019-05-26T17:10:58.766+0300][13.639s][info][gc] GC(84) Pause Young (Allocation Failure) 197M->197M(494M) 128.409ms
[2019-05-26T17:10:58.985+0300][13.858s][info][gc] GC(85) Pause Young (Allocation Failure) 317M->316M(494M) 150.971ms
[2019-05-26T17:10:59.251+0300][14.124s][info][gc] GC(87) Pause Full (Allocation Failure) 452M->137M(494M) 230.466ms
[2019-05-26T17:10:59.251+0300][14.124s][info][gc] GC(86) Pause Young (Allocation Failure) 452M->137M(494M) 230.537ms
[2019-05-26T17:10:59.420+0300][14.294s][info][gc] GC(88) Pause Young (Allocation Failure) 274M->274M(494M) 125.673ms
[2019-05-26T17:10:59.693+0300][14.566s][info][gc] GC(90) Pause Full (Allocation Failure) 410M->93M(494M) 174.167ms
[2019-05-26T17:10:59.693+0300][14.566s][info][gc] GC(89) Pause Young (Allocation Failure) 410M->93M(494M) 174.250ms
[2019-05-26T17:10:59.861+0300][14.734s][info][gc] GC(91) Pause Young (Allocation Failure) 229M->229M(494M) 123.237ms
[2019-05-26T17:11:00.034+0300][14.907s][info][gc] GC(93) Pause Full (Allocation Failure) 366M->46M(494M) 108.048ms
[2019-05-26T17:11:00.034+0300][14.907s][info][gc] GC(92) Pause Young (Allocation Failure) 366M->46M(494M) 108.121ms
[2019-05-26T17:11:00.204+0300][15.077s][info][gc] GC(94) Pause Young (Allocation Failure) 182M->182M(494M) 126.684ms
[2019-05-26T17:11:00.389+0300][15.262s][info][gc] GC(95) Pause Young (Allocation Failure) 319M->319M(494M) 141.391ms
[2019-05-26T17:11:00.694+0300][15.567s][info][gc] GC(97) Pause Full (Allocation Failure) 455M->133M(494M) 224.474ms
[2019-05-26T17:11:00.694+0300][15.567s][info][gc] GC(96) Pause Young (Allocation Failure) 455M->133M(494M) 224.547ms
[2019-05-26T17:11:00.862+0300][15.735s][info][gc] GC(98) Pause Young (Allocation Failure) 270M->270M(494M) 124.923ms
[2019-05-26T17:11:01.082+0300][15.955s][info][gc] GC(100) Pause Full (Allocation Failure) 406M->81M(494M) 154.577ms
[2019-05-26T17:11:01.082+0300][15.955s][info][gc] GC(99) Pause Young (Allocation Failure) 406M->81M(494M) 154.649ms
[2019-05-26T17:11:01.254+0300][16.127s][info][gc] GC(101) Pause Young (Allocation Failure) 218M->218M(494M) 128.218ms
[2019-05-26T17:11:01.440+0300][16.312s][info][gc] GC(102) Pause Young (Allocation Failure) 330M->328M(494M) 119.646ms
[2019-05-26T17:11:01.705+0300][16.577s][info][gc] GC(104) Pause Full (Allocation Failure) 465M->137M(494M) 229.593ms
[2019-05-26T17:11:01.705+0300][16.577s][info][gc] GC(103) Pause Young (Allocation Failure) 465M->137M(494M) 229.676ms
[2019-05-26T17:11:01.886+0300][16.758s][info][gc] GC(105) Pause Young (Allocation Failure) 274M->274M(494M) 137.345ms
[2019-05-26T17:11:02.131+0300][17.004s][info][gc] GC(107) Pause Full (Allocation Failure) 410M->80M(494M) 158.309ms
[2019-05-26T17:11:02.131+0300][17.004s][info][gc] GC(106) Pause Young (Allocation Failure) 410M->80M(494M) 158.384ms
[2019-05-26T17:11:02.305+0300][17.177s][info][gc] GC(108) Pause Young (Allocation Failure) 217M->217M(494M) 127.948ms
[2019-05-26T17:11:02.494+0300][17.367s][info][gc] GC(109) Pause Young (Allocation Failure) 334M->333M(494M) 121.979ms
[2019-05-26T17:11:02.761+0300][17.634s][info][gc] GC(111) Pause Full (Allocation Failure) 470M->137M(494M) 232.125ms
[2019-05-26T17:11:02.761+0300][17.634s][info][gc] GC(110) Pause Young (Allocation Failure) 470M->137M(494M) 232.197ms
[2019-05-26T17:11:02.931+0300][17.804s][info][gc] GC(112) Pause Young (Allocation Failure) 274M->274M(494M) 127.366ms
[2019-05-26T17:11:03.147+0300][18.020s][info][gc] GC(114) Pause Full (Allocation Failure) 410M->76M(494M) 149.786ms
[2019-05-26T17:11:03.147+0300][18.020s][info][gc] GC(113) Pause Young (Allocation Failure) 410M->76M(494M) 149.856ms
[2019-05-26T17:11:03.323+0300][18.195s][info][gc] GC(115) Pause Young (Allocation Failure) 212M->212M(494M) 129.612ms
[2019-05-26T17:11:03.534+0300][18.406s][info][gc] GC(116) Pause Young (Allocation Failure) 340M->338M(494M) 136.929ms
[2019-05-26T17:11:03.810+0300][18.683s][info][gc] GC(118) Pause Full (Allocation Failure) 475M->137M(494M) 239.922ms
[2019-05-26T17:11:03.810+0300][18.683s][info][gc] GC(117) Pause Young (Allocation Failure) 475M->137M(494M) 239.992ms
[2019-05-26T17:11:04.010+0300][18.883s][info][gc] GC(119) Pause Young (Allocation Failure) 274M->274M(494M) 153.219ms
[2019-05-26T17:11:04.276+0300][19.149s][info][gc] GC(121) Pause Full (Allocation Failure) 410M->71M(494M) 189.071ms
[2019-05-26T17:11:04.276+0300][19.149s][info][gc] GC(120) Pause Young (Allocation Failure) 410M->71M(494M) 189.151ms
[2019-05-26T17:11:04.450+0300][19.323s][info][gc] GC(122) Pause Young (Allocation Failure) 207M->207M(494M) 128.983ms
[2019-05-26T17:11:04.605+0300][19.478s][info][gc] GC(124) Pause Full (Allocation Failure) 343M->1M(494M) 79.594ms
[2019-05-26T17:11:04.605+0300][19.478s][info][gc] GC(123) Pause Young (Allocation Failure) 343M->1M(494M) 79.681ms
[2019-05-26T17:11:04.750+0300][19.623s][info][gc] GC(125) Pause Young (Allocation Failure) 137M->137M(494M) 107.952ms
[2019-05-26T17:11:04.946+0300][19.819s][info][gc] GC(126) Pause Young (Allocation Failure) 274M->274M(494M) 151.063ms
[2019-05-26T17:11:05.176+0300][20.049s][info][gc] GC(128) Pause Full (Allocation Failure) 410M->66M(494M) 145.895ms
[2019-05-26T17:11:05.176+0300][20.049s][info][gc] GC(127) Pause Young (Allocation Failure) 410M->66M(494M) 145.976ms
[2019-05-26T17:11:05.352+0300][20.225s][info][gc] GC(129) Pause Young (Allocation Failure) 202M->202M(494M) 131.906ms
[2019-05-26T17:11:05.581+0300][20.454s][info][gc] GC(130) Pause Young (Allocation Failure) 339M->339M(494M) 183.513ms
[2019-05-26T17:11:05.984+0300][20.857s][info][gc] GC(132) Pause Full (Allocation Failure) 475M->128M(494M) 317.186ms
[2019-05-26T17:11:05.984+0300][20.857s][info][gc] GC(131) Pause Young (Allocation Failure) 475M->128M(494M) 317.294ms
[2019-05-26T17:11:06.175+0300][21.047s][info][gc] GC(133) Pause Young (Allocation Failure) 264M->264M(494M) 137.717ms
[2019-05-26T17:11:06.372+0300][21.245s][info][gc] GC(135) Pause Full (Allocation Failure) 401M->51M(494M) 123.763ms
[2019-05-26T17:11:06.372+0300][21.245s][info][gc] GC(134) Pause Young (Allocation Failure) 401M->51M(494M) 123.836ms
[2019-05-26T17:11:06.540+0300][21.413s][info][gc] GC(136) Pause Young (Allocation Failure) 188M->188M(494M) 125.084ms
[2019-05-26T17:11:06.728+0300][21.601s][info][gc] GC(137) Pause Young (Allocation Failure) 324M->324M(494M) 142.719ms
[2019-05-26T17:11:07.015+0300][21.888s][info][gc] GC(139) Pause Full (Allocation Failure) 461M->109M(494M) 194.624ms
[2019-05-26T17:11:07.015+0300][21.888s][info][gc] GC(138) Pause Young (Allocation Failure) 461M->109M(494M) 194.693ms
[2019-05-26T17:11:07.184+0300][22.057s][info][gc] GC(140) Pause Young (Allocation Failure) 245M->245M(494M) 125.683ms
[2019-05-26T17:11:07.346+0300][22.219s][info][gc] GC(142) Pause Full (Allocation Failure) 357M->1M(494M) 97.924ms
[2019-05-26T17:11:07.346+0300][22.219s][info][gc] GC(141) Pause Young (Allocation Failure) 357M->1M(494M) 97.997ms
[2019-05-26T17:11:07.490+0300][22.363s][info][gc] GC(143) Pause Young (Allocation Failure) 137M->137M(494M) 102.066ms
[2019-05-26T17:11:07.684+0300][22.557s][info][gc] GC(144) Pause Young (Allocation Failure) 274M->274M(494M) 149.646ms
[2019-05-26T17:11:07.888+0300][22.761s][info][gc] GC(146) Pause Full (Allocation Failure) 410M->53M(494M) 128.828ms
[2019-05-26T17:11:07.888+0300][22.761s][info][gc] GC(145) Pause Young (Allocation Failure) 410M->53M(494M) 128.895ms
[2019-05-26T17:11:08.058+0300][22.932s][info][gc] GC(147) Pause Young (Allocation Failure) 190M->190M(494M) 128.680ms
[2019-05-26T17:11:08.243+0300][23.116s][info][gc] GC(148) Pause Young (Allocation Failure) 326M->326M(494M) 141.750ms
[2019-05-26T17:11:08.525+0300][23.398s][info][gc] GC(150) Pause Full (Allocation Failure) 463M->103M(494M) 200.761ms
[2019-05-26T17:11:08.525+0300][23.398s][info][gc] GC(149) Pause Young (Allocation Failure) 463M->103M(494M) 200.842ms
[2019-05-26T17:11:08.701+0300][23.575s][info][gc] GC(151) Pause Young (Allocation Failure) 240M->240M(494M) 131.111ms
[2019-05-26T17:11:08.879+0300][23.752s][info][gc] GC(153) Pause Full (Allocation Failure) 365M->1M(494M) 108.657ms
[2019-05-26T17:11:08.879+0300][23.752s][info][gc] GC(152) Pause Young (Allocation Failure) 365M->1M(494M) 108.721ms
[2019-05-26T17:11:09.017+0300][23.890s][info][gc] GC(154) Pause Young (Allocation Failure) 137M->137M(494M) 102.565ms
[2019-05-26T17:11:09.204+0300][24.077s][info][gc] GC(155) Pause Young (Allocation Failure) 274M->274M(494M) 143.019ms
[2019-05-26T17:11:09.401+0300][24.274s][info][gc] GC(157) Pause Full (Allocation Failure) 410M->46M(494M) 116.051ms
[2019-05-26T17:11:09.401+0300][24.275s][info][gc] GC(156) Pause Young (Allocation Failure) 410M->46M(494M) 116.144ms
[2019-05-26T17:11:09.572+0300][24.445s][info][gc] GC(158) Pause Young (Allocation Failure) 182M->182M(494M) 127.616ms
[2019-05-26T17:11:09.767+0300][24.640s][info][gc] GC(159) Pause Young (Allocation Failure) 319M->319M(494M) 150.897ms
[2019-05-26T17:11:10.032+0300][24.905s][info][gc] GC(161) Pause Full (Allocation Failure) 455M->88M(494M) 174.898ms
[2019-05-26T17:11:10.032+0300][24.905s][info][gc] GC(160) Pause Young (Allocation Failure) 455M->88M(494M) 174.977ms
[2019-05-26T17:11:10.199+0300][25.072s][info][gc] GC(162) Pause Young (Allocation Failure) 225M->225M(494M) 124.457ms
[2019-05-26T17:11:10.655+0300][25.528s][info][gc] GC(164) Pause Full (Allocation Failure) 361M->361M(494M) 412.281ms
[2019-05-26T17:11:10.655+0300][25.528s][info][gc] GC(163) Pause Young (Allocation Failure) 361M->361M(494M) 412.354ms
[2019-05-26T17:11:11.051+0300][25.924s][info][gc] GC(165) Pause Full (Allocation Failure) 494M->125M(494M) 220.080ms
[2019-05-26T17:11:11.220+0300][26.093s][info][gc] GC(166) Pause Young (Allocation Failure) 261M->261M(494M) 125.793ms
[2019-05-26T17:11:11.390+0300][26.263s][info][gc] GC(168) Pause Full (Allocation Failure) 375M->1M(494M) 103.814ms
[2019-05-26T17:11:11.390+0300][26.263s][info][gc] GC(167) Pause Young (Allocation Failure) 375M->1M(494M) 103.886ms
[2019-05-26T17:11:11.529+0300][26.402s][info][gc] GC(169) Pause Young (Allocation Failure) 137M->137M(494M) 103.451ms
[2019-05-26T17:11:11.713+0300][26.587s][info][gc] GC(170) Pause Young (Allocation Failure) 274M->274M(494M) 140.981ms
[2019-05-26T17:11:11.903+0300][26.775s][info][gc] GC(172) Pause Full (Allocation Failure) 410M->36M(494M) 123.090ms
[2019-05-26T17:11:11.903+0300][26.775s][info][gc] GC(171) Pause Young (Allocation Failure) 410M->36M(494M) 123.164ms
[2019-05-26T17:11:12.076+0300][26.949s][info][gc] GC(173) Pause Young (Allocation Failure) 172M->172M(494M) 130.140ms
[2019-05-26T17:11:12.269+0300][27.141s][info][gc] GC(174) Pause Young (Allocation Failure) 309M->309M(494M) 146.286ms
[2019-05-26T17:11:12.506+0300][27.379s][info][gc] GC(176) Pause Full (Allocation Failure) 445M->68M(494M) 170.811ms
[2019-05-26T17:11:12.506+0300][27.379s][info][gc] GC(175) Pause Young (Allocation Failure) 445M->68M(494M) 170.884ms
[2019-05-26T17:11:12.683+0300][27.555s][info][gc] GC(177) Pause Young (Allocation Failure) 205M->205M(494M) 132.909ms
[2019-05-26T17:11:13.103+0300][27.975s][info][gc] GC(179) Pause Full (Allocation Failure) 341M->341M(494M) 377.097ms
[2019-05-26T17:11:13.103+0300][27.975s][info][gc] GC(178) Pause Young (Allocation Failure) 341M->341M(494M) 377.165ms
[2019-05-26T17:11:13.496+0300][28.368s][info][gc] GC(180) Pause Full (Allocation Failure) 494M->115M(494M) 210.381ms
[2019-05-26T17:11:13.671+0300][28.543s][info][gc] GC(181) Pause Young (Allocation Failure) 252M->252M(494M) 129.611ms
[2019-05-26T17:11:13.827+0300][28.700s][info][gc] GC(183) Pause Full (Allocation Failure) 385M->1M(494M) 85.377ms
[2019-05-26T17:11:13.827+0300][28.701s][info][gc] GC(182) Pause Young (Allocation Failure) 385M->1M(494M) 85.450ms
[2019-05-26T17:11:13.972+0300][28.845s][info][gc] GC(184) Pause Young (Allocation Failure) 137M->137M(494M) 110.738ms
[2019-05-26T17:11:14.159+0300][29.032s][info][gc] GC(185) Pause Young (Allocation Failure) 274M->274M(494M) 140.230ms
[2019-05-26T17:11:14.338+0300][29.211s][info][gc] GC(187) Pause Full (Allocation Failure) 385M->1M(494M) 114.615ms
[2019-05-26T17:11:14.338+0300][29.211s][info][gc] GC(186) Pause Young (Allocation Failure) 385M->1M(494M) 114.697ms
[2019-05-26T17:11:14.474+0300][29.347s][info][gc] GC(188) Pause Young (Allocation Failure) 137M->137M(494M) 103.099ms
[2019-05-26T17:11:14.658+0300][29.531s][info][gc] GC(189) Pause Young (Allocation Failure) 274M->274M(494M) 140.712ms
[2019-05-26T17:11:14.824+0300][29.697s][info][gc] GC(191) Pause Full (Allocation Failure) 388M->1M(494M) 101.153ms
[2019-05-26T17:11:14.827+0300][29.700s][info][gc] GC(190) Pause Young (Allocation Failure) 388M->1M(494M) 104.196ms
[2019-05-26T17:11:14.963+0300][29.837s][info][gc] GC(192) Pause Young (Allocation Failure) 137M->137M(494M) 102.598ms
[2019-05-26T17:11:15.146+0300][30.019s][info][gc] GC(193) Pause Young (Allocation Failure) 274M->274M(494M) 139.015ms
[2019-05-26T17:11:15.319+0300][30.192s][info][gc] GC(195) Pause Full (Allocation Failure) 391M->1M(494M) 106.273ms
[2019-05-26T17:11:15.319+0300][30.192s][info][gc] GC(194) Pause Young (Allocation Failure) 391M->1M(494M) 106.336ms
[2019-05-26T17:11:15.454+0300][30.327s][info][gc] GC(196) Pause Young (Allocation Failure) 137M->137M(494M) 100.737ms
[2019-05-26T17:11:15.643+0300][30.516s][info][gc] GC(197) Pause Young (Allocation Failure) 274M->274M(494M) 142.380ms
[2019-05-26T17:11:15.824+0300][30.696s][info][gc] GC(199) Pause Full (Allocation Failure) 393M->1M(494M) 112.691ms
[2019-05-26T17:11:15.824+0300][30.696s][info][gc] GC(198) Pause Young (Allocation Failure) 393M->1M(494M) 112.785ms
[2019-05-26T17:11:15.959+0300][30.832s][info][gc] GC(200) Pause Young (Allocation Failure) 137M->137M(494M) 101.968ms
[2019-05-26T17:11:16.142+0300][31.015s][info][gc] GC(201) Pause Young (Allocation Failure) 274M->274M(494M) 140.563ms
[2019-05-26T17:11:16.320+0300][31.193s][info][gc] GC(203) Pause Full (Allocation Failure) 396M->1M(494M) 110.091ms
[2019-05-26T17:11:16.320+0300][31.193s][info][gc] GC(202) Pause Young (Allocation Failure) 396M->1M(494M) 110.152ms
[2019-05-26T17:11:16.453+0300][31.326s][info][gc] GC(204) Pause Young (Allocation Failure) 137M->137M(494M) 100.664ms
[2019-05-26T17:11:16.637+0300][31.509s][info][gc] GC(205) Pause Young (Allocation Failure) 274M->274M(494M) 140.584ms
[2019-05-26T17:11:16.810+0300][31.683s][info][gc] GC(207) Pause Full (Allocation Failure) 399M->1M(494M) 103.948ms
[2019-05-26T17:11:16.810+0300][31.683s][info][gc] GC(206) Pause Young (Allocation Failure) 399M->1M(494M) 104.023ms
[2019-05-26T17:11:16.950+0300][31.822s][info][gc] GC(208) Pause Young (Allocation Failure) 137M->137M(494M) 106.215ms
[2019-05-26T17:11:17.144+0300][32.016s][info][gc] GC(209) Pause Young (Allocation Failure) 274M->274M(494M) 147.988ms
[2019-05-26T17:11:17.319+0300][32.192s][info][gc] GC(211) Pause Full (Allocation Failure) 401M->1M(494M) 103.631ms
[2019-05-26T17:11:17.319+0300][32.192s][info][gc] GC(210) Pause Young (Allocation Failure) 401M->1M(494M) 103.728ms
[2019-05-26T17:11:17.454+0300][32.327s][info][gc] GC(212) Pause Young (Allocation Failure) 137M->137M(494M) 100.749ms
[2019-05-26T17:11:17.639+0300][32.512s][info][gc] GC(213) Pause Young (Allocation Failure) 274M->274M(494M) 141.368ms
[2019-05-26T17:11:17.834+0300][32.707s][info][gc] GC(215) Pause Full (Allocation Failure) 404M->1M(494M) 123.361ms
[2019-05-26T17:11:17.834+0300][32.707s][info][gc] GC(214) Pause Young (Allocation Failure) 404M->1M(494M) 123.441ms
[2019-05-26T17:11:17.971+0300][32.844s][info][gc] GC(216) Pause Young (Allocation Failure) 137M->137M(494M) 103.311ms
[2019-05-26T17:11:18.159+0300][33.032s][info][gc] GC(217) Pause Young (Allocation Failure) 274M->274M(494M) 144.350ms
[2019-05-26T17:11:18.346+0300][33.219s][info][gc] GC(219) Pause Full (Allocation Failure) 407M->1M(494M) 114.723ms
[2019-05-26T17:11:18.346+0300][33.219s][info][gc] GC(218) Pause Young (Allocation Failure) 407M->1M(494M) 114.812ms
[2019-05-26T17:11:18.480+0300][33.353s][info][gc] GC(220) Pause Young (Allocation Failure) 137M->137M(494M) 100.624ms
[2019-05-26T17:11:18.664+0300][33.536s][info][gc] GC(221) Pause Young (Allocation Failure) 274M->274M(494M) 140.439ms
[2019-05-26T17:11:18.844+0300][33.717s][info][gc] GC(223) Pause Full (Allocation Failure) 409M->1M(494M) 107.779ms
[2019-05-26T17:11:18.844+0300][33.717s][info][gc] GC(222) Pause Young (Allocation Failure) 409M->1M(494M) 107.847ms
[2019-05-26T17:11:19.005+0300][33.878s][info][gc] GC(224) Pause Young (Allocation Failure) 137M->137M(494M) 127.707ms
[2019-05-26T17:11:19.192+0300][34.065s][info][gc] GC(225) Pause Young (Allocation Failure) 274M->274M(494M) 144.381ms
[2019-05-26T17:11:19.381+0300][34.253s][info][gc] GC(227) Pause Full (Allocation Failure) 410M->1M(494M) 114.808ms
[2019-05-26T17:11:19.381+0300][34.254s][info][gc] GC(226) Pause Young (Allocation Failure) 410M->1M(494M) 114.879ms
[2019-05-26T17:11:19.514+0300][34.387s][info][gc] GC(228) Pause Young (Allocation Failure) 137M->137M(494M) 99.707ms
[2019-05-26T17:11:19.700+0300][34.573s][info][gc] GC(229) Pause Young (Allocation Failure) 274M->274M(494M) 143.314ms
[2019-05-26T17:11:20.185+0300][35.057s][info][gc] GC(231) Pause Full (Allocation Failure) 410M->410M(494M) 441.768ms
[2019-05-26T17:11:20.185+0300][35.057s][info][gc] GC(230) Pause Young (Allocation Failure) 410M->410M(494M) 441.828ms
[2019-05-26T17:11:20.515+0300][35.388s][info][gc] GC(232) Pause Full (Allocation Failure) 494M->83M(494M) 175.110ms
[2019-05-26T17:11:20.685+0300][35.558s][info][gc] GC(233) Pause Young (Allocation Failure) 219M->219M(494M) 126.205ms
[2019-05-26T17:11:21.117+0300][35.990s][info][gc] GC(235) Pause Full (Allocation Failure) 356M->356M(494M) 387.997ms
[2019-05-26T17:11:21.117+0300][35.990s][info][gc] GC(234) Pause Young (Allocation Failure) 356M->356M(494M) 388.061ms
[2019-05-26T17:11:21.433+0300][36.306s][info][gc] GC(236) Pause Full (Allocation Failure) 494M->80M(494M) 165.625ms
[2019-05-26T17:11:21.602+0300][36.475s][info][gc] GC(237) Pause Young (Allocation Failure) 217M->217M(494M) 125.530ms
[2019-05-26T17:11:22.064+0300][36.936s][info][gc] GC(239) Pause Full (Allocation Failure) 353M->353M(494M) 417.858ms
[2019-05-26T17:11:22.064+0300][36.936s][info][gc] GC(238) Pause Young (Allocation Failure) 353M->353M(494M) 417.935ms
[2019-05-26T17:11:22.419+0300][37.292s][info][gc] GC(240) Pause Full (Allocation Failure) 494M->78M(494M) 167.809ms
[2019-05-26T17:11:22.591+0300][37.464s][info][gc] GC(241) Pause Young (Allocation Failure) 214M->214M(494M) 128.288ms
[2019-05-26T17:11:23.097+0300][37.970s][info][gc] GC(243) Pause Full (Allocation Failure) 351M->351M(494M) 455.149ms
[2019-05-26T17:11:23.097+0300][37.970s][info][gc] GC(242) Pause Young (Allocation Failure) 351M->351M(494M) 455.219ms
[2019-05-26T17:11:23.461+0300][38.333s][info][gc] GC(244) Pause Full (Allocation Failure) 494M->75M(494M) 184.278ms
[2019-05-26T17:11:23.643+0300][38.515s][info][gc] GC(245) Pause Young (Allocation Failure) 212M->212M(494M) 135.573ms
[2019-05-26T17:11:24.101+0300][38.974s][info][gc] GC(247) Pause Full (Allocation Failure) 348M->348M(494M) 409.105ms
[2019-05-26T17:11:24.101+0300][38.974s][info][gc] GC(246) Pause Young (Allocation Failure) 348M->348M(494M) 409.185ms
[2019-05-26T17:11:24.459+0300][39.332s][info][gc] GC(248) Pause Full (Allocation Failure) 494M->73M(494M) 170.438ms
[2019-05-26T17:11:24.640+0300][39.513s][info][gc] GC(249) Pause Young (Allocation Failure) 209M->209M(494M) 133.948ms
[2019-05-26T17:11:25.094+0300][39.967s][info][gc] GC(251) Pause Full (Allocation Failure) 346M->346M(494M) 408.603ms
[2019-05-26T17:11:25.094+0300][39.967s][info][gc] GC(250) Pause Young (Allocation Failure) 346M->346M(494M) 408.696ms
[2019-05-26T17:11:25.408+0300][40.281s][info][gc] GC(252) Pause Full (Allocation Failure) 494M->70M(494M) 161.642ms
[2019-05-26T17:11:25.577+0300][40.450s][info][gc] GC(253) Pause Young (Allocation Failure) 207M->207M(494M) 126.198ms
[2019-05-26T17:11:26.008+0300][40.880s][info][gc] GC(255) Pause Full (Allocation Failure) 343M->343M(494M) 388.214ms
[2019-05-26T17:11:26.008+0300][40.880s][info][gc] GC(254) Pause Young (Allocation Failure) 343M->343M(494M) 388.282ms
[2019-05-26T17:11:26.333+0300][41.205s][info][gc] GC(256) Pause Full (Allocation Failure) 494M->68M(494M) 152.479ms
[2019-05-26T17:11:26.502+0300][41.374s][info][gc] GC(257) Pause Young (Allocation Failure) 204M->204M(494M) 126.160ms
[2019-05-26T17:11:26.917+0300][41.789s][info][gc] GC(259) Pause Full (Allocation Failure) 341M->341M(494M) 371.923ms
[2019-05-26T17:11:26.917+0300][41.789s][info][gc] GC(258) Pause Young (Allocation Failure) 341M->341M(494M) 371.988ms
[2019-05-26T17:11:27.235+0300][42.108s][info][gc] GC(260) Pause Full (Allocation Failure) 494M->65M(494M) 152.371ms
[2019-05-26T17:11:27.405+0300][42.278s][info][gc] GC(261) Pause Young (Allocation Failure) 202M->202M(494M) 127.279ms
[2019-05-26T17:11:27.587+0300][42.459s][info][gc] GC(262) Pause Young (Allocation Failure) 338M->338M(494M) 139.621ms
[2019-05-26T17:11:27.784+0300][42.656s][info][gc] GC(264) Pause Full (Allocation Failure) 475M->43M(494M) 130.594ms
[2019-05-26T17:11:27.784+0300][42.656s][info][gc] GC(263) Pause Young (Allocation Failure) 475M->43M(494M) 130.672ms
[2019-05-26T17:11:27.959+0300][42.832s][info][gc] GC(265) Pause Young (Allocation Failure) 180M->180M(494M) 130.991ms
[2019-05-26T17:11:28.151+0300][43.023s][info][gc] GC(266) Pause Young (Allocation Failure) 316M->316M(494M) 147.029ms
[2019-05-26T17:11:28.340+0300][43.213s][info][gc] GC(268) Pause Full (Allocation Failure) 436M->1M(494M) 120.988ms
[2019-05-26T17:11:28.340+0300][43.213s][info][gc] GC(267) Pause Young (Allocation Failure) 436M->1M(494M) 121.061ms
[2019-05-26T17:11:28.476+0300][43.349s][info][gc] GC(269) Pause Young (Allocation Failure) 137M->137M(494M) 102.912ms
[2019-05-26T17:11:28.675+0300][43.548s][info][gc] GC(270) Pause Young (Allocation Failure) 274M->274M(494M) 155.540ms
[2019-05-26T17:11:29.189+0300][44.062s][info][gc] GC(272) Pause Full (Allocation Failure) 410M->410M(494M) 460.557ms
[2019-05-26T17:11:29.189+0300][44.062s][info][gc] GC(271) Pause Young (Allocation Failure) 410M->410M(494M) 460.630ms
[2019-05-26T17:11:29.498+0300][44.371s][info][gc] GC(273) Pause Full (Allocation Failure) 494M->58M(494M) 141.589ms
[2019-05-26T17:11:29.720+0300][44.593s][info][gc] GC(274) Pause Young (Allocation Failure) 195M->194M(494M) 164.664ms
[2019-05-26T17:11:29.906+0300][44.779s][info][gc] GC(275) Pause Young (Allocation Failure) 331M->331M(494M) 142.708ms
[2019-05-26T17:11:30.069+0300][44.942s][info][gc] GC(277) Pause Full (Allocation Failure) 442M->1M(494M) 96.575ms
[2019-05-26T17:11:30.069+0300][44.942s][info][gc] GC(276) Pause Young (Allocation Failure) 442M->1M(494M) 96.648ms
[2019-05-26T17:11:30.205+0300][45.078s][info][gc] GC(278) Pause Young (Allocation Failure) 137M->137M(494M) 102.194ms
[2019-05-26T17:11:30.392+0300][45.265s][info][gc] GC(279) Pause Young (Allocation Failure) 274M->274M(494M) 142.507ms
[2019-05-26T17:11:30.965+0300][45.838s][info][gc] GC(281) Pause Full (Allocation Failure) 410M->410M(494M) 525.400ms
[2019-05-26T17:11:30.965+0300][45.838s][info][gc] GC(280) Pause Young (Allocation Failure) 410M->410M(494M) 525.477ms
[2019-05-26T17:11:31.258+0300][46.131s][info][gc] GC(282) Pause Full (Allocation Failure) 494M->53M(494M) 143.052ms
[2019-05-26T17:11:31.437+0300][46.310s][info][gc] GC(283) Pause Young (Allocation Failure) 190M->190M(494M) 134.252ms
[2019-05-26T17:11:31.638+0300][46.511s][info][gc] GC(284) Pause Young (Allocation Failure) 326M->326M(494M) 153.214ms
[2019-05-26T17:11:31.809+0300][46.682s][info][gc] GC(286) Pause Full (Allocation Failure) 447M->1M(494M) 100.104ms
[2019-05-26T17:11:31.809+0300][46.682s][info][gc] GC(285) Pause Young (Allocation Failure) 447M->1M(494M) 100.178ms
[2019-05-26T17:11:31.949+0300][46.822s][info][gc] GC(287) Pause Young (Allocation Failure) 137M->137M(494M) 104.827ms
[2019-05-26T17:11:32.149+0300][47.022s][info][gc] GC(288) Pause Young (Allocation Failure) 274M->274M(494M) 151.127ms
[2019-05-26T17:11:32.659+0300][47.532s][info][gc] GC(290) Pause Full (Allocation Failure) 410M->410M(494M) 463.164ms
[2019-05-26T17:11:32.660+0300][47.532s][info][gc] GC(289) Pause Young (Allocation Failure) 410M->410M(494M) 463.245ms
[2019-05-26T17:11:32.827+0300][47.700s][info][gc] GC(291) Pause Full (Allocation Failure) 448M->1M(494M) 123.468ms
[2019-05-26T17:11:32.965+0300][47.838s][info][gc] GC(292) Pause Young (Allocation Failure) 137M->137M(494M) 102.477ms
[2019-05-26T17:11:33.162+0300][48.035s][info][gc] GC(293) Pause Young (Allocation Failure) 274M->274M(494M) 150.152ms
[2019-05-26T17:11:33.675+0300][48.548s][info][gc] GC(295) Pause Full (Allocation Failure) 410M->410M(494M) 465.833ms
[2019-05-26T17:11:33.675+0300][48.548s][info][gc] GC(294) Pause Young (Allocation Failure) 410M->410M(494M) 465.904ms
[2019-05-26T17:11:33.834+0300][48.707s][info][gc] GC(296) Pause Full (Allocation Failure) 451M->1M(494M) 115.523ms
[2019-05-26T17:11:33.971+0300][48.844s][info][gc] GC(297) Pause Young (Allocation Failure) 137M->137M(494M) 103.852ms
[2019-05-26T17:11:34.170+0300][49.043s][info][gc] GC(298) Pause Young (Allocation Failure) 274M->274M(494M) 154.347ms
[2019-05-26T17:11:34.678+0300][49.551s][info][gc] GC(300) Pause Full (Allocation Failure) 410M->410M(494M) 459.091ms
[2019-05-26T17:11:34.678+0300][49.551s][info][gc] GC(299) Pause Young (Allocation Failure) 410M->410M(494M) 459.161ms
[2019-05-26T17:11:34.832+0300][49.705s][info][gc] GC(301) Pause Full (Allocation Failure) 453M->1M(494M) 110.143ms
[2019-05-26T17:11:34.973+0300][49.846s][info][gc] GC(302) Pause Young (Allocation Failure) 137M->137M(494M) 108.386ms
[2019-05-26T17:11:35.174+0300][50.047s][info][gc] GC(303) Pause Young (Allocation Failure) 274M->274M(494M) 153.511ms
[2019-05-26T17:11:35.702+0300][50.575s][info][gc] GC(305) Pause Full (Allocation Failure) 410M->410M(494M) 483.252ms
[2019-05-26T17:11:35.702+0300][50.575s][info][gc] GC(304) Pause Young (Allocation Failure) 410M->410M(494M) 483.324ms
[2019-05-26T17:11:35.867+0300][50.740s][info][gc] GC(306) Pause Full (Allocation Failure) 456M->1M(494M) 120.113ms
[2019-05-26T17:11:36.011+0300][50.884s][info][gc] GC(307) Pause Young (Allocation Failure) 137M->137M(494M) 109.219ms
[2019-05-26T17:11:36.203+0300][51.076s][info][gc] GC(308) Pause Young (Allocation Failure) 274M->274M(494M) 147.233ms
[2019-05-26T17:11:36.718+0300][51.591s][info][gc] GC(310) Pause Full (Allocation Failure) 410M->410M(494M) 468.803ms
[2019-05-26T17:11:36.718+0300][51.591s][info][gc] GC(309) Pause Young (Allocation Failure) 410M->410M(494M) 468.880ms
[2019-05-26T17:11:36.876+0300][51.749s][info][gc] GC(311) Pause Full (Allocation Failure) 458M->1M(494M) 111.042ms
[2019-05-26T17:11:37.014+0300][51.887s][info][gc] GC(312) Pause Young (Allocation Failure) 137M->137M(494M) 104.087ms
[2019-05-26T17:11:37.212+0300][52.085s][info][gc] GC(313) Pause Young (Allocation Failure) 274M->274M(494M) 151.008ms
[2019-05-26T17:11:37.726+0300][52.599s][info][gc] GC(315) Pause Full (Allocation Failure) 410M->410M(494M) 466.532ms
[2019-05-26T17:11:37.726+0300][52.599s][info][gc] GC(314) Pause Young (Allocation Failure) 410M->410M(494M) 466.606ms
[2019-05-26T17:11:37.889+0300][52.762s][info][gc] GC(316) Pause Full (Allocation Failure) 461M->1M(494M) 116.604ms
[2019-05-26T17:11:38.037+0300][52.910s][info][gc] GC(317) Pause Young (Allocation Failure) 137M->137M(494M) 112.848ms
[2019-05-26T17:11:38.258+0300][53.131s][info][gc] GC(318) Pause Young (Allocation Failure) 274M->274M(494M) 171.780ms
[2019-05-26T17:11:38.786+0300][53.659s][info][gc] GC(320) Pause Full (Allocation Failure) 410M->410M(494M) 478.270ms
[2019-05-26T17:11:38.786+0300][53.659s][info][gc] GC(319) Pause Young (Allocation Failure) 410M->410M(494M) 478.345ms
[2019-05-26T17:11:38.937+0300][53.810s][info][gc] GC(321) Pause Full (Allocation Failure) 464M->1M(494M) 103.345ms
[2019-05-26T17:11:39.089+0300][53.962s][info][gc] GC(322) Pause Young (Allocation Failure) 137M->137M(494M) 118.451ms
[2019-05-26T17:11:39.293+0300][54.166s][info][gc] GC(323) Pause Young (Allocation Failure) 274M->274M(494M) 156.707ms
[2019-05-26T17:11:39.816+0300][54.689s][info][gc] GC(325) Pause Full (Allocation Failure) 410M->410M(494M) 474.589ms
[2019-05-26T17:11:39.816+0300][54.689s][info][gc] GC(324) Pause Young (Allocation Failure) 410M->410M(494M) 474.664ms
[2019-05-26T17:11:39.987+0300][54.860s][info][gc] GC(326) Pause Full (Allocation Failure) 466M->1M(494M) 119.964ms
[2019-05-26T17:11:40.123+0300][54.996s][info][gc] GC(327) Pause Young (Allocation Failure) 137M->137M(494M) 103.010ms
[2019-05-26T17:11:40.322+0300][55.195s][info][gc] GC(328) Pause Young (Allocation Failure) 274M->274M(494M) 151.182ms
[2019-05-26T17:11:40.832+0300][55.705s][info][gc] GC(330) Pause Full (Allocation Failure) 410M->410M(494M) 463.585ms
[2019-05-26T17:11:40.832+0300][55.705s][info][gc] GC(329) Pause Young (Allocation Failure) 410M->410M(494M) 463.658ms
[2019-05-26T17:11:41.006+0300][55.878s][info][gc] GC(331) Pause Full (Allocation Failure) 469M->1M(494M) 123.356ms
[2019-05-26T17:11:41.139+0300][56.011s][info][gc] GC(332) Pause Young (Allocation Failure) 137M->137M(494M) 100.831ms
[2019-05-26T17:11:41.329+0300][56.201s][info][gc] GC(333) Pause Young (Allocation Failure) 274M->274M(494M) 143.871ms
[2019-05-26T17:11:41.821+0300][56.693s][info][gc] GC(335) Pause Full (Allocation Failure) 410M->410M(494M) 446.205ms
[2019-05-26T17:11:41.821+0300][56.693s][info][gc] GC(334) Pause Young (Allocation Failure) 410M->410M(494M) 446.274ms
[2019-05-26T17:11:41.998+0300][56.871s][info][gc] GC(336) Pause Full (Allocation Failure) 471M->1M(494M) 126.782ms
[2019-05-26T17:11:42.130+0300][57.003s][info][gc] GC(337) Pause Young (Allocation Failure) 137M->137M(494M) 98.939ms
[2019-05-26T17:11:42.317+0300][57.190s][info][gc] GC(338) Pause Young (Allocation Failure) 274M->274M(494M) 142.341ms
[2019-05-26T17:11:42.805+0300][57.678s][info][gc] GC(340) Pause Full (Allocation Failure) 410M->410M(494M) 443.014ms
[2019-05-26T17:11:42.805+0300][57.678s][info][gc] GC(339) Pause Young (Allocation Failure) 410M->410M(494M) 443.083ms
[2019-05-26T17:11:42.967+0300][57.840s][info][gc] GC(341) Pause Full (Allocation Failure) 474M->1M(494M) 112.522ms
[2019-05-26T17:11:43.098+0300][57.971s][info][gc] GC(342) Pause Young (Allocation Failure) 137M->137M(494M) 98.362ms
[2019-05-26T17:11:43.284+0300][58.157s][info][gc] GC(343) Pause Young (Allocation Failure) 274M->274M(494M) 141.886ms
[2019-05-26T17:11:43.812+0300][58.685s][info][gc] GC(345) Pause Full (Allocation Failure) 410M->410M(494M) 466.826ms
[2019-05-26T17:11:43.812+0300][58.685s][info][gc] GC(344) Pause Young (Allocation Failure) 410M->410M(494M) 466.902ms
[2019-05-26T17:11:44.005+0300][58.878s][info][gc] GC(346) Pause Full (Allocation Failure) 477M->1M(494M) 140.908ms
[2019-05-26T17:11:44.137+0300][59.010s][info][gc] GC(347) Pause Young (Allocation Failure) 137M->137M(494M) 100.188ms
[2019-05-26T17:11:44.326+0300][59.199s][info][gc] GC(348) Pause Young (Allocation Failure) 274M->274M(494M) 144.483ms
[2019-05-26T17:11:44.826+0300][59.698s][info][gc] GC(350) Pause Full (Allocation Failure) 410M->410M(494M) 453.221ms
[2019-05-26T17:11:44.826+0300][59.698s][info][gc] GC(349) Pause Young (Allocation Failure) 410M->410M(494M) 453.390ms
[2019-05-26T17:11:45.027+0300][59.900s][info][gc] GC(351) Pause Full (Allocation Failure) 477M->1M(494M) 137.638ms
[2019-05-26T17:11:45.159+0300][60.032s][info][gc] GC(352) Pause Young (Allocation Failure) 137M->137M(494M) 99.967ms
[2019-05-26T17:11:45.347+0300][60.220s][info][gc] GC(353) Pause Young (Allocation Failure) 274M->274M(494M) 144.987ms
[2019-05-26T17:11:45.867+0300][60.740s][info][gc] GC(355) Pause Full (Allocation Failure) 410M->410M(494M) 474.389ms
[2019-05-26T17:11:45.867+0300][60.740s][info][gc] GC(354) Pause Young (Allocation Failure) 410M->410M(494M) 474.461ms
[2019-05-26T17:11:46.040+0300][60.914s][info][gc] GC(356) Pause Full (Allocation Failure) 479M->1M(494M) 108.504ms
[2019-05-26T17:11:46.177+0300][61.050s][info][gc] GC(357) Pause Young (Allocation Failure) 137M->137M(494M) 102.239ms
[2019-05-26T17:11:46.379+0300][61.252s][info][gc] GC(358) Pause Young (Allocation Failure) 274M->274M(494M) 150.083ms
[2019-05-26T17:11:46.900+0300][61.773s][info][gc] GC(360) Pause Full (Allocation Failure) 410M->410M(494M) 473.611ms
[2019-05-26T17:11:46.900+0300][61.773s][info][gc] GC(359) Pause Young (Allocation Failure) 410M->410M(494M) 473.688ms
[2019-05-26T17:11:47.118+0300][61.991s][info][gc] GC(361) Pause Full (Allocation Failure) 482M->1M(494M) 135.363ms
[2019-05-26T17:11:47.253+0300][62.126s][info][gc] GC(362) Pause Young (Allocation Failure) 137M->137M(494M) 100.951ms
[2019-05-26T17:11:47.443+0300][62.316s][info][gc] GC(363) Pause Young (Allocation Failure) 274M->274M(494M) 145.052ms
[2019-05-26T17:11:47.955+0300][62.828s][info][gc] GC(365) Pause Full (Allocation Failure) 410M->410M(494M) 466.378ms
[2019-05-26T17:11:47.955+0300][62.829s][info][gc] GC(364) Pause Young (Allocation Failure) 410M->410M(494M) 466.452ms
[2019-05-26T17:11:48.186+0300][63.058s][info][gc] GC(366) Pause Full (Allocation Failure) 484M->1M(494M) 131.413ms
[2019-05-26T17:11:48.317+0300][63.190s][info][gc] GC(367) Pause Young (Allocation Failure) 137M->137M(494M) 98.842ms
[2019-05-26T17:11:48.511+0300][63.384s][info][gc] GC(368) Pause Young (Allocation Failure) 274M->274M(494M) 146.007ms
[2019-05-26T17:11:49.025+0300][63.898s][info][gc] GC(370) Pause Full (Allocation Failure) 410M->410M(494M) 464.151ms
[2019-05-26T17:11:49.025+0300][63.898s][info][gc] GC(369) Pause Young (Allocation Failure) 410M->410M(494M) 464.221ms
[2019-05-26T17:11:49.257+0300][64.129s][info][gc] GC(371) Pause Full (Allocation Failure) 487M->1M(494M) 125.283ms
[2019-05-26T17:11:49.391+0300][64.264s][info][gc] GC(372) Pause Young (Allocation Failure) 137M->137M(494M) 101.820ms
[2019-05-26T17:11:49.591+0300][64.464s][info][gc] GC(373) Pause Young (Allocation Failure) 274M->274M(494M) 155.157ms
[2019-05-26T17:11:50.122+0300][64.994s][info][gc] GC(375) Pause Full (Allocation Failure) 410M->410M(494M) 484.856ms
[2019-05-26T17:11:50.122+0300][64.995s][info][gc] GC(374) Pause Young (Allocation Failure) 410M->410M(494M) 484.941ms
[2019-05-26T17:11:50.363+0300][65.236s][info][gc] GC(376) Pause Full (Allocation Failure) 489M->1M(494M) 112.351ms
[2019-05-26T17:11:50.503+0300][65.376s][info][gc] GC(377) Pause Young (Allocation Failure) 137M->137M(494M) 106.396ms
[2019-05-26T17:11:50.717+0300][65.590s][info][gc] GC(378) Pause Young (Allocation Failure) 274M->274M(494M) 163.994ms
[2019-05-26T17:11:51.350+0300][66.223s][info][gc] GC(380) Pause Full (Allocation Failure) 410M->410M(494M) 573.750ms
[2019-05-26T17:11:51.350+0300][66.223s][info][gc] GC(379) Pause Young (Allocation Failure) 410M->410M(494M) 573.830ms
[2019-05-26T17:11:51.685+0300][66.558s][info][gc] GC(381) Pause Full (Allocation Failure) 492M->1M(494M) 155.777ms
[2019-05-26T17:11:51.942+0300][66.815s][info][gc] GC(382) Pause Young (Allocation Failure) 137M->137M(494M) 188.147ms
[2019-05-26T17:11:52.204+0300][67.077s][info][gc] GC(383) Pause Young (Allocation Failure) 274M->274M(494M) 193.660ms
[2019-05-26T17:11:52.804+0300][67.677s][info][gc] GC(385) Pause Full (Allocation Failure) 410M->410M(494M) 544.244ms
[2019-05-26T17:11:52.804+0300][67.677s][info][gc] GC(384) Pause Young (Allocation Failure) 410M->410M(494M) 544.324ms
[2019-05-26T17:11:53.094+0300][67.967s][info][gc] GC(386) Pause Full (Allocation Failure) 494M->1M(494M) 118.271ms
[2019-05-26T17:11:53.235+0300][68.107s][info][gc] GC(387) Pause Young (Allocation Failure) 137M->137M(494M) 105.948ms
[2019-05-26T17:11:53.450+0300][68.323s][info][gc] GC(388) Pause Young (Allocation Failure) 274M->274M(494M) 163.498ms
[2019-05-26T17:11:53.980+0300][68.853s][info][gc] GC(390) Pause Full (Allocation Failure) 410M->410M(494M) 480.357ms
[2019-05-26T17:11:53.981+0300][68.853s][info][gc] GC(389) Pause Young (Allocation Failure) 410M->410M(494M) 480.436ms
[2019-05-26T17:11:54.656+0300][69.529s][info][gc] GC(391) Pause Full (Allocation Failure) 494M->494M(494M) 554.551ms
[2019-05-26T17:11:55.216+0300][70.089s][info][gc] GC(392) Pause Full (Allocation Failure) 494M->494M(494M) 560.061ms
[2019-05-26T17:11:55.935+0300][70.808s][info][gc] GC(393) Pause Full (Allocation Failure) 494M->494M(494M) 718.690ms
[2019-05-26T17:11:56.455+0300][71.328s][info][gc] GC(394) Pause Full (Allocation Failure) 494M->494M(494M) 519.551ms
[2019-05-26T17:11:56.961+0300][71.834s][info][gc] GC(395) Pause Full (Allocation Failure) 494M->494M(494M) 506.125ms
[2019-05-26T17:11:59.779+0300][74.652s][info][gc] GC(396) Pause Full (Allocation Failure) 494M->1M(494M) 119.621ms
